Copyright 1986-2022 Xilinx, Inc. All Rights Reserved. Copyright 2022-2024 Advanced Micro Devices, Inc. All Rights Reserved.
-----------------------------------------------------------------------------------------------------------------------------------------------------------------------------------
| Tool Version : Vivado v.2024.2.1 (win64) Build 5266912 Sun Dec 15 09:03:24 MST 2024
| Date         : Sun Mar 23 03:47:06 2025
| Host         : PKLT running 64-bit major release  (build 9200)
| Command      : report_methodology -file Top_UART_String_methodology_drc_routed.rpt -pb Top_UART_String_methodology_drc_routed.pb -rpx Top_UART_String_methodology_drc_routed.rpx
| Design       : Top_UART_String
| Device       : xc7a35tcpg236-1
| Speed File   : -1
| Design State : Fully Routed
-----------------------------------------------------------------------------------------------------------------------------------------------------------------------------------

Report Methodology

Table of Contents
-----------------
1. REPORT SUMMARY
2. REPORT DETAILS

1. REPORT SUMMARY
-----------------
            Netlist: netlist
          Floorplan: design_1
      Design limits: <entire design considered>
             Max checks: <unlimited>
             Checks found: 12
+-----------+----------+--------------------------------+--------+
| Rule      | Severity | Description                    | Checks |
+-----------+----------+--------------------------------+--------+
| TIMING-18 | Warning  | Missing input or output delay  | 3      |
| TIMING-20 | Warning  | Non-clocked latch              | 8      |
| LATCH-1   | Advisory | Existing latches in the design | 1      |
+-----------+----------+--------------------------------+--------+

2. REPORT DETAILS
-----------------
TIMING-18#1 Warning
Missing input or output delay  
An input delay is missing on rst relative to the rising and/or falling clock edge(s) of sys_clk_pin.
Related violations: <none>

TIMING-18#2 Warning
Missing input or output delay  
An input delay is missing on rx relative to the rising and/or falling clock edge(s) of sys_clk_pin.
Related violations: <none>

TIMING-18#3 Warning
Missing input or output delay  
An output delay is missing on tx relative to the rising and/or falling clock edge(s) of sys_clk_pin.
Related violations: <none>

TIMING-20#1 Warning
Non-clocked latch  
The latch U_UART/U_Tx/temp_data_next_reg[0] cannot be properly analyzed as its control pin U_UART/U_Tx/temp_data_next_reg[0]/G is not reached by a timing clock
Related violations: <none>

TIMING-20#2 Warning
Non-clocked latch  
The latch U_UART/U_Tx/temp_data_next_reg[1] cannot be properly analyzed as its control pin U_UART/U_Tx/temp_data_next_reg[1]/G is not reached by a timing clock
Related violations: <none>

TIMING-20#3 Warning
Non-clocked latch  
The latch U_UART/U_Tx/temp_data_next_reg[2] cannot be properly analyzed as its control pin U_UART/U_Tx/temp_data_next_reg[2]/G is not reached by a timing clock
Related violations: <none>

TIMING-20#4 Warning
Non-clocked latch  
The latch U_UART/U_Tx/temp_data_next_reg[3] cannot be properly analyzed as its control pin U_UART/U_Tx/temp_data_next_reg[3]/G is not reached by a timing clock
Related violations: <none>

TIMING-20#5 Warning
Non-clocked latch  
The latch U_UART/U_Tx/temp_data_next_reg[4] cannot be properly analyzed as its control pin U_UART/U_Tx/temp_data_next_reg[4]/G is not reached by a timing clock
Related violations: <none>

TIMING-20#6 Warning
Non-clocked latch  
The latch U_UART/U_Tx/temp_data_next_reg[5] cannot be properly analyzed as its control pin U_UART/U_Tx/temp_data_next_reg[5]/G is not reached by a timing clock
Related violations: <none>

TIMING-20#7 Warning
Non-clocked latch  
The latch U_UART/U_Tx/temp_data_next_reg[6] cannot be properly analyzed as its control pin U_UART/U_Tx/temp_data_next_reg[6]/G is not reached by a timing clock
Related violations: <none>

TIMING-20#8 Warning
Non-clocked latch  
The latch U_UART/U_Tx/temp_data_next_reg[7] cannot be properly analyzed as its control pin U_UART/U_Tx/temp_data_next_reg[7]/G is not reached by a timing clock
Related violations: <none>

LATCH-1#1 Advisory
Existing latches in the design  
There are 8 latches found in the design. Inferred latches are often the result of HDL coding mistakes, such as incomplete if or case statements.
Related violations: <none>


