Copyright 1986-2022 Xilinx, Inc. All Rights Reserved. Copyright 2022-2024 Advanced Micro Devices, Inc. All Rights Reserved.
---------------------------------------------------------------------------------------------------------------------------------------------
| Tool Version : Vivado v.2024.2.1 (win64) Build 5266912 Sun Dec 15 09:03:24 MST 2024
| Date         : Sun Mar 23 03:47:03 2025
| Host         : PKLT running 64-bit major release  (build 9200)
| Command      : report_drc -file Top_UART_String_drc_routed.rpt -pb Top_UART_String_drc_routed.pb -rpx Top_UART_String_drc_routed.rpx
| Design       : Top_UART_String
| Device       : xc7a35tcpg236-1
| Speed File   : -1
| Design State : Fully Routed
---------------------------------------------------------------------------------------------------------------------------------------------

Report DRC

Table of Contents
-----------------
1. REPORT SUMMARY
2. REPORT DETAILS

1. REPORT SUMMARY
-----------------
            Netlist: netlist
          Floorplan: design_1
      Design limits: <entire design considered>
           Ruledeck: default
             Max checks: <unlimited>
             Checks found: 1
+----------+----------+-------------------+--------+
| Rule     | Severity | Description       | Checks |
+----------+----------+-------------------+--------+
| PDRC-153 | Warning  | Gated clock check | 1      |
+----------+----------+-------------------+--------+

2. REPORT DETAILS
-----------------
PDRC-153#1 Warning
Gated clock check  
Net U_UART/U_Tx/temp_data_next__0 is a gated clock net sourced by a combinational pin U_UART/U_Tx/temp_data_next_reg[7]_i_1/O, cell U_UART/U_Tx/temp_data_next_reg[7]_i_1. This is not good design practice and will likely impact performance. For SLICE registers, for example, use the CE pin to control the loading of data.
Related violations: <none>


