Copyright 1986-2022 Xilinx, Inc. All Rights Reserved. Copyright 2022-2024 Advanced Micro Devices, Inc. All Rights Reserved.
--------------------------------------------------------------------------------------------------------------------------------------------------------------------------------------------------------------------
| Tool Version : Vivado v.2024.2.1 (win64) Build 5266912 Sun Dec 15 09:03:24 MST 2024
| Date         : Sun Mar 23 03:47:06 2025
| Host         : PKLT running 64-bit major release  (build 9200)
| Command      : report_timing_summary -max_paths 10 -file Top_UART_String_timing_summary_routed.rpt -pb Top_UART_String_timing_summary_routed.pb -rpx Top_UART_String_timing_summary_routed.rpx -warn_on_violation
| Design       : Top_UART_String
| Device       : 7a35t-cpg236
| Speed File   : -1  PRODUCTION 1.23 2018-06-13
| Design State : Routed
--------------------------------------------------------------------------------------------------------------------------------------------------------------------------------------------------------------------

Timing Summary Report

------------------------------------------------------------------------------------------------
| Timer Settings
| --------------
------------------------------------------------------------------------------------------------

  Enable Multi Corner Analysis               :  Yes
  Enable Pessimism Removal                   :  Yes
  Pessimism Removal Resolution               :  Nearest Common Node
  Enable Input Delay Default Clock           :  No
  Enable Preset / Clear Arcs                 :  No
  Disable Flight Delays                      :  No
  Ignore I/O Paths                           :  No
  Timing Early Launch at Borrowing Latches   :  No
  Borrow Time for Max Delay Exceptions       :  Yes
  Merge Timing Exceptions                    :  Yes
  Inter-SLR Compensation                     :  Conservative

  Corner  Analyze    Analyze    
  Name    Max Paths  Min Paths  
  ------  ---------  ---------  
  Slow    Yes        Yes        
  Fast    Yes        Yes        


------------------------------------------------------------------------------------------------
| Report Methodology
| ------------------
------------------------------------------------------------------------------------------------

Rule       Severity  Description                     Violations  
---------  --------  ------------------------------  ----------  
TIMING-18  Warning   Missing input or output delay   3           
TIMING-20  Warning   Non-clocked latch               8           
LATCH-1    Advisory  Existing latches in the design  1           

Note: This report is based on the most recent report_methodology run and may not be up-to-date. Run report_methodology on the current design for the latest report.



check_timing report

Table of Contents
-----------------
1. checking no_clock (24)
2. checking constant_clock (0)
3. checking pulse_width_clock (0)
4. checking unconstrained_internal_endpoints (8)
5. checking no_input_delay (2)
6. checking no_output_delay (1)
7. checking multiple_clock (0)
8. checking generated_clocks (0)
9. checking loops (0)
10. checking partial_input_delay (0)
11. checking partial_output_delay (0)
12. checking latch_loops (0)

1. checking no_clock (24)
-------------------------
 There are 8 register/latch pins with no clock driven by root clock pin: U_Tx_Mem/ufifo_cu/empty_reg_reg/Q (HIGH)

 There are 8 register/latch pins with no clock driven by root clock pin: U_UART/U_Tx/FSM_sequential_state_reg[0]/Q (HIGH)

 There are 8 register/latch pins with no clock driven by root clock pin: U_UART/U_Tx/FSM_sequential_state_reg[1]/Q (HIGH)


2. checking constant_clock (0)
------------------------------
 There are 0 register/latch pins with constant_clock.


3. checking pulse_width_clock (0)
---------------------------------
 There are 0 register/latch pins which need pulse_width check


4. checking unconstrained_internal_endpoints (8)
------------------------------------------------
 There are 8 pins that are not constrained for maximum delay. (HIGH)

 There are 0 pins that are not constrained for maximum delay due to constant clock.


5. checking no_input_delay (2)
------------------------------
 There are 2 input ports with no input delay specified. (HIGH)

 There are 0 input ports with no input delay but user has a false path constraint.


6. checking no_output_delay (1)
-------------------------------
 There is 1 port with no output delay specified. (HIGH)

 There are 0 ports with no output delay but user has a false path constraint

 There are 0 ports with no output delay but with a timing clock defined on it or propagating through it


7. checking multiple_clock (0)
------------------------------
 There are 0 register/latch pins with multiple clocks.


8. checking generated_clocks (0)
--------------------------------
 There are 0 generated clocks that are not connected to a clock source.


9. checking loops (0)
---------------------
 There are 0 combinational loops in the design.


10. checking partial_input_delay (0)
------------------------------------
 There are 0 input ports with partial input delay specified.


11. checking partial_output_delay (0)
-------------------------------------
 There are 0 ports with partial output delay specified.


12. checking latch_loops (0)
----------------------------
 There are 0 combinational latch loops in the design through latch input



------------------------------------------------------------------------------------------------
| Design Timing Summary
| ---------------------
------------------------------------------------------------------------------------------------

    WNS(ns)      TNS(ns)  TNS Failing Endpoints  TNS Total Endpoints      WHS(ns)      THS(ns)  THS Failing Endpoints  THS Total Endpoints     WPWS(ns)     TPWS(ns)  TPWS Failing Endpoints  TPWS Total Endpoints  
    -------      -------  ---------------------  -------------------      -------      -------  ---------------------  -------------------     --------     --------  ----------------------  --------------------  
      5.356        0.000                      0                  234        0.024        0.000                      0                  234        3.750        0.000                       0                    96  


All user specified timing constraints are met.


------------------------------------------------------------------------------------------------
| Clock Summary
| -------------
------------------------------------------------------------------------------------------------

Clock        Waveform(ns)       Period(ns)      Frequency(MHz)
-----        ------------       ----------      --------------
sys_clk_pin  {0.000 5.000}      10.000          100.000         


------------------------------------------------------------------------------------------------
| Intra Clock Table
| -----------------
------------------------------------------------------------------------------------------------

Clock             WNS(ns)      TNS(ns)  TNS Failing Endpoints  TNS Total Endpoints      WHS(ns)      THS(ns)  THS Failing Endpoints  THS Total Endpoints     WPWS(ns)     TPWS(ns)  TPWS Failing Endpoints  TPWS Total Endpoints  
-----             -------      -------  ---------------------  -------------------      -------      -------  ---------------------  -------------------     --------     --------  ----------------------  --------------------  
sys_clk_pin         5.356        0.000                      0                  234        0.024        0.000                      0                  234        3.750        0.000                       0                    96  


------------------------------------------------------------------------------------------------
| Inter Clock Table
| -----------------
------------------------------------------------------------------------------------------------

From Clock    To Clock          WNS(ns)      TNS(ns)  TNS Failing Endpoints  TNS Total Endpoints      WHS(ns)      THS(ns)  THS Failing Endpoints  THS Total Endpoints  
----------    --------          -------      -------  ---------------------  -------------------      -------      -------  ---------------------  -------------------  


------------------------------------------------------------------------------------------------
| Other Path Groups Table
| -----------------------
------------------------------------------------------------------------------------------------

Path Group    From Clock    To Clock          WNS(ns)      TNS(ns)  TNS Failing Endpoints  TNS Total Endpoints      WHS(ns)      THS(ns)  THS Failing Endpoints  THS Total Endpoints  
----------    ----------    --------          -------      -------  ---------------------  -------------------      -------      -------  ---------------------  -------------------  


------------------------------------------------------------------------------------------------
| Timing Details
| --------------
------------------------------------------------------------------------------------------------


---------------------------------------------------------------------------------------------------
From Clock:  sys_clk_pin
  To Clock:  sys_clk_pin

Setup :            0  Failing Endpoints,  Worst Slack        5.356ns,  Total Violation        0.000ns
Hold  :            0  Failing Endpoints,  Worst Slack        0.024ns,  Total Violation        0.000ns
PW    :            0  Failing Endpoints,  Worst Slack        3.750ns,  Total Violation        0.000ns
---------------------------------------------------------------------------------------------------


Max Delay Paths
--------------------------------------------------------------------------------------
Slack (MET) :             5.356ns  (required time - arrival time)
  Source:                 U_UART/U_btn_Debounce/tick_reg_reg/C
                            (rising edge-triggered cell FDCE clocked by sys_clk_pin  {rise@0.000ns fall@5.000ns period=10.000ns})
  Destination:            U_UART/U_Rx/data_reg[5]/CE
                            (rising edge-triggered cell FDCE clocked by sys_clk_pin  {rise@0.000ns fall@5.000ns period=10.000ns})
  Path Group:             sys_clk_pin
  Path Type:              Setup (Max at Slow Process Corner)
  Requirement:            10.000ns  (sys_clk_pin rise@10.000ns - sys_clk_pin rise@0.000ns)
  Data Path Delay:        4.160ns  (logic 1.387ns (33.342%)  route 2.773ns (66.658%))
  Logic Levels:           3  (LUT4=2 LUT5=1)
  Clock Path Skew:        -0.041ns (DCD - SCD + CPR)
    Destination Clock Delay (DCD):    5.021ns = ( 15.021 - 10.000 ) 
    Source Clock Delay      (SCD):    5.329ns
    Clock Pessimism Removal (CPR):    0.267ns
  Clock Uncertainty:      0.035ns  ((TSJ^2 + TIJ^2)^1/2 + DJ) / 2 + PE
    Total System Jitter     (TSJ):    0.071ns
    Total Input Jitter      (TIJ):    0.000ns
    Discrete Jitter          (DJ):    0.000ns
    Phase Error              (PE):    0.000ns

    Location             Delay type                Incr(ns)  Path(ns)    Netlist Resource(s)
  -------------------------------------------------------------------    -------------------
                         (clock sys_clk_pin rise edge)
                                                      0.000     0.000 r  
    W5                                                0.000     0.000 r  clk (IN)
                         net (fo=0)                   0.000     0.000    clk
    W5                   IBUF (Prop_ibuf_I_O)         1.458     1.458 r  clk_IBUF_inst/O
                         net (fo=1, routed)           1.967     3.425    clk_IBUF
    BUFGCTRL_X0Y0        BUFG (Prop_bufg_I_O)         0.096     3.521 r  clk_IBUF_BUFG_inst/O
                         net (fo=95, routed)          1.808     5.329    U_UART/U_btn_Debounce/clk_IBUF_BUFG
    SLICE_X6Y106         FDCE                                         r  U_UART/U_btn_Debounce/tick_reg_reg/C
  -------------------------------------------------------------------    -------------------
    SLICE_X6Y106         FDCE (Prop_fdce_C_Q)         0.518     5.847 r  U_UART/U_btn_Debounce/tick_reg_reg/Q
                         net (fo=11, routed)          0.956     6.803    U_UART/U_Rx/tick
    SLICE_X4Y111         LUT4 (Prop_lut4_I2_O)        0.152     6.955 f  U_UART/U_Rx/data[7]_i_2/O
                         net (fo=2, routed)           0.666     7.621    U_UART/U_Rx/data[7]_i_2_n_0
    SLICE_X4Y110         LUT4 (Prop_lut4_I0_O)        0.361     7.982 f  U_UART/U_Rx/data[6]_i_2/O
                         net (fo=7, routed)           0.682     8.664    U_UART/U_Rx/data[6]_i_2_n_0
    SLICE_X3Y110         LUT5 (Prop_lut5_I0_O)        0.356     9.020 r  U_UART/U_Rx/data[5]_i_1/O
                         net (fo=1, routed)           0.469     9.489    U_UART/U_Rx/data_next[5]
    SLICE_X1Y111         FDCE                                         r  U_UART/U_Rx/data_reg[5]/CE
  -------------------------------------------------------------------    -------------------

                         (clock sys_clk_pin rise edge)
                                                     10.000    10.000 r  
    W5                                                0.000    10.000 r  clk (IN)
                         net (fo=0)                   0.000    10.000    clk
    W5                   IBUF (Prop_ibuf_I_O)         1.388    11.388 r  clk_IBUF_inst/O
                         net (fo=1, routed)           1.862    13.250    clk_IBUF
    BUFGCTRL_X0Y0        BUFG (Prop_bufg_I_O)         0.091    13.341 r  clk_IBUF_BUFG_inst/O
                         net (fo=95, routed)          1.680    15.021    U_UART/U_Rx/clk_IBUF_BUFG
    SLICE_X1Y111         FDCE                                         r  U_UART/U_Rx/data_reg[5]/C
                         clock pessimism              0.267    15.288    
                         clock uncertainty           -0.035    15.253    
    SLICE_X1Y111         FDCE (Setup_fdce_C_CE)      -0.408    14.845    U_UART/U_Rx/data_reg[5]
  -------------------------------------------------------------------
                         required time                         14.845    
                         arrival time                          -9.489    
  -------------------------------------------------------------------
                         slack                                  5.356    

Slack (MET) :             5.445ns  (required time - arrival time)
  Source:                 U_UART/U_btn_Debounce/tick_reg_reg/C
                            (rising edge-triggered cell FDCE clocked by sys_clk_pin  {rise@0.000ns fall@5.000ns period=10.000ns})
  Destination:            U_UART/U_Rx/data_reg[4]/CE
                            (rising edge-triggered cell FDCE clocked by sys_clk_pin  {rise@0.000ns fall@5.000ns period=10.000ns})
  Path Group:             sys_clk_pin
  Path Type:              Setup (Max at Slow Process Corner)
  Requirement:            10.000ns  (sys_clk_pin rise@10.000ns - sys_clk_pin rise@0.000ns)
  Data Path Delay:        4.103ns  (logic 1.384ns (33.734%)  route 2.719ns (66.266%))
  Logic Levels:           3  (LUT4=2 LUT5=1)
  Clock Path Skew:        -0.040ns (DCD - SCD + CPR)
    Destination Clock Delay (DCD):    5.022ns = ( 15.022 - 10.000 ) 
    Source Clock Delay      (SCD):    5.329ns
    Clock Pessimism Removal (CPR):    0.267ns
  Clock Uncertainty:      0.035ns  ((TSJ^2 + TIJ^2)^1/2 + DJ) / 2 + PE
    Total System Jitter     (TSJ):    0.071ns
    Total Input Jitter      (TIJ):    0.000ns
    Discrete Jitter          (DJ):    0.000ns
    Phase Error              (PE):    0.000ns

    Location             Delay type                Incr(ns)  Path(ns)    Netlist Resource(s)
  -------------------------------------------------------------------    -------------------
                         (clock sys_clk_pin rise edge)
                                                      0.000     0.000 r  
    W5                                                0.000     0.000 r  clk (IN)
                         net (fo=0)                   0.000     0.000    clk
    W5                   IBUF (Prop_ibuf_I_O)         1.458     1.458 r  clk_IBUF_inst/O
                         net (fo=1, routed)           1.967     3.425    clk_IBUF
    BUFGCTRL_X0Y0        BUFG (Prop_bufg_I_O)         0.096     3.521 r  clk_IBUF_BUFG_inst/O
                         net (fo=95, routed)          1.808     5.329    U_UART/U_btn_Debounce/clk_IBUF_BUFG
    SLICE_X6Y106         FDCE                                         r  U_UART/U_btn_Debounce/tick_reg_reg/C
  -------------------------------------------------------------------    -------------------
    SLICE_X6Y106         FDCE (Prop_fdce_C_Q)         0.518     5.847 r  U_UART/U_btn_Debounce/tick_reg_reg/Q
                         net (fo=11, routed)          0.956     6.803    U_UART/U_Rx/tick
    SLICE_X4Y111         LUT4 (Prop_lut4_I2_O)        0.152     6.955 f  U_UART/U_Rx/data[7]_i_2/O
                         net (fo=2, routed)           0.666     7.621    U_UART/U_Rx/data[7]_i_2_n_0
    SLICE_X4Y110         LUT4 (Prop_lut4_I0_O)        0.361     7.982 f  U_UART/U_Rx/data[6]_i_2/O
                         net (fo=7, routed)           0.620     8.601    U_UART/U_Rx/data[6]_i_2_n_0
    SLICE_X3Y110         LUT5 (Prop_lut5_I1_O)        0.353     8.954 r  U_UART/U_Rx/data[4]_i_1/O
                         net (fo=1, routed)           0.478     9.432    U_UART/U_Rx/data_next[4]
    SLICE_X2Y109         FDCE                                         r  U_UART/U_Rx/data_reg[4]/CE
  -------------------------------------------------------------------    -------------------

                         (clock sys_clk_pin rise edge)
                                                     10.000    10.000 r  
    W5                                                0.000    10.000 r  clk (IN)
                         net (fo=0)                   0.000    10.000    clk
    W5                   IBUF (Prop_ibuf_I_O)         1.388    11.388 r  clk_IBUF_inst/O
                         net (fo=1, routed)           1.862    13.250    clk_IBUF
    BUFGCTRL_X0Y0        BUFG (Prop_bufg_I_O)         0.091    13.341 r  clk_IBUF_BUFG_inst/O
                         net (fo=95, routed)          1.681    15.022    U_UART/U_Rx/clk_IBUF_BUFG
    SLICE_X2Y109         FDCE                                         r  U_UART/U_Rx/data_reg[4]/C
                         clock pessimism              0.267    15.289    
                         clock uncertainty           -0.035    15.254    
    SLICE_X2Y109         FDCE (Setup_fdce_C_CE)      -0.377    14.877    U_UART/U_Rx/data_reg[4]
  -------------------------------------------------------------------
                         required time                         14.877    
                         arrival time                          -9.432    
  -------------------------------------------------------------------
                         slack                                  5.445    

Slack (MET) :             5.591ns  (required time - arrival time)
  Source:                 U_UART/U_btn_Debounce/tick_reg_reg/C
                            (rising edge-triggered cell FDCE clocked by sys_clk_pin  {rise@0.000ns fall@5.000ns period=10.000ns})
  Destination:            U_UART/U_Rx/data_reg[0]/CE
                            (rising edge-triggered cell FDCE clocked by sys_clk_pin  {rise@0.000ns fall@5.000ns period=10.000ns})
  Path Group:             sys_clk_pin
  Path Type:              Setup (Max at Slow Process Corner)
  Requirement:            10.000ns  (sys_clk_pin rise@10.000ns - sys_clk_pin rise@0.000ns)
  Data Path Delay:        3.962ns  (logic 1.384ns (34.935%)  route 2.578ns (65.065%))
  Logic Levels:           3  (LUT4=2 LUT5=1)
  Clock Path Skew:        -0.041ns (DCD - SCD + CPR)
    Destination Clock Delay (DCD):    5.021ns = ( 15.021 - 10.000 ) 
    Source Clock Delay      (SCD):    5.329ns
    Clock Pessimism Removal (CPR):    0.267ns
  Clock Uncertainty:      0.035ns  ((TSJ^2 + TIJ^2)^1/2 + DJ) / 2 + PE
    Total System Jitter     (TSJ):    0.071ns
    Total Input Jitter      (TIJ):    0.000ns
    Discrete Jitter          (DJ):    0.000ns
    Phase Error              (PE):    0.000ns

    Location             Delay type                Incr(ns)  Path(ns)    Netlist Resource(s)
  -------------------------------------------------------------------    -------------------
                         (clock sys_clk_pin rise edge)
                                                      0.000     0.000 r  
    W5                                                0.000     0.000 r  clk (IN)
                         net (fo=0)                   0.000     0.000    clk
    W5                   IBUF (Prop_ibuf_I_O)         1.458     1.458 r  clk_IBUF_inst/O
                         net (fo=1, routed)           1.967     3.425    clk_IBUF
    BUFGCTRL_X0Y0        BUFG (Prop_bufg_I_O)         0.096     3.521 r  clk_IBUF_BUFG_inst/O
                         net (fo=95, routed)          1.808     5.329    U_UART/U_btn_Debounce/clk_IBUF_BUFG
    SLICE_X6Y106         FDCE                                         r  U_UART/U_btn_Debounce/tick_reg_reg/C
  -------------------------------------------------------------------    -------------------
    SLICE_X6Y106         FDCE (Prop_fdce_C_Q)         0.518     5.847 r  U_UART/U_btn_Debounce/tick_reg_reg/Q
                         net (fo=11, routed)          0.956     6.803    U_UART/U_Rx/tick
    SLICE_X4Y111         LUT4 (Prop_lut4_I2_O)        0.152     6.955 f  U_UART/U_Rx/data[7]_i_2/O
                         net (fo=2, routed)           0.666     7.621    U_UART/U_Rx/data[7]_i_2_n_0
    SLICE_X4Y110         LUT4 (Prop_lut4_I0_O)        0.361     7.982 f  U_UART/U_Rx/data[6]_i_2/O
                         net (fo=7, routed)           0.622     8.603    U_UART/U_Rx/data[6]_i_2_n_0
    SLICE_X3Y110         LUT5 (Prop_lut5_I1_O)        0.353     8.956 r  U_UART/U_Rx/data[0]_i_1/O
                         net (fo=1, routed)           0.335     9.291    U_UART/U_Rx/data_next[0]
    SLICE_X2Y111         FDCE                                         r  U_UART/U_Rx/data_reg[0]/CE
  -------------------------------------------------------------------    -------------------

                         (clock sys_clk_pin rise edge)
                                                     10.000    10.000 r  
    W5                                                0.000    10.000 r  clk (IN)
                         net (fo=0)                   0.000    10.000    clk
    W5                   IBUF (Prop_ibuf_I_O)         1.388    11.388 r  clk_IBUF_inst/O
                         net (fo=1, routed)           1.862    13.250    clk_IBUF
    BUFGCTRL_X0Y0        BUFG (Prop_bufg_I_O)         0.091    13.341 r  clk_IBUF_BUFG_inst/O
                         net (fo=95, routed)          1.680    15.021    U_UART/U_Rx/clk_IBUF_BUFG
    SLICE_X2Y111         FDCE                                         r  U_UART/U_Rx/data_reg[0]/C
                         clock pessimism              0.267    15.288    
                         clock uncertainty           -0.035    15.253    
    SLICE_X2Y111         FDCE (Setup_fdce_C_CE)      -0.371    14.882    U_UART/U_Rx/data_reg[0]
  -------------------------------------------------------------------
                         required time                         14.882    
                         arrival time                          -9.291    
  -------------------------------------------------------------------
                         slack                                  5.591    

Slack (MET) :             5.647ns  (required time - arrival time)
  Source:                 U_UART/U_btn_Debounce/tick_reg_reg/C
                            (rising edge-triggered cell FDCE clocked by sys_clk_pin  {rise@0.000ns fall@5.000ns period=10.000ns})
  Destination:            U_UART/U_Rx/data_reg[3]/CE
                            (rising edge-triggered cell FDCE clocked by sys_clk_pin  {rise@0.000ns fall@5.000ns period=10.000ns})
  Path Group:             sys_clk_pin
  Path Type:              Setup (Max at Slow Process Corner)
  Requirement:            10.000ns  (sys_clk_pin rise@10.000ns - sys_clk_pin rise@0.000ns)
  Data Path Delay:        4.072ns  (logic 1.358ns (33.349%)  route 2.714ns (66.651%))
  Logic Levels:           3  (LUT4=2 LUT5=1)
  Clock Path Skew:        -0.041ns (DCD - SCD + CPR)
    Destination Clock Delay (DCD):    5.021ns = ( 15.021 - 10.000 ) 
    Source Clock Delay      (SCD):    5.329ns
    Clock Pessimism Removal (CPR):    0.267ns
  Clock Uncertainty:      0.035ns  ((TSJ^2 + TIJ^2)^1/2 + DJ) / 2 + PE
    Total System Jitter     (TSJ):    0.071ns
    Total Input Jitter      (TIJ):    0.000ns
    Discrete Jitter          (DJ):    0.000ns
    Phase Error              (PE):    0.000ns

    Location             Delay type                Incr(ns)  Path(ns)    Netlist Resource(s)
  -------------------------------------------------------------------    -------------------
                         (clock sys_clk_pin rise edge)
                                                      0.000     0.000 r  
    W5                                                0.000     0.000 r  clk (IN)
                         net (fo=0)                   0.000     0.000    clk
    W5                   IBUF (Prop_ibuf_I_O)         1.458     1.458 r  clk_IBUF_inst/O
                         net (fo=1, routed)           1.967     3.425    clk_IBUF
    BUFGCTRL_X0Y0        BUFG (Prop_bufg_I_O)         0.096     3.521 r  clk_IBUF_BUFG_inst/O
                         net (fo=95, routed)          1.808     5.329    U_UART/U_btn_Debounce/clk_IBUF_BUFG
    SLICE_X6Y106         FDCE                                         r  U_UART/U_btn_Debounce/tick_reg_reg/C
  -------------------------------------------------------------------    -------------------
    SLICE_X6Y106         FDCE (Prop_fdce_C_Q)         0.518     5.847 r  U_UART/U_btn_Debounce/tick_reg_reg/Q
                         net (fo=11, routed)          0.956     6.803    U_UART/U_Rx/tick
    SLICE_X4Y111         LUT4 (Prop_lut4_I2_O)        0.152     6.955 f  U_UART/U_Rx/data[7]_i_2/O
                         net (fo=2, routed)           0.666     7.621    U_UART/U_Rx/data[7]_i_2_n_0
    SLICE_X4Y110         LUT4 (Prop_lut4_I0_O)        0.361     7.982 f  U_UART/U_Rx/data[6]_i_2/O
                         net (fo=7, routed)           0.622     8.603    U_UART/U_Rx/data[6]_i_2_n_0
    SLICE_X3Y110         LUT5 (Prop_lut5_I4_O)        0.327     8.930 r  U_UART/U_Rx/data[3]_i_1/O
                         net (fo=1, routed)           0.471     9.401    U_UART/U_Rx/data_next[3]
    SLICE_X3Y111         FDCE                                         r  U_UART/U_Rx/data_reg[3]/CE
  -------------------------------------------------------------------    -------------------

                         (clock sys_clk_pin rise edge)
                                                     10.000    10.000 r  
    W5                                                0.000    10.000 r  clk (IN)
                         net (fo=0)                   0.000    10.000    clk
    W5                   IBUF (Prop_ibuf_I_O)         1.388    11.388 r  clk_IBUF_inst/O
                         net (fo=1, routed)           1.862    13.250    clk_IBUF
    BUFGCTRL_X0Y0        BUFG (Prop_bufg_I_O)         0.091    13.341 r  clk_IBUF_BUFG_inst/O
                         net (fo=95, routed)          1.680    15.021    U_UART/U_Rx/clk_IBUF_BUFG
    SLICE_X3Y111         FDCE                                         r  U_UART/U_Rx/data_reg[3]/C
                         clock pessimism              0.267    15.288    
                         clock uncertainty           -0.035    15.253    
    SLICE_X3Y111         FDCE (Setup_fdce_C_CE)      -0.205    15.048    U_UART/U_Rx/data_reg[3]
  -------------------------------------------------------------------
                         required time                         15.048    
                         arrival time                          -9.401    
  -------------------------------------------------------------------
                         slack                                  5.647    

Slack (MET) :             5.715ns  (required time - arrival time)
  Source:                 U_UART/U_btn_Debounce/tick_reg_reg/C
                            (rising edge-triggered cell FDCE clocked by sys_clk_pin  {rise@0.000ns fall@5.000ns period=10.000ns})
  Destination:            U_UART/U_Rx/data_reg[2]/CE
                            (rising edge-triggered cell FDCE clocked by sys_clk_pin  {rise@0.000ns fall@5.000ns period=10.000ns})
  Path Group:             sys_clk_pin
  Path Type:              Setup (Max at Slow Process Corner)
  Requirement:            10.000ns  (sys_clk_pin rise@10.000ns - sys_clk_pin rise@0.000ns)
  Data Path Delay:        4.041ns  (logic 1.358ns (33.605%)  route 2.683ns (66.395%))
  Logic Levels:           3  (LUT4=2 LUT5=1)
  Clock Path Skew:        -0.040ns (DCD - SCD + CPR)
    Destination Clock Delay (DCD):    5.022ns = ( 15.022 - 10.000 ) 
    Source Clock Delay      (SCD):    5.329ns
    Clock Pessimism Removal (CPR):    0.267ns
  Clock Uncertainty:      0.035ns  ((TSJ^2 + TIJ^2)^1/2 + DJ) / 2 + PE
    Total System Jitter     (TSJ):    0.071ns
    Total Input Jitter      (TIJ):    0.000ns
    Discrete Jitter          (DJ):    0.000ns
    Phase Error              (PE):    0.000ns

    Location             Delay type                Incr(ns)  Path(ns)    Netlist Resource(s)
  -------------------------------------------------------------------    -------------------
                         (clock sys_clk_pin rise edge)
                                                      0.000     0.000 r  
    W5                                                0.000     0.000 r  clk (IN)
                         net (fo=0)                   0.000     0.000    clk
    W5                   IBUF (Prop_ibuf_I_O)         1.458     1.458 r  clk_IBUF_inst/O
                         net (fo=1, routed)           1.967     3.425    clk_IBUF
    BUFGCTRL_X0Y0        BUFG (Prop_bufg_I_O)         0.096     3.521 r  clk_IBUF_BUFG_inst/O
                         net (fo=95, routed)          1.808     5.329    U_UART/U_btn_Debounce/clk_IBUF_BUFG
    SLICE_X6Y106         FDCE                                         r  U_UART/U_btn_Debounce/tick_reg_reg/C
  -------------------------------------------------------------------    -------------------
    SLICE_X6Y106         FDCE (Prop_fdce_C_Q)         0.518     5.847 r  U_UART/U_btn_Debounce/tick_reg_reg/Q
                         net (fo=11, routed)          0.956     6.803    U_UART/U_Rx/tick
    SLICE_X4Y111         LUT4 (Prop_lut4_I2_O)        0.152     6.955 f  U_UART/U_Rx/data[7]_i_2/O
                         net (fo=2, routed)           0.666     7.621    U_UART/U_Rx/data[7]_i_2_n_0
    SLICE_X4Y110         LUT4 (Prop_lut4_I0_O)        0.361     7.982 f  U_UART/U_Rx/data[6]_i_2/O
                         net (fo=7, routed)           0.682     8.664    U_UART/U_Rx/data[6]_i_2_n_0
    SLICE_X3Y110         LUT5 (Prop_lut5_I1_O)        0.327     8.991 r  U_UART/U_Rx/data[2]_i_1/O
                         net (fo=1, routed)           0.379     9.370    U_UART/U_Rx/data_next[2]
    SLICE_X2Y110         FDCE                                         r  U_UART/U_Rx/data_reg[2]/CE
  -------------------------------------------------------------------    -------------------

                         (clock sys_clk_pin rise edge)
                                                     10.000    10.000 r  
    W5                                                0.000    10.000 r  clk (IN)
                         net (fo=0)                   0.000    10.000    clk
    W5                   IBUF (Prop_ibuf_I_O)         1.388    11.388 r  clk_IBUF_inst/O
                         net (fo=1, routed)           1.862    13.250    clk_IBUF
    BUFGCTRL_X0Y0        BUFG (Prop_bufg_I_O)         0.091    13.341 r  clk_IBUF_BUFG_inst/O
                         net (fo=95, routed)          1.681    15.022    U_UART/U_Rx/clk_IBUF_BUFG
    SLICE_X2Y110         FDCE                                         r  U_UART/U_Rx/data_reg[2]/C
                         clock pessimism              0.267    15.289    
                         clock uncertainty           -0.035    15.254    
    SLICE_X2Y110         FDCE (Setup_fdce_C_CE)      -0.169    15.085    U_UART/U_Rx/data_reg[2]
  -------------------------------------------------------------------
                         required time                         15.085    
                         arrival time                          -9.370    
  -------------------------------------------------------------------
                         slack                                  5.715    

Slack (MET) :             5.790ns  (required time - arrival time)
  Source:                 U_UART/U_btn_Debounce/tick_reg_reg/C
                            (rising edge-triggered cell FDCE clocked by sys_clk_pin  {rise@0.000ns fall@5.000ns period=10.000ns})
  Destination:            U_UART/U_Rx/data_reg[1]/CE
                            (rising edge-triggered cell FDCE clocked by sys_clk_pin  {rise@0.000ns fall@5.000ns period=10.000ns})
  Path Group:             sys_clk_pin
  Path Type:              Setup (Max at Slow Process Corner)
  Requirement:            10.000ns  (sys_clk_pin rise@10.000ns - sys_clk_pin rise@0.000ns)
  Data Path Delay:        3.930ns  (logic 1.358ns (34.556%)  route 2.572ns (65.444%))
  Logic Levels:           3  (LUT4=2 LUT5=1)
  Clock Path Skew:        -0.040ns (DCD - SCD + CPR)
    Destination Clock Delay (DCD):    5.022ns = ( 15.022 - 10.000 ) 
    Source Clock Delay      (SCD):    5.329ns
    Clock Pessimism Removal (CPR):    0.267ns
  Clock Uncertainty:      0.035ns  ((TSJ^2 + TIJ^2)^1/2 + DJ) / 2 + PE
    Total System Jitter     (TSJ):    0.071ns
    Total Input Jitter      (TIJ):    0.000ns
    Discrete Jitter          (DJ):    0.000ns
    Phase Error              (PE):    0.000ns

    Location             Delay type                Incr(ns)  Path(ns)    Netlist Resource(s)
  -------------------------------------------------------------------    -------------------
                         (clock sys_clk_pin rise edge)
                                                      0.000     0.000 r  
    W5                                                0.000     0.000 r  clk (IN)
                         net (fo=0)                   0.000     0.000    clk
    W5                   IBUF (Prop_ibuf_I_O)         1.458     1.458 r  clk_IBUF_inst/O
                         net (fo=1, routed)           1.967     3.425    clk_IBUF
    BUFGCTRL_X0Y0        BUFG (Prop_bufg_I_O)         0.096     3.521 r  clk_IBUF_BUFG_inst/O
                         net (fo=95, routed)          1.808     5.329    U_UART/U_btn_Debounce/clk_IBUF_BUFG
    SLICE_X6Y106         FDCE                                         r  U_UART/U_btn_Debounce/tick_reg_reg/C
  -------------------------------------------------------------------    -------------------
    SLICE_X6Y106         FDCE (Prop_fdce_C_Q)         0.518     5.847 r  U_UART/U_btn_Debounce/tick_reg_reg/Q
                         net (fo=11, routed)          0.956     6.803    U_UART/U_Rx/tick
    SLICE_X4Y111         LUT4 (Prop_lut4_I2_O)        0.152     6.955 f  U_UART/U_Rx/data[7]_i_2/O
                         net (fo=2, routed)           0.666     7.621    U_UART/U_Rx/data[7]_i_2_n_0
    SLICE_X4Y110         LUT4 (Prop_lut4_I0_O)        0.361     7.982 f  U_UART/U_Rx/data[6]_i_2/O
                         net (fo=7, routed)           0.620     8.601    U_UART/U_Rx/data[6]_i_2_n_0
    SLICE_X3Y110         LUT5 (Prop_lut5_I0_O)        0.327     8.928 r  U_UART/U_Rx/data[1]_i_1/O
                         net (fo=1, routed)           0.331     9.259    U_UART/U_Rx/data_next[1]
    SLICE_X3Y109         FDCE                                         r  U_UART/U_Rx/data_reg[1]/CE
  -------------------------------------------------------------------    -------------------

                         (clock sys_clk_pin rise edge)
                                                     10.000    10.000 r  
    W5                                                0.000    10.000 r  clk (IN)
                         net (fo=0)                   0.000    10.000    clk
    W5                   IBUF (Prop_ibuf_I_O)         1.388    11.388 r  clk_IBUF_inst/O
                         net (fo=1, routed)           1.862    13.250    clk_IBUF
    BUFGCTRL_X0Y0        BUFG (Prop_bufg_I_O)         0.091    13.341 r  clk_IBUF_BUFG_inst/O
                         net (fo=95, routed)          1.681    15.022    U_UART/U_Rx/clk_IBUF_BUFG
    SLICE_X3Y109         FDCE                                         r  U_UART/U_Rx/data_reg[1]/C
                         clock pessimism              0.267    15.289    
                         clock uncertainty           -0.035    15.254    
    SLICE_X3Y109         FDCE (Setup_fdce_C_CE)      -0.205    15.049    U_UART/U_Rx/data_reg[1]
  -------------------------------------------------------------------
                         required time                         15.049    
                         arrival time                          -9.259    
  -------------------------------------------------------------------
                         slack                                  5.790    

Slack (MET) :             6.019ns  (required time - arrival time)
  Source:                 U_UART/U_btn_Debounce/tick_reg_reg/C
                            (rising edge-triggered cell FDCE clocked by sys_clk_pin  {rise@0.000ns fall@5.000ns period=10.000ns})
  Destination:            U_UART/U_Rx/data_reg[6]/CE
                            (rising edge-triggered cell FDCE clocked by sys_clk_pin  {rise@0.000ns fall@5.000ns period=10.000ns})
  Path Group:             sys_clk_pin
  Path Type:              Setup (Max at Slow Process Corner)
  Requirement:            10.000ns  (sys_clk_pin rise@10.000ns - sys_clk_pin rise@0.000ns)
  Data Path Delay:        3.701ns  (logic 1.358ns (36.692%)  route 2.343ns (63.308%))
  Logic Levels:           3  (LUT4=2 LUT5=1)
  Clock Path Skew:        -0.040ns (DCD - SCD + CPR)
    Destination Clock Delay (DCD):    5.022ns = ( 15.022 - 10.000 ) 
    Source Clock Delay      (SCD):    5.329ns
    Clock Pessimism Removal (CPR):    0.267ns
  Clock Uncertainty:      0.035ns  ((TSJ^2 + TIJ^2)^1/2 + DJ) / 2 + PE
    Total System Jitter     (TSJ):    0.071ns
    Total Input Jitter      (TIJ):    0.000ns
    Discrete Jitter          (DJ):    0.000ns
    Phase Error              (PE):    0.000ns

    Location             Delay type                Incr(ns)  Path(ns)    Netlist Resource(s)
  -------------------------------------------------------------------    -------------------
                         (clock sys_clk_pin rise edge)
                                                      0.000     0.000 r  
    W5                                                0.000     0.000 r  clk (IN)
                         net (fo=0)                   0.000     0.000    clk
    W5                   IBUF (Prop_ibuf_I_O)         1.458     1.458 r  clk_IBUF_inst/O
                         net (fo=1, routed)           1.967     3.425    clk_IBUF
    BUFGCTRL_X0Y0        BUFG (Prop_bufg_I_O)         0.096     3.521 r  clk_IBUF_BUFG_inst/O
                         net (fo=95, routed)          1.808     5.329    U_UART/U_btn_Debounce/clk_IBUF_BUFG
    SLICE_X6Y106         FDCE                                         r  U_UART/U_btn_Debounce/tick_reg_reg/C
  -------------------------------------------------------------------    -------------------
    SLICE_X6Y106         FDCE (Prop_fdce_C_Q)         0.518     5.847 r  U_UART/U_btn_Debounce/tick_reg_reg/Q
                         net (fo=11, routed)          0.956     6.803    U_UART/U_Rx/tick
    SLICE_X4Y111         LUT4 (Prop_lut4_I2_O)        0.152     6.955 f  U_UART/U_Rx/data[7]_i_2/O
                         net (fo=2, routed)           0.666     7.621    U_UART/U_Rx/data[7]_i_2_n_0
    SLICE_X4Y110         LUT4 (Prop_lut4_I0_O)        0.361     7.982 f  U_UART/U_Rx/data[6]_i_2/O
                         net (fo=7, routed)           0.343     8.324    U_UART/U_Rx/data[6]_i_2_n_0
    SLICE_X3Y110         LUT5 (Prop_lut5_I1_O)        0.327     8.651 r  U_UART/U_Rx/data[6]_i_1/O
                         net (fo=1, routed)           0.379     9.030    U_UART/U_Rx/data_next[6]
    SLICE_X3Y110         FDCE                                         r  U_UART/U_Rx/data_reg[6]/CE
  -------------------------------------------------------------------    -------------------

                         (clock sys_clk_pin rise edge)
                                                     10.000    10.000 r  
    W5                                                0.000    10.000 r  clk (IN)
                         net (fo=0)                   0.000    10.000    clk
    W5                   IBUF (Prop_ibuf_I_O)         1.388    11.388 r  clk_IBUF_inst/O
                         net (fo=1, routed)           1.862    13.250    clk_IBUF
    BUFGCTRL_X0Y0        BUFG (Prop_bufg_I_O)         0.091    13.341 r  clk_IBUF_BUFG_inst/O
                         net (fo=95, routed)          1.681    15.022    U_UART/U_Rx/clk_IBUF_BUFG
    SLICE_X3Y110         FDCE                                         r  U_UART/U_Rx/data_reg[6]/C
                         clock pessimism              0.267    15.289    
                         clock uncertainty           -0.035    15.254    
    SLICE_X3Y110         FDCE (Setup_fdce_C_CE)      -0.205    15.049    U_UART/U_Rx/data_reg[6]
  -------------------------------------------------------------------
                         required time                         15.049    
                         arrival time                          -9.030    
  -------------------------------------------------------------------
                         slack                                  6.019    

Slack (MET) :             6.058ns  (required time - arrival time)
  Source:                 U_UART/U_Tx/tick_count_reg[0]/C
                            (rising edge-triggered cell FDCE clocked by sys_clk_pin  {rise@0.000ns fall@5.000ns period=10.000ns})
  Destination:            U_UART/U_Tx/data_count_reg[0]/CE
                            (rising edge-triggered cell FDCE clocked by sys_clk_pin  {rise@0.000ns fall@5.000ns period=10.000ns})
  Path Group:             sys_clk_pin
  Path Type:              Setup (Max at Slow Process Corner)
  Requirement:            10.000ns  (sys_clk_pin rise@10.000ns - sys_clk_pin rise@0.000ns)
  Data Path Delay:        3.766ns  (logic 1.086ns (28.837%)  route 2.680ns (71.163%))
  Logic Levels:           3  (LUT3=1 LUT6=2)
  Clock Path Skew:        0.028ns (DCD - SCD + CPR)
    Destination Clock Delay (DCD):    5.018ns = ( 15.018 - 10.000 ) 
    Source Clock Delay      (SCD):    5.257ns
    Clock Pessimism Removal (CPR):    0.267ns
  Clock Uncertainty:      0.035ns  ((TSJ^2 + TIJ^2)^1/2 + DJ) / 2 + PE
    Total System Jitter     (TSJ):    0.071ns
    Total Input Jitter      (TIJ):    0.000ns
    Discrete Jitter          (DJ):    0.000ns
    Phase Error              (PE):    0.000ns

    Location             Delay type                Incr(ns)  Path(ns)    Netlist Resource(s)
  -------------------------------------------------------------------    -------------------
                         (clock sys_clk_pin rise edge)
                                                      0.000     0.000 r  
    W5                                                0.000     0.000 r  clk (IN)
                         net (fo=0)                   0.000     0.000    clk
    W5                   IBUF (Prop_ibuf_I_O)         1.458     1.458 r  clk_IBUF_inst/O
                         net (fo=1, routed)           1.967     3.425    clk_IBUF
    BUFGCTRL_X0Y0        BUFG (Prop_bufg_I_O)         0.096     3.521 r  clk_IBUF_BUFG_inst/O
                         net (fo=95, routed)          1.736     5.257    U_UART/U_Tx/clk_IBUF_BUFG
    SLICE_X8Y112         FDCE                                         r  U_UART/U_Tx/tick_count_reg[0]/C
  -------------------------------------------------------------------    -------------------
    SLICE_X8Y112         FDCE (Prop_fdce_C_Q)         0.518     5.775 r  U_UART/U_Tx/tick_count_reg[0]/Q
                         net (fo=4, routed)           0.993     6.768    U_UART/U_Tx/tick_count_reg_n_0_[0]
    SLICE_X8Y112         LUT3 (Prop_lut3_I0_O)        0.116     6.884 f  U_UART/U_Tx/tick_count[4]_i_3__0/O
                         net (fo=5, routed)           0.680     7.564    U_UART/U_Tx/tick_count[4]_i_3__0_n_0
    SLICE_X7Y113         LUT6 (Prop_lut6_I1_O)        0.328     7.892 f  U_UART/U_Tx/FSM_sequential_state[1]_i_4/O
                         net (fo=3, routed)           0.628     8.520    U_UART/U_Tx/FSM_sequential_state[1]_i_4_n_0
    SLICE_X6Y114         LUT6 (Prop_lut6_I0_O)        0.124     8.644 r  U_UART/U_Tx/data_count[3]_i_1/O
                         net (fo=4, routed)           0.379     9.023    U_UART/U_Tx/data_count_next
    SLICE_X6Y114         FDCE                                         r  U_UART/U_Tx/data_count_reg[0]/CE
  -------------------------------------------------------------------    -------------------

                         (clock sys_clk_pin rise edge)
                                                     10.000    10.000 r  
    W5                                                0.000    10.000 r  clk (IN)
                         net (fo=0)                   0.000    10.000    clk
    W5                   IBUF (Prop_ibuf_I_O)         1.388    11.388 r  clk_IBUF_inst/O
                         net (fo=1, routed)           1.862    13.250    clk_IBUF
    BUFGCTRL_X0Y0        BUFG (Prop_bufg_I_O)         0.091    13.341 r  clk_IBUF_BUFG_inst/O
                         net (fo=95, routed)          1.677    15.018    U_UART/U_Tx/clk_IBUF_BUFG
    SLICE_X6Y114         FDCE                                         r  U_UART/U_Tx/data_count_reg[0]/C
                         clock pessimism              0.267    15.285    
                         clock uncertainty           -0.035    15.250    
    SLICE_X6Y114         FDCE (Setup_fdce_C_CE)      -0.169    15.081    U_UART/U_Tx/data_count_reg[0]
  -------------------------------------------------------------------
                         required time                         15.081    
                         arrival time                          -9.023    
  -------------------------------------------------------------------
                         slack                                  6.058    

Slack (MET) :             6.058ns  (required time - arrival time)
  Source:                 U_UART/U_Tx/tick_count_reg[0]/C
                            (rising edge-triggered cell FDCE clocked by sys_clk_pin  {rise@0.000ns fall@5.000ns period=10.000ns})
  Destination:            U_UART/U_Tx/data_count_reg[1]/CE
                            (rising edge-triggered cell FDCE clocked by sys_clk_pin  {rise@0.000ns fall@5.000ns period=10.000ns})
  Path Group:             sys_clk_pin
  Path Type:              Setup (Max at Slow Process Corner)
  Requirement:            10.000ns  (sys_clk_pin rise@10.000ns - sys_clk_pin rise@0.000ns)
  Data Path Delay:        3.766ns  (logic 1.086ns (28.837%)  route 2.680ns (71.163%))
  Logic Levels:           3  (LUT3=1 LUT6=2)
  Clock Path Skew:        0.028ns (DCD - SCD + CPR)
    Destination Clock Delay (DCD):    5.018ns = ( 15.018 - 10.000 ) 
    Source Clock Delay      (SCD):    5.257ns
    Clock Pessimism Removal (CPR):    0.267ns
  Clock Uncertainty:      0.035ns  ((TSJ^2 + TIJ^2)^1/2 + DJ) / 2 + PE
    Total System Jitter     (TSJ):    0.071ns
    Total Input Jitter      (TIJ):    0.000ns
    Discrete Jitter          (DJ):    0.000ns
    Phase Error              (PE):    0.000ns

    Location             Delay type                Incr(ns)  Path(ns)    Netlist Resource(s)
  -------------------------------------------------------------------    -------------------
                         (clock sys_clk_pin rise edge)
                                                      0.000     0.000 r  
    W5                                                0.000     0.000 r  clk (IN)
                         net (fo=0)                   0.000     0.000    clk
    W5                   IBUF (Prop_ibuf_I_O)         1.458     1.458 r  clk_IBUF_inst/O
                         net (fo=1, routed)           1.967     3.425    clk_IBUF
    BUFGCTRL_X0Y0        BUFG (Prop_bufg_I_O)         0.096     3.521 r  clk_IBUF_BUFG_inst/O
                         net (fo=95, routed)          1.736     5.257    U_UART/U_Tx/clk_IBUF_BUFG
    SLICE_X8Y112         FDCE                                         r  U_UART/U_Tx/tick_count_reg[0]/C
  -------------------------------------------------------------------    -------------------
    SLICE_X8Y112         FDCE (Prop_fdce_C_Q)         0.518     5.775 r  U_UART/U_Tx/tick_count_reg[0]/Q
                         net (fo=4, routed)           0.993     6.768    U_UART/U_Tx/tick_count_reg_n_0_[0]
    SLICE_X8Y112         LUT3 (Prop_lut3_I0_O)        0.116     6.884 f  U_UART/U_Tx/tick_count[4]_i_3__0/O
                         net (fo=5, routed)           0.680     7.564    U_UART/U_Tx/tick_count[4]_i_3__0_n_0
    SLICE_X7Y113         LUT6 (Prop_lut6_I1_O)        0.328     7.892 f  U_UART/U_Tx/FSM_sequential_state[1]_i_4/O
                         net (fo=3, routed)           0.628     8.520    U_UART/U_Tx/FSM_sequential_state[1]_i_4_n_0
    SLICE_X6Y114         LUT6 (Prop_lut6_I0_O)        0.124     8.644 r  U_UART/U_Tx/data_count[3]_i_1/O
                         net (fo=4, routed)           0.379     9.023    U_UART/U_Tx/data_count_next
    SLICE_X6Y114         FDCE                                         r  U_UART/U_Tx/data_count_reg[1]/CE
  -------------------------------------------------------------------    -------------------

                         (clock sys_clk_pin rise edge)
                                                     10.000    10.000 r  
    W5                                                0.000    10.000 r  clk (IN)
                         net (fo=0)                   0.000    10.000    clk
    W5                   IBUF (Prop_ibuf_I_O)         1.388    11.388 r  clk_IBUF_inst/O
                         net (fo=1, routed)           1.862    13.250    clk_IBUF
    BUFGCTRL_X0Y0        BUFG (Prop_bufg_I_O)         0.091    13.341 r  clk_IBUF_BUFG_inst/O
                         net (fo=95, routed)          1.677    15.018    U_UART/U_Tx/clk_IBUF_BUFG
    SLICE_X6Y114         FDCE                                         r  U_UART/U_Tx/data_count_reg[1]/C
                         clock pessimism              0.267    15.285    
                         clock uncertainty           -0.035    15.250    
    SLICE_X6Y114         FDCE (Setup_fdce_C_CE)      -0.169    15.081    U_UART/U_Tx/data_count_reg[1]
  -------------------------------------------------------------------
                         required time                         15.081    
                         arrival time                          -9.023    
  -------------------------------------------------------------------
                         slack                                  6.058    

Slack (MET) :             6.058ns  (required time - arrival time)
  Source:                 U_UART/U_Tx/tick_count_reg[0]/C
                            (rising edge-triggered cell FDCE clocked by sys_clk_pin  {rise@0.000ns fall@5.000ns period=10.000ns})
  Destination:            U_UART/U_Tx/data_count_reg[2]/CE
                            (rising edge-triggered cell FDCE clocked by sys_clk_pin  {rise@0.000ns fall@5.000ns period=10.000ns})
  Path Group:             sys_clk_pin
  Path Type:              Setup (Max at Slow Process Corner)
  Requirement:            10.000ns  (sys_clk_pin rise@10.000ns - sys_clk_pin rise@0.000ns)
  Data Path Delay:        3.766ns  (logic 1.086ns (28.837%)  route 2.680ns (71.163%))
  Logic Levels:           3  (LUT3=1 LUT6=2)
  Clock Path Skew:        0.028ns (DCD - SCD + CPR)
    Destination Clock Delay (DCD):    5.018ns = ( 15.018 - 10.000 ) 
    Source Clock Delay      (SCD):    5.257ns
    Clock Pessimism Removal (CPR):    0.267ns
  Clock Uncertainty:      0.035ns  ((TSJ^2 + TIJ^2)^1/2 + DJ) / 2 + PE
    Total System Jitter     (TSJ):    0.071ns
    Total Input Jitter      (TIJ):    0.000ns
    Discrete Jitter          (DJ):    0.000ns
    Phase Error              (PE):    0.000ns

    Location             Delay type                Incr(ns)  Path(ns)    Netlist Resource(s)
  -------------------------------------------------------------------    -------------------
                         (clock sys_clk_pin rise edge)
                                                      0.000     0.000 r  
    W5                                                0.000     0.000 r  clk (IN)
                         net (fo=0)                   0.000     0.000    clk
    W5                   IBUF (Prop_ibuf_I_O)         1.458     1.458 r  clk_IBUF_inst/O
                         net (fo=1, routed)           1.967     3.425    clk_IBUF
    BUFGCTRL_X0Y0        BUFG (Prop_bufg_I_O)         0.096     3.521 r  clk_IBUF_BUFG_inst/O
                         net (fo=95, routed)          1.736     5.257    U_UART/U_Tx/clk_IBUF_BUFG
    SLICE_X8Y112         FDCE                                         r  U_UART/U_Tx/tick_count_reg[0]/C
  -------------------------------------------------------------------    -------------------
    SLICE_X8Y112         FDCE (Prop_fdce_C_Q)         0.518     5.775 r  U_UART/U_Tx/tick_count_reg[0]/Q
                         net (fo=4, routed)           0.993     6.768    U_UART/U_Tx/tick_count_reg_n_0_[0]
    SLICE_X8Y112         LUT3 (Prop_lut3_I0_O)        0.116     6.884 f  U_UART/U_Tx/tick_count[4]_i_3__0/O
                         net (fo=5, routed)           0.680     7.564    U_UART/U_Tx/tick_count[4]_i_3__0_n_0
    SLICE_X7Y113         LUT6 (Prop_lut6_I1_O)        0.328     7.892 f  U_UART/U_Tx/FSM_sequential_state[1]_i_4/O
                         net (fo=3, routed)           0.628     8.520    U_UART/U_Tx/FSM_sequential_state[1]_i_4_n_0
    SLICE_X6Y114         LUT6 (Prop_lut6_I0_O)        0.124     8.644 r  U_UART/U_Tx/data_count[3]_i_1/O
                         net (fo=4, routed)           0.379     9.023    U_UART/U_Tx/data_count_next
    SLICE_X6Y114         FDCE                                         r  U_UART/U_Tx/data_count_reg[2]/CE
  -------------------------------------------------------------------    -------------------

                         (clock sys_clk_pin rise edge)
                                                     10.000    10.000 r  
    W5                                                0.000    10.000 r  clk (IN)
                         net (fo=0)                   0.000    10.000    clk
    W5                   IBUF (Prop_ibuf_I_O)         1.388    11.388 r  clk_IBUF_inst/O
                         net (fo=1, routed)           1.862    13.250    clk_IBUF
    BUFGCTRL_X0Y0        BUFG (Prop_bufg_I_O)         0.091    13.341 r  clk_IBUF_BUFG_inst/O
                         net (fo=95, routed)          1.677    15.018    U_UART/U_Tx/clk_IBUF_BUFG
    SLICE_X6Y114         FDCE                                         r  U_UART/U_Tx/data_count_reg[2]/C
                         clock pessimism              0.267    15.285    
                         clock uncertainty           -0.035    15.250    
    SLICE_X6Y114         FDCE (Setup_fdce_C_CE)      -0.169    15.081    U_UART/U_Tx/data_count_reg[2]
  -------------------------------------------------------------------
                         required time                         15.081    
                         arrival time                          -9.023    
  -------------------------------------------------------------------
                         slack                                  6.058    





Min Delay Paths
--------------------------------------------------------------------------------------
Slack (MET) :             0.024ns  (arrival time - required time)
  Source:                 U_Rx_Mem/ufifo_cu/w_ptr_reg[0]/C
                            (rising edge-triggered cell FDCE clocked by sys_clk_pin  {rise@0.000ns fall@5.000ns period=10.000ns})
  Destination:            U_Rx_Mem/uregister/ram_reg_0_15_0_5/RAMA/WADR0
                            (rising edge-triggered cell RAMD32 clocked by sys_clk_pin  {rise@0.000ns fall@5.000ns period=10.000ns})
  Path Group:             sys_clk_pin
  Path Type:              Hold (Min at Fast Process Corner)
  Requirement:            0.000ns  (sys_clk_pin rise@0.000ns - sys_clk_pin rise@0.000ns)
  Data Path Delay:        0.347ns  (logic 0.141ns (40.606%)  route 0.206ns (59.394%))
  Logic Levels:           0  
  Clock Path Skew:        0.013ns (DCD - SCD - CPR)
    Destination Clock Delay (DCD):    2.074ns
    Source Clock Delay      (SCD):    1.556ns
    Clock Pessimism Removal (CPR):    0.505ns

    Location             Delay type                Incr(ns)  Path(ns)    Netlist Resource(s)
  -------------------------------------------------------------------    -------------------
                         (clock sys_clk_pin rise edge)
                                                      0.000     0.000 r  
    W5                                                0.000     0.000 r  clk (IN)
                         net (fo=0)                   0.000     0.000    clk
    W5                   IBUF (Prop_ibuf_I_O)         0.226     0.226 r  clk_IBUF_inst/O
                         net (fo=1, routed)           0.631     0.858    clk_IBUF
    BUFGCTRL_X0Y0        BUFG (Prop_bufg_I_O)         0.026     0.884 r  clk_IBUF_BUFG_inst/O
                         net (fo=95, routed)          0.672     1.556    U_Rx_Mem/ufifo_cu/clk_IBUF_BUFG
    SLICE_X3Y112         FDCE                                         r  U_Rx_Mem/ufifo_cu/w_ptr_reg[0]/C
  -------------------------------------------------------------------    -------------------
    SLICE_X3Y112         FDCE (Prop_fdce_C_Q)         0.141     1.697 r  U_Rx_Mem/ufifo_cu/w_ptr_reg[0]/Q
                         net (fo=21, routed)          0.206     1.903    U_Rx_Mem/uregister/ram_reg_0_15_0_5/ADDRD0
    SLICE_X2Y112         RAMD32                                       r  U_Rx_Mem/uregister/ram_reg_0_15_0_5/RAMA/WADR0
  -------------------------------------------------------------------    -------------------

                         (clock sys_clk_pin rise edge)
                                                      0.000     0.000 r  
    W5                                                0.000     0.000 r  clk (IN)
                         net (fo=0)                   0.000     0.000    clk
    W5                   IBUF (Prop_ibuf_I_O)         0.414     0.414 r  clk_IBUF_inst/O
                         net (fo=1, routed)           0.685     1.099    clk_IBUF
    BUFGCTRL_X0Y0        BUFG (Prop_bufg_I_O)         0.029     1.128 r  clk_IBUF_BUFG_inst/O
                         net (fo=95, routed)          0.946     2.074    U_Rx_Mem/uregister/ram_reg_0_15_0_5/WCLK
    SLICE_X2Y112         RAMD32                                       r  U_Rx_Mem/uregister/ram_reg_0_15_0_5/RAMA/CLK
                         clock pessimism             -0.505     1.569    
    SLICE_X2Y112         RAMD32 (Hold_ramd32_CLK_WADR0)
                                                      0.310     1.879    U_Rx_Mem/uregister/ram_reg_0_15_0_5/RAMA
  -------------------------------------------------------------------
                         required time                         -1.879    
                         arrival time                           1.903    
  -------------------------------------------------------------------
                         slack                                  0.024    

Slack (MET) :             0.024ns  (arrival time - required time)
  Source:                 U_Rx_Mem/ufifo_cu/w_ptr_reg[0]/C
                            (rising edge-triggered cell FDCE clocked by sys_clk_pin  {rise@0.000ns fall@5.000ns period=10.000ns})
  Destination:            U_Rx_Mem/uregister/ram_reg_0_15_0_5/RAMA_D1/WADR0
                            (rising edge-triggered cell RAMD32 clocked by sys_clk_pin  {rise@0.000ns fall@5.000ns period=10.000ns})
  Path Group:             sys_clk_pin
  Path Type:              Hold (Min at Fast Process Corner)
  Requirement:            0.000ns  (sys_clk_pin rise@0.000ns - sys_clk_pin rise@0.000ns)
  Data Path Delay:        0.347ns  (logic 0.141ns (40.606%)  route 0.206ns (59.394%))
  Logic Levels:           0  
  Clock Path Skew:        0.013ns (DCD - SCD - CPR)
    Destination Clock Delay (DCD):    2.074ns
    Source Clock Delay      (SCD):    1.556ns
    Clock Pessimism Removal (CPR):    0.505ns

    Location             Delay type                Incr(ns)  Path(ns)    Netlist Resource(s)
  -------------------------------------------------------------------    -------------------
                         (clock sys_clk_pin rise edge)
                                                      0.000     0.000 r  
    W5                                                0.000     0.000 r  clk (IN)
                         net (fo=0)                   0.000     0.000    clk
    W5                   IBUF (Prop_ibuf_I_O)         0.226     0.226 r  clk_IBUF_inst/O
                         net (fo=1, routed)           0.631     0.858    clk_IBUF
    BUFGCTRL_X0Y0        BUFG (Prop_bufg_I_O)         0.026     0.884 r  clk_IBUF_BUFG_inst/O
                         net (fo=95, routed)          0.672     1.556    U_Rx_Mem/ufifo_cu/clk_IBUF_BUFG
    SLICE_X3Y112         FDCE                                         r  U_Rx_Mem/ufifo_cu/w_ptr_reg[0]/C
  -------------------------------------------------------------------    -------------------
    SLICE_X3Y112         FDCE (Prop_fdce_C_Q)         0.141     1.697 r  U_Rx_Mem/ufifo_cu/w_ptr_reg[0]/Q
                         net (fo=21, routed)          0.206     1.903    U_Rx_Mem/uregister/ram_reg_0_15_0_5/ADDRD0
    SLICE_X2Y112         RAMD32                                       r  U_Rx_Mem/uregister/ram_reg_0_15_0_5/RAMA_D1/WADR0
  -------------------------------------------------------------------    -------------------

                         (clock sys_clk_pin rise edge)
                                                      0.000     0.000 r  
    W5                                                0.000     0.000 r  clk (IN)
                         net (fo=0)                   0.000     0.000    clk
    W5                   IBUF (Prop_ibuf_I_O)         0.414     0.414 r  clk_IBUF_inst/O
                         net (fo=1, routed)           0.685     1.099    clk_IBUF
    BUFGCTRL_X0Y0        BUFG (Prop_bufg_I_O)         0.029     1.128 r  clk_IBUF_BUFG_inst/O
                         net (fo=95, routed)          0.946     2.074    U_Rx_Mem/uregister/ram_reg_0_15_0_5/WCLK
    SLICE_X2Y112         RAMD32                                       r  U_Rx_Mem/uregister/ram_reg_0_15_0_5/RAMA_D1/CLK
                         clock pessimism             -0.505     1.569    
    SLICE_X2Y112         RAMD32 (Hold_ramd32_CLK_WADR0)
                                                      0.310     1.879    U_Rx_Mem/uregister/ram_reg_0_15_0_5/RAMA_D1
  -------------------------------------------------------------------
                         required time                         -1.879    
                         arrival time                           1.903    
  -------------------------------------------------------------------
                         slack                                  0.024    

Slack (MET) :             0.024ns  (arrival time - required time)
  Source:                 U_Rx_Mem/ufifo_cu/w_ptr_reg[0]/C
                            (rising edge-triggered cell FDCE clocked by sys_clk_pin  {rise@0.000ns fall@5.000ns period=10.000ns})
  Destination:            U_Rx_Mem/uregister/ram_reg_0_15_0_5/RAMB/WADR0
                            (rising edge-triggered cell RAMD32 clocked by sys_clk_pin  {rise@0.000ns fall@5.000ns period=10.000ns})
  Path Group:             sys_clk_pin
  Path Type:              Hold (Min at Fast Process Corner)
  Requirement:            0.000ns  (sys_clk_pin rise@0.000ns - sys_clk_pin rise@0.000ns)
  Data Path Delay:        0.347ns  (logic 0.141ns (40.606%)  route 0.206ns (59.394%))
  Logic Levels:           0  
  Clock Path Skew:        0.013ns (DCD - SCD - CPR)
    Destination Clock Delay (DCD):    2.074ns
    Source Clock Delay      (SCD):    1.556ns
    Clock Pessimism Removal (CPR):    0.505ns

    Location             Delay type                Incr(ns)  Path(ns)    Netlist Resource(s)
  -------------------------------------------------------------------    -------------------
                         (clock sys_clk_pin rise edge)
                                                      0.000     0.000 r  
    W5                                                0.000     0.000 r  clk (IN)
                         net (fo=0)                   0.000     0.000    clk
    W5                   IBUF (Prop_ibuf_I_O)         0.226     0.226 r  clk_IBUF_inst/O
                         net (fo=1, routed)           0.631     0.858    clk_IBUF
    BUFGCTRL_X0Y0        BUFG (Prop_bufg_I_O)         0.026     0.884 r  clk_IBUF_BUFG_inst/O
                         net (fo=95, routed)          0.672     1.556    U_Rx_Mem/ufifo_cu/clk_IBUF_BUFG
    SLICE_X3Y112         FDCE                                         r  U_Rx_Mem/ufifo_cu/w_ptr_reg[0]/C
  -------------------------------------------------------------------    -------------------
    SLICE_X3Y112         FDCE (Prop_fdce_C_Q)         0.141     1.697 r  U_Rx_Mem/ufifo_cu/w_ptr_reg[0]/Q
                         net (fo=21, routed)          0.206     1.903    U_Rx_Mem/uregister/ram_reg_0_15_0_5/ADDRD0
    SLICE_X2Y112         RAMD32                                       r  U_Rx_Mem/uregister/ram_reg_0_15_0_5/RAMB/WADR0
  -------------------------------------------------------------------    -------------------

                         (clock sys_clk_pin rise edge)
                                                      0.000     0.000 r  
    W5                                                0.000     0.000 r  clk (IN)
                         net (fo=0)                   0.000     0.000    clk
    W5                   IBUF (Prop_ibuf_I_O)         0.414     0.414 r  clk_IBUF_inst/O
                         net (fo=1, routed)           0.685     1.099    clk_IBUF
    BUFGCTRL_X0Y0        BUFG (Prop_bufg_I_O)         0.029     1.128 r  clk_IBUF_BUFG_inst/O
                         net (fo=95, routed)          0.946     2.074    U_Rx_Mem/uregister/ram_reg_0_15_0_5/WCLK
    SLICE_X2Y112         RAMD32                                       r  U_Rx_Mem/uregister/ram_reg_0_15_0_5/RAMB/CLK
                         clock pessimism             -0.505     1.569    
    SLICE_X2Y112         RAMD32 (Hold_ramd32_CLK_WADR0)
                                                      0.310     1.879    U_Rx_Mem/uregister/ram_reg_0_15_0_5/RAMB
  -------------------------------------------------------------------
                         required time                         -1.879    
                         arrival time                           1.903    
  -------------------------------------------------------------------
                         slack                                  0.024    

Slack (MET) :             0.024ns  (arrival time - required time)
  Source:                 U_Rx_Mem/ufifo_cu/w_ptr_reg[0]/C
                            (rising edge-triggered cell FDCE clocked by sys_clk_pin  {rise@0.000ns fall@5.000ns period=10.000ns})
  Destination:            U_Rx_Mem/uregister/ram_reg_0_15_0_5/RAMB_D1/WADR0
                            (rising edge-triggered cell RAMD32 clocked by sys_clk_pin  {rise@0.000ns fall@5.000ns period=10.000ns})
  Path Group:             sys_clk_pin
  Path Type:              Hold (Min at Fast Process Corner)
  Requirement:            0.000ns  (sys_clk_pin rise@0.000ns - sys_clk_pin rise@0.000ns)
  Data Path Delay:        0.347ns  (logic 0.141ns (40.606%)  route 0.206ns (59.394%))
  Logic Levels:           0  
  Clock Path Skew:        0.013ns (DCD - SCD - CPR)
    Destination Clock Delay (DCD):    2.074ns
    Source Clock Delay      (SCD):    1.556ns
    Clock Pessimism Removal (CPR):    0.505ns

    Location             Delay type                Incr(ns)  Path(ns)    Netlist Resource(s)
  -------------------------------------------------------------------    -------------------
                         (clock sys_clk_pin rise edge)
                                                      0.000     0.000 r  
    W5                                                0.000     0.000 r  clk (IN)
                         net (fo=0)                   0.000     0.000    clk
    W5                   IBUF (Prop_ibuf_I_O)         0.226     0.226 r  clk_IBUF_inst/O
                         net (fo=1, routed)           0.631     0.858    clk_IBUF
    BUFGCTRL_X0Y0        BUFG (Prop_bufg_I_O)         0.026     0.884 r  clk_IBUF_BUFG_inst/O
                         net (fo=95, routed)          0.672     1.556    U_Rx_Mem/ufifo_cu/clk_IBUF_BUFG
    SLICE_X3Y112         FDCE                                         r  U_Rx_Mem/ufifo_cu/w_ptr_reg[0]/C
  -------------------------------------------------------------------    -------------------
    SLICE_X3Y112         FDCE (Prop_fdce_C_Q)         0.141     1.697 r  U_Rx_Mem/ufifo_cu/w_ptr_reg[0]/Q
                         net (fo=21, routed)          0.206     1.903    U_Rx_Mem/uregister/ram_reg_0_15_0_5/ADDRD0
    SLICE_X2Y112         RAMD32                                       r  U_Rx_Mem/uregister/ram_reg_0_15_0_5/RAMB_D1/WADR0
  -------------------------------------------------------------------    -------------------

                         (clock sys_clk_pin rise edge)
                                                      0.000     0.000 r  
    W5                                                0.000     0.000 r  clk (IN)
                         net (fo=0)                   0.000     0.000    clk
    W5                   IBUF (Prop_ibuf_I_O)         0.414     0.414 r  clk_IBUF_inst/O
                         net (fo=1, routed)           0.685     1.099    clk_IBUF
    BUFGCTRL_X0Y0        BUFG (Prop_bufg_I_O)         0.029     1.128 r  clk_IBUF_BUFG_inst/O
                         net (fo=95, routed)          0.946     2.074    U_Rx_Mem/uregister/ram_reg_0_15_0_5/WCLK
    SLICE_X2Y112         RAMD32                                       r  U_Rx_Mem/uregister/ram_reg_0_15_0_5/RAMB_D1/CLK
                         clock pessimism             -0.505     1.569    
    SLICE_X2Y112         RAMD32 (Hold_ramd32_CLK_WADR0)
                                                      0.310     1.879    U_Rx_Mem/uregister/ram_reg_0_15_0_5/RAMB_D1
  -------------------------------------------------------------------
                         required time                         -1.879    
                         arrival time                           1.903    
  -------------------------------------------------------------------
                         slack                                  0.024    

Slack (MET) :             0.024ns  (arrival time - required time)
  Source:                 U_Rx_Mem/ufifo_cu/w_ptr_reg[0]/C
                            (rising edge-triggered cell FDCE clocked by sys_clk_pin  {rise@0.000ns fall@5.000ns period=10.000ns})
  Destination:            U_Rx_Mem/uregister/ram_reg_0_15_0_5/RAMC/WADR0
                            (rising edge-triggered cell RAMD32 clocked by sys_clk_pin  {rise@0.000ns fall@5.000ns period=10.000ns})
  Path Group:             sys_clk_pin
  Path Type:              Hold (Min at Fast Process Corner)
  Requirement:            0.000ns  (sys_clk_pin rise@0.000ns - sys_clk_pin rise@0.000ns)
  Data Path Delay:        0.347ns  (logic 0.141ns (40.606%)  route 0.206ns (59.394%))
  Logic Levels:           0  
  Clock Path Skew:        0.013ns (DCD - SCD - CPR)
    Destination Clock Delay (DCD):    2.074ns
    Source Clock Delay      (SCD):    1.556ns
    Clock Pessimism Removal (CPR):    0.505ns

    Location             Delay type                Incr(ns)  Path(ns)    Netlist Resource(s)
  -------------------------------------------------------------------    -------------------
                         (clock sys_clk_pin rise edge)
                                                      0.000     0.000 r  
    W5                                                0.000     0.000 r  clk (IN)
                         net (fo=0)                   0.000     0.000    clk
    W5                   IBUF (Prop_ibuf_I_O)         0.226     0.226 r  clk_IBUF_inst/O
                         net (fo=1, routed)           0.631     0.858    clk_IBUF
    BUFGCTRL_X0Y0        BUFG (Prop_bufg_I_O)         0.026     0.884 r  clk_IBUF_BUFG_inst/O
                         net (fo=95, routed)          0.672     1.556    U_Rx_Mem/ufifo_cu/clk_IBUF_BUFG
    SLICE_X3Y112         FDCE                                         r  U_Rx_Mem/ufifo_cu/w_ptr_reg[0]/C
  -------------------------------------------------------------------    -------------------
    SLICE_X3Y112         FDCE (Prop_fdce_C_Q)         0.141     1.697 r  U_Rx_Mem/ufifo_cu/w_ptr_reg[0]/Q
                         net (fo=21, routed)          0.206     1.903    U_Rx_Mem/uregister/ram_reg_0_15_0_5/ADDRD0
    SLICE_X2Y112         RAMD32                                       r  U_Rx_Mem/uregister/ram_reg_0_15_0_5/RAMC/WADR0
  -------------------------------------------------------------------    -------------------

                         (clock sys_clk_pin rise edge)
                                                      0.000     0.000 r  
    W5                                                0.000     0.000 r  clk (IN)
                         net (fo=0)                   0.000     0.000    clk
    W5                   IBUF (Prop_ibuf_I_O)         0.414     0.414 r  clk_IBUF_inst/O
                         net (fo=1, routed)           0.685     1.099    clk_IBUF
    BUFGCTRL_X0Y0        BUFG (Prop_bufg_I_O)         0.029     1.128 r  clk_IBUF_BUFG_inst/O
                         net (fo=95, routed)          0.946     2.074    U_Rx_Mem/uregister/ram_reg_0_15_0_5/WCLK
    SLICE_X2Y112         RAMD32                                       r  U_Rx_Mem/uregister/ram_reg_0_15_0_5/RAMC/CLK
                         clock pessimism             -0.505     1.569    
    SLICE_X2Y112         RAMD32 (Hold_ramd32_CLK_WADR0)
                                                      0.310     1.879    U_Rx_Mem/uregister/ram_reg_0_15_0_5/RAMC
  -------------------------------------------------------------------
                         required time                         -1.879    
                         arrival time                           1.903    
  -------------------------------------------------------------------
                         slack                                  0.024    

Slack (MET) :             0.024ns  (arrival time - required time)
  Source:                 U_Rx_Mem/ufifo_cu/w_ptr_reg[0]/C
                            (rising edge-triggered cell FDCE clocked by sys_clk_pin  {rise@0.000ns fall@5.000ns period=10.000ns})
  Destination:            U_Rx_Mem/uregister/ram_reg_0_15_0_5/RAMC_D1/WADR0
                            (rising edge-triggered cell RAMD32 clocked by sys_clk_pin  {rise@0.000ns fall@5.000ns period=10.000ns})
  Path Group:             sys_clk_pin
  Path Type:              Hold (Min at Fast Process Corner)
  Requirement:            0.000ns  (sys_clk_pin rise@0.000ns - sys_clk_pin rise@0.000ns)
  Data Path Delay:        0.347ns  (logic 0.141ns (40.606%)  route 0.206ns (59.394%))
  Logic Levels:           0  
  Clock Path Skew:        0.013ns (DCD - SCD - CPR)
    Destination Clock Delay (DCD):    2.074ns
    Source Clock Delay      (SCD):    1.556ns
    Clock Pessimism Removal (CPR):    0.505ns

    Location             Delay type                Incr(ns)  Path(ns)    Netlist Resource(s)
  -------------------------------------------------------------------    -------------------
                         (clock sys_clk_pin rise edge)
                                                      0.000     0.000 r  
    W5                                                0.000     0.000 r  clk (IN)
                         net (fo=0)                   0.000     0.000    clk
    W5                   IBUF (Prop_ibuf_I_O)         0.226     0.226 r  clk_IBUF_inst/O
                         net (fo=1, routed)           0.631     0.858    clk_IBUF
    BUFGCTRL_X0Y0        BUFG (Prop_bufg_I_O)         0.026     0.884 r  clk_IBUF_BUFG_inst/O
                         net (fo=95, routed)          0.672     1.556    U_Rx_Mem/ufifo_cu/clk_IBUF_BUFG
    SLICE_X3Y112         FDCE                                         r  U_Rx_Mem/ufifo_cu/w_ptr_reg[0]/C
  -------------------------------------------------------------------    -------------------
    SLICE_X3Y112         FDCE (Prop_fdce_C_Q)         0.141     1.697 r  U_Rx_Mem/ufifo_cu/w_ptr_reg[0]/Q
                         net (fo=21, routed)          0.206     1.903    U_Rx_Mem/uregister/ram_reg_0_15_0_5/ADDRD0
    SLICE_X2Y112         RAMD32                                       r  U_Rx_Mem/uregister/ram_reg_0_15_0_5/RAMC_D1/WADR0
  -------------------------------------------------------------------    -------------------

                         (clock sys_clk_pin rise edge)
                                                      0.000     0.000 r  
    W5                                                0.000     0.000 r  clk (IN)
                         net (fo=0)                   0.000     0.000    clk
    W5                   IBUF (Prop_ibuf_I_O)         0.414     0.414 r  clk_IBUF_inst/O
                         net (fo=1, routed)           0.685     1.099    clk_IBUF
    BUFGCTRL_X0Y0        BUFG (Prop_bufg_I_O)         0.029     1.128 r  clk_IBUF_BUFG_inst/O
                         net (fo=95, routed)          0.946     2.074    U_Rx_Mem/uregister/ram_reg_0_15_0_5/WCLK
    SLICE_X2Y112         RAMD32                                       r  U_Rx_Mem/uregister/ram_reg_0_15_0_5/RAMC_D1/CLK
                         clock pessimism             -0.505     1.569    
    SLICE_X2Y112         RAMD32 (Hold_ramd32_CLK_WADR0)
                                                      0.310     1.879    U_Rx_Mem/uregister/ram_reg_0_15_0_5/RAMC_D1
  -------------------------------------------------------------------
                         required time                         -1.879    
                         arrival time                           1.903    
  -------------------------------------------------------------------
                         slack                                  0.024    

Slack (MET) :             0.024ns  (arrival time - required time)
  Source:                 U_Rx_Mem/ufifo_cu/w_ptr_reg[0]/C
                            (rising edge-triggered cell FDCE clocked by sys_clk_pin  {rise@0.000ns fall@5.000ns period=10.000ns})
  Destination:            U_Rx_Mem/uregister/ram_reg_0_15_0_5/RAMD/ADR0
                            (rising edge-triggered cell RAMS32 clocked by sys_clk_pin  {rise@0.000ns fall@5.000ns period=10.000ns})
  Path Group:             sys_clk_pin
  Path Type:              Hold (Min at Fast Process Corner)
  Requirement:            0.000ns  (sys_clk_pin rise@0.000ns - sys_clk_pin rise@0.000ns)
  Data Path Delay:        0.347ns  (logic 0.141ns (40.606%)  route 0.206ns (59.394%))
  Logic Levels:           0  
  Clock Path Skew:        0.013ns (DCD - SCD - CPR)
    Destination Clock Delay (DCD):    2.074ns
    Source Clock Delay      (SCD):    1.556ns
    Clock Pessimism Removal (CPR):    0.505ns

    Location             Delay type                Incr(ns)  Path(ns)    Netlist Resource(s)
  -------------------------------------------------------------------    -------------------
                         (clock sys_clk_pin rise edge)
                                                      0.000     0.000 r  
    W5                                                0.000     0.000 r  clk (IN)
                         net (fo=0)                   0.000     0.000    clk
    W5                   IBUF (Prop_ibuf_I_O)         0.226     0.226 r  clk_IBUF_inst/O
                         net (fo=1, routed)           0.631     0.858    clk_IBUF
    BUFGCTRL_X0Y0        BUFG (Prop_bufg_I_O)         0.026     0.884 r  clk_IBUF_BUFG_inst/O
                         net (fo=95, routed)          0.672     1.556    U_Rx_Mem/ufifo_cu/clk_IBUF_BUFG
    SLICE_X3Y112         FDCE                                         r  U_Rx_Mem/ufifo_cu/w_ptr_reg[0]/C
  -------------------------------------------------------------------    -------------------
    SLICE_X3Y112         FDCE (Prop_fdce_C_Q)         0.141     1.697 r  U_Rx_Mem/ufifo_cu/w_ptr_reg[0]/Q
                         net (fo=21, routed)          0.206     1.903    U_Rx_Mem/uregister/ram_reg_0_15_0_5/ADDRD0
    SLICE_X2Y112         RAMS32                                       r  U_Rx_Mem/uregister/ram_reg_0_15_0_5/RAMD/ADR0
  -------------------------------------------------------------------    -------------------

                         (clock sys_clk_pin rise edge)
                                                      0.000     0.000 r  
    W5                                                0.000     0.000 r  clk (IN)
                         net (fo=0)                   0.000     0.000    clk
    W5                   IBUF (Prop_ibuf_I_O)         0.414     0.414 r  clk_IBUF_inst/O
                         net (fo=1, routed)           0.685     1.099    clk_IBUF
    BUFGCTRL_X0Y0        BUFG (Prop_bufg_I_O)         0.029     1.128 r  clk_IBUF_BUFG_inst/O
                         net (fo=95, routed)          0.946     2.074    U_Rx_Mem/uregister/ram_reg_0_15_0_5/WCLK
    SLICE_X2Y112         RAMS32                                       r  U_Rx_Mem/uregister/ram_reg_0_15_0_5/RAMD/CLK
                         clock pessimism             -0.505     1.569    
    SLICE_X2Y112         RAMS32 (Hold_rams32_CLK_ADR0)
                                                      0.310     1.879    U_Rx_Mem/uregister/ram_reg_0_15_0_5/RAMD
  -------------------------------------------------------------------
                         required time                         -1.879    
                         arrival time                           1.903    
  -------------------------------------------------------------------
                         slack                                  0.024    

Slack (MET) :             0.024ns  (arrival time - required time)
  Source:                 U_Rx_Mem/ufifo_cu/w_ptr_reg[0]/C
                            (rising edge-triggered cell FDCE clocked by sys_clk_pin  {rise@0.000ns fall@5.000ns period=10.000ns})
  Destination:            U_Rx_Mem/uregister/ram_reg_0_15_0_5/RAMD_D1/ADR0
                            (rising edge-triggered cell RAMS32 clocked by sys_clk_pin  {rise@0.000ns fall@5.000ns period=10.000ns})
  Path Group:             sys_clk_pin
  Path Type:              Hold (Min at Fast Process Corner)
  Requirement:            0.000ns  (sys_clk_pin rise@0.000ns - sys_clk_pin rise@0.000ns)
  Data Path Delay:        0.347ns  (logic 0.141ns (40.606%)  route 0.206ns (59.394%))
  Logic Levels:           0  
  Clock Path Skew:        0.013ns (DCD - SCD - CPR)
    Destination Clock Delay (DCD):    2.074ns
    Source Clock Delay      (SCD):    1.556ns
    Clock Pessimism Removal (CPR):    0.505ns

    Location             Delay type                Incr(ns)  Path(ns)    Netlist Resource(s)
  -------------------------------------------------------------------    -------------------
                         (clock sys_clk_pin rise edge)
                                                      0.000     0.000 r  
    W5                                                0.000     0.000 r  clk (IN)
                         net (fo=0)                   0.000     0.000    clk
    W5                   IBUF (Prop_ibuf_I_O)         0.226     0.226 r  clk_IBUF_inst/O
                         net (fo=1, routed)           0.631     0.858    clk_IBUF
    BUFGCTRL_X0Y0        BUFG (Prop_bufg_I_O)         0.026     0.884 r  clk_IBUF_BUFG_inst/O
                         net (fo=95, routed)          0.672     1.556    U_Rx_Mem/ufifo_cu/clk_IBUF_BUFG
    SLICE_X3Y112         FDCE                                         r  U_Rx_Mem/ufifo_cu/w_ptr_reg[0]/C
  -------------------------------------------------------------------    -------------------
    SLICE_X3Y112         FDCE (Prop_fdce_C_Q)         0.141     1.697 r  U_Rx_Mem/ufifo_cu/w_ptr_reg[0]/Q
                         net (fo=21, routed)          0.206     1.903    U_Rx_Mem/uregister/ram_reg_0_15_0_5/ADDRD0
    SLICE_X2Y112         RAMS32                                       r  U_Rx_Mem/uregister/ram_reg_0_15_0_5/RAMD_D1/ADR0
  -------------------------------------------------------------------    -------------------

                         (clock sys_clk_pin rise edge)
                                                      0.000     0.000 r  
    W5                                                0.000     0.000 r  clk (IN)
                         net (fo=0)                   0.000     0.000    clk
    W5                   IBUF (Prop_ibuf_I_O)         0.414     0.414 r  clk_IBUF_inst/O
                         net (fo=1, routed)           0.685     1.099    clk_IBUF
    BUFGCTRL_X0Y0        BUFG (Prop_bufg_I_O)         0.029     1.128 r  clk_IBUF_BUFG_inst/O
                         net (fo=95, routed)          0.946     2.074    U_Rx_Mem/uregister/ram_reg_0_15_0_5/WCLK
    SLICE_X2Y112         RAMS32                                       r  U_Rx_Mem/uregister/ram_reg_0_15_0_5/RAMD_D1/CLK
                         clock pessimism             -0.505     1.569    
    SLICE_X2Y112         RAMS32 (Hold_rams32_CLK_ADR0)
                                                      0.310     1.879    U_Rx_Mem/uregister/ram_reg_0_15_0_5/RAMD_D1
  -------------------------------------------------------------------
                         required time                         -1.879    
                         arrival time                           1.903    
  -------------------------------------------------------------------
                         slack                                  0.024    

Slack (MET) :             0.084ns  (arrival time - required time)
  Source:                 U_Rx_Mem/ufifo_cu/w_ptr_reg[1]/C
                            (rising edge-triggered cell FDCE clocked by sys_clk_pin  {rise@0.000ns fall@5.000ns period=10.000ns})
  Destination:            U_Rx_Mem/uregister/ram_reg_0_15_0_5/RAMA/WADR1
                            (rising edge-triggered cell RAMD32 clocked by sys_clk_pin  {rise@0.000ns fall@5.000ns period=10.000ns})
  Path Group:             sys_clk_pin
  Path Type:              Hold (Min at Fast Process Corner)
  Requirement:            0.000ns  (sys_clk_pin rise@0.000ns - sys_clk_pin rise@0.000ns)
  Data Path Delay:        0.352ns  (logic 0.128ns (36.409%)  route 0.224ns (63.591%))
  Logic Levels:           0  
  Clock Path Skew:        0.013ns (DCD - SCD - CPR)
    Destination Clock Delay (DCD):    2.074ns
    Source Clock Delay      (SCD):    1.556ns
    Clock Pessimism Removal (CPR):    0.505ns

    Location             Delay type                Incr(ns)  Path(ns)    Netlist Resource(s)
  -------------------------------------------------------------------    -------------------
                         (clock sys_clk_pin rise edge)
                                                      0.000     0.000 r  
    W5                                                0.000     0.000 r  clk (IN)
                         net (fo=0)                   0.000     0.000    clk
    W5                   IBUF (Prop_ibuf_I_O)         0.226     0.226 r  clk_IBUF_inst/O
                         net (fo=1, routed)           0.631     0.858    clk_IBUF
    BUFGCTRL_X0Y0        BUFG (Prop_bufg_I_O)         0.026     0.884 r  clk_IBUF_BUFG_inst/O
                         net (fo=95, routed)          0.672     1.556    U_Rx_Mem/ufifo_cu/clk_IBUF_BUFG
    SLICE_X3Y112         FDCE                                         r  U_Rx_Mem/ufifo_cu/w_ptr_reg[1]/C
  -------------------------------------------------------------------    -------------------
    SLICE_X3Y112         FDCE (Prop_fdce_C_Q)         0.128     1.684 r  U_Rx_Mem/ufifo_cu/w_ptr_reg[1]/Q
                         net (fo=20, routed)          0.224     1.907    U_Rx_Mem/uregister/ram_reg_0_15_0_5/ADDRD1
    SLICE_X2Y112         RAMD32                                       r  U_Rx_Mem/uregister/ram_reg_0_15_0_5/RAMA/WADR1
  -------------------------------------------------------------------    -------------------

                         (clock sys_clk_pin rise edge)
                                                      0.000     0.000 r  
    W5                                                0.000     0.000 r  clk (IN)
                         net (fo=0)                   0.000     0.000    clk
    W5                   IBUF (Prop_ibuf_I_O)         0.414     0.414 r  clk_IBUF_inst/O
                         net (fo=1, routed)           0.685     1.099    clk_IBUF
    BUFGCTRL_X0Y0        BUFG (Prop_bufg_I_O)         0.029     1.128 r  clk_IBUF_BUFG_inst/O
                         net (fo=95, routed)          0.946     2.074    U_Rx_Mem/uregister/ram_reg_0_15_0_5/WCLK
    SLICE_X2Y112         RAMD32                                       r  U_Rx_Mem/uregister/ram_reg_0_15_0_5/RAMA/CLK
                         clock pessimism             -0.505     1.569    
    SLICE_X2Y112         RAMD32 (Hold_ramd32_CLK_WADR1)
                                                      0.255     1.824    U_Rx_Mem/uregister/ram_reg_0_15_0_5/RAMA
  -------------------------------------------------------------------
                         required time                         -1.824    
                         arrival time                           1.907    
  -------------------------------------------------------------------
                         slack                                  0.084    

Slack (MET) :             0.084ns  (arrival time - required time)
  Source:                 U_Rx_Mem/ufifo_cu/w_ptr_reg[1]/C
                            (rising edge-triggered cell FDCE clocked by sys_clk_pin  {rise@0.000ns fall@5.000ns period=10.000ns})
  Destination:            U_Rx_Mem/uregister/ram_reg_0_15_0_5/RAMA_D1/WADR1
                            (rising edge-triggered cell RAMD32 clocked by sys_clk_pin  {rise@0.000ns fall@5.000ns period=10.000ns})
  Path Group:             sys_clk_pin
  Path Type:              Hold (Min at Fast Process Corner)
  Requirement:            0.000ns  (sys_clk_pin rise@0.000ns - sys_clk_pin rise@0.000ns)
  Data Path Delay:        0.352ns  (logic 0.128ns (36.409%)  route 0.224ns (63.591%))
  Logic Levels:           0  
  Clock Path Skew:        0.013ns (DCD - SCD - CPR)
    Destination Clock Delay (DCD):    2.074ns
    Source Clock Delay      (SCD):    1.556ns
    Clock Pessimism Removal (CPR):    0.505ns

    Location             Delay type                Incr(ns)  Path(ns)    Netlist Resource(s)
  -------------------------------------------------------------------    -------------------
                         (clock sys_clk_pin rise edge)
                                                      0.000     0.000 r  
    W5                                                0.000     0.000 r  clk (IN)
                         net (fo=0)                   0.000     0.000    clk
    W5                   IBUF (Prop_ibuf_I_O)         0.226     0.226 r  clk_IBUF_inst/O
                         net (fo=1, routed)           0.631     0.858    clk_IBUF
    BUFGCTRL_X0Y0        BUFG (Prop_bufg_I_O)         0.026     0.884 r  clk_IBUF_BUFG_inst/O
                         net (fo=95, routed)          0.672     1.556    U_Rx_Mem/ufifo_cu/clk_IBUF_BUFG
    SLICE_X3Y112         FDCE                                         r  U_Rx_Mem/ufifo_cu/w_ptr_reg[1]/C
  -------------------------------------------------------------------    -------------------
    SLICE_X3Y112         FDCE (Prop_fdce_C_Q)         0.128     1.684 r  U_Rx_Mem/ufifo_cu/w_ptr_reg[1]/Q
                         net (fo=20, routed)          0.224     1.907    U_Rx_Mem/uregister/ram_reg_0_15_0_5/ADDRD1
    SLICE_X2Y112         RAMD32                                       r  U_Rx_Mem/uregister/ram_reg_0_15_0_5/RAMA_D1/WADR1
  -------------------------------------------------------------------    -------------------

                         (clock sys_clk_pin rise edge)
                                                      0.000     0.000 r  
    W5                                                0.000     0.000 r  clk (IN)
                         net (fo=0)                   0.000     0.000    clk
    W5                   IBUF (Prop_ibuf_I_O)         0.414     0.414 r  clk_IBUF_inst/O
                         net (fo=1, routed)           0.685     1.099    clk_IBUF
    BUFGCTRL_X0Y0        BUFG (Prop_bufg_I_O)         0.029     1.128 r  clk_IBUF_BUFG_inst/O
                         net (fo=95, routed)          0.946     2.074    U_Rx_Mem/uregister/ram_reg_0_15_0_5/WCLK
    SLICE_X2Y112         RAMD32                                       r  U_Rx_Mem/uregister/ram_reg_0_15_0_5/RAMA_D1/CLK
                         clock pessimism             -0.505     1.569    
    SLICE_X2Y112         RAMD32 (Hold_ramd32_CLK_WADR1)
                                                      0.255     1.824    U_Rx_Mem/uregister/ram_reg_0_15_0_5/RAMA_D1
  -------------------------------------------------------------------
                         required time                         -1.824    
                         arrival time                           1.907    
  -------------------------------------------------------------------
                         slack                                  0.084    





Pulse Width Checks
--------------------------------------------------------------------------------------
Clock Name:         sys_clk_pin
Waveform(ns):       { 0.000 5.000 }
Period(ns):         10.000
Sources:            { clk }

Check Type        Corner  Lib Pin     Reference Pin  Required(ns)  Actual(ns)  Slack(ns)  Location       Pin
Min Period        n/a     BUFG/I      n/a            2.155         10.000      7.845      BUFGCTRL_X0Y0  clk_IBUF_BUFG_inst/I
Min Period        n/a     FDPE/C      n/a            1.000         10.000      9.000      SLICE_X5Y112   U_Rx_Mem/ufifo_cu/empty_reg_reg/C
Min Period        n/a     FDCE/C      n/a            1.000         10.000      9.000      SLICE_X3Y113   U_Rx_Mem/ufifo_cu/full_reg_reg/C
Min Period        n/a     FDCE/C      n/a            1.000         10.000      9.000      SLICE_X0Y112   U_Rx_Mem/ufifo_cu/r_ptr_reg[0]/C
Min Period        n/a     FDCE/C      n/a            1.000         10.000      9.000      SLICE_X0Y112   U_Rx_Mem/ufifo_cu/r_ptr_reg[1]/C
Min Period        n/a     FDCE/C      n/a            1.000         10.000      9.000      SLICE_X1Y112   U_Rx_Mem/ufifo_cu/r_ptr_reg[2]/C
Min Period        n/a     FDCE/C      n/a            1.000         10.000      9.000      SLICE_X1Y112   U_Rx_Mem/ufifo_cu/r_ptr_reg[3]/C
Min Period        n/a     FDCE/C      n/a            1.000         10.000      9.000      SLICE_X3Y112   U_Rx_Mem/ufifo_cu/w_ptr_reg[0]/C
Min Period        n/a     FDCE/C      n/a            1.000         10.000      9.000      SLICE_X3Y112   U_Rx_Mem/ufifo_cu/w_ptr_reg[1]/C
Min Period        n/a     FDCE/C      n/a            1.000         10.000      9.000      SLICE_X3Y112   U_Rx_Mem/ufifo_cu/w_ptr_reg[2]/C
Low Pulse Width   Slow    RAMD32/CLK  n/a            1.250         5.000       3.750      SLICE_X2Y112   U_Rx_Mem/uregister/ram_reg_0_15_0_5/RAMA/CLK
Low Pulse Width   Fast    RAMD32/CLK  n/a            1.250         5.000       3.750      SLICE_X2Y112   U_Rx_Mem/uregister/ram_reg_0_15_0_5/RAMA/CLK
Low Pulse Width   Slow    RAMD32/CLK  n/a            1.250         5.000       3.750      SLICE_X2Y112   U_Rx_Mem/uregister/ram_reg_0_15_0_5/RAMA_D1/CLK
Low Pulse Width   Fast    RAMD32/CLK  n/a            1.250         5.000       3.750      SLICE_X2Y112   U_Rx_Mem/uregister/ram_reg_0_15_0_5/RAMA_D1/CLK
Low Pulse Width   Slow    RAMD32/CLK  n/a            1.250         5.000       3.750      SLICE_X2Y112   U_Rx_Mem/uregister/ram_reg_0_15_0_5/RAMB/CLK
Low Pulse Width   Fast    RAMD32/CLK  n/a            1.250         5.000       3.750      SLICE_X2Y112   U_Rx_Mem/uregister/ram_reg_0_15_0_5/RAMB/CLK
Low Pulse Width   Slow    RAMD32/CLK  n/a            1.250         5.000       3.750      SLICE_X2Y112   U_Rx_Mem/uregister/ram_reg_0_15_0_5/RAMB_D1/CLK
Low Pulse Width   Fast    RAMD32/CLK  n/a            1.250         5.000       3.750      SLICE_X2Y112   U_Rx_Mem/uregister/ram_reg_0_15_0_5/RAMB_D1/CLK
Low Pulse Width   Slow    RAMD32/CLK  n/a            1.250         5.000       3.750      SLICE_X2Y112   U_Rx_Mem/uregister/ram_reg_0_15_0_5/RAMC/CLK
Low Pulse Width   Fast    RAMD32/CLK  n/a            1.250         5.000       3.750      SLICE_X2Y112   U_Rx_Mem/uregister/ram_reg_0_15_0_5/RAMC/CLK
High Pulse Width  Slow    RAMD32/CLK  n/a            1.250         5.000       3.750      SLICE_X2Y112   U_Rx_Mem/uregister/ram_reg_0_15_0_5/RAMA/CLK
High Pulse Width  Fast    RAMD32/CLK  n/a            1.250         5.000       3.750      SLICE_X2Y112   U_Rx_Mem/uregister/ram_reg_0_15_0_5/RAMA/CLK
High Pulse Width  Slow    RAMD32/CLK  n/a            1.250         5.000       3.750      SLICE_X2Y112   U_Rx_Mem/uregister/ram_reg_0_15_0_5/RAMA_D1/CLK
High Pulse Width  Fast    RAMD32/CLK  n/a            1.250         5.000       3.750      SLICE_X2Y112   U_Rx_Mem/uregister/ram_reg_0_15_0_5/RAMA_D1/CLK
High Pulse Width  Slow    RAMD32/CLK  n/a            1.250         5.000       3.750      SLICE_X2Y112   U_Rx_Mem/uregister/ram_reg_0_15_0_5/RAMB/CLK
High Pulse Width  Fast    RAMD32/CLK  n/a            1.250         5.000       3.750      SLICE_X2Y112   U_Rx_Mem/uregister/ram_reg_0_15_0_5/RAMB/CLK
High Pulse Width  Slow    RAMD32/CLK  n/a            1.250         5.000       3.750      SLICE_X2Y112   U_Rx_Mem/uregister/ram_reg_0_15_0_5/RAMB_D1/CLK
High Pulse Width  Fast    RAMD32/CLK  n/a            1.250         5.000       3.750      SLICE_X2Y112   U_Rx_Mem/uregister/ram_reg_0_15_0_5/RAMB_D1/CLK
High Pulse Width  Slow    RAMD32/CLK  n/a            1.250         5.000       3.750      SLICE_X2Y112   U_Rx_Mem/uregister/ram_reg_0_15_0_5/RAMC/CLK
High Pulse Width  Fast    RAMD32/CLK  n/a            1.250         5.000       3.750      SLICE_X2Y112   U_Rx_Mem/uregister/ram_reg_0_15_0_5/RAMC/CLK



