Copyright 1986-2020 Xilinx, Inc. All Rights Reserved.
------------------------------------------------------------------------------------------------------------------
| Tool Version : Vivado v.2020.2 (win64) Build 3064766 Wed Nov 18 09:12:45 MST 2020
| Date         : Wed Mar 26 20:05:49 2025
| Host         : DESKTOP-7CFQ9ND running 64-bit major release  (build 9200)
| Command      : report_drc -file TOP_DHT11_drc_opted.rpt -pb TOP_DHT11_drc_opted.pb -rpx TOP_DHT11_drc_opted.rpx
| Design       : TOP_DHT11
| Device       : xc7a35tcpg236-1
| Speed File   : -1
| Design State : Synthesized
------------------------------------------------------------------------------------------------------------------

Report DRC

Table of Contents
-----------------
1. REPORT SUMMARY
2. REPORT DETAILS

1. REPORT SUMMARY
-----------------
            Netlist: netlist
          Floorplan: design_1
      Design limits: <entire design considered>
           Ruledeck: default
             Max violations: <unlimited>
             Violations found: 2
+-----------+----------+------------------------------------------------+------------+
| Rule      | Severity | Description                                    | Violations |
+-----------+----------+------------------------------------------------+------------+
| PLIO-5    | Error    | Placement Constraints Check for IO constraints | 1          |
| REQP-1582 | Error    | iobuf_io_loaded                                | 1          |
+-----------+----------+------------------------------------------------+------------+

2. REPORT DETAILS
-----------------
PLIO-5#1 Error
Placement Constraints Check for IO constraints  
IO term dht_IO has following unbuffered loads :  U_ILA/inst/ila_core_inst/shifted_data_in_reg[7][0]_srl8(SRL16E) U_ILA/inst/ila_core_inst/u_trig/U_TM/N_DDR_MODE.G_NMU[0].U_M/allx_typeA_match_detection.ltlib_v1_0_0_allx_typeA_inst/probeDelay1[0]_i_1(LUT3)
Related violations: <none>

REQP-1582#1 Error
iobuf_io_loaded  
IOBUF U_DHT_CU/dht_IO_IOBUF_inst pin IO drives one or more invalid loads.
Related violations: <none>


