#-----------------------------------------------------------
# Vivado v2020.2 (64-bit)
# SW Build 3064766 on Wed Nov 18 09:12:45 MST 2020
# IP Build 3064653 on Wed Nov 18 14:17:31 MST 2020
# Start of session at: Tue May 20 09:13:13 2025
# Process ID: 16032
# Current directory: C:/harman/FPGA_Harman-1/20250519_SPI_M
# Command line: vivado.exe -gui_launcher_event rodinguilauncherevent8600 C:\harman\FPGA_Harman-1\20250519_SPI_M\20250519_SPI_M.xpr
# Log file: C:/harman/FPGA_Harman-1/20250519_SPI_M/vivado.log
# Journal file: C:/harman/FPGA_Harman-1/20250519_SPI_M\vivado.jou
#-----------------------------------------------------------
start_gui
open_project C:/harman/FPGA_Harman-1/20250519_SPI_M/20250519_SPI_M.xpr
update_compile_order -fileset sources_1
launch_simulation
source tb_slave.tcl
relaunch_sim
relaunch_sim
relaunch_sim
relaunch_sim
relaunch_sim
relaunch_sim
add_files -norecurse -scan_for_includes {C:/harman/FPGA_Harman-1/20250519_SPI_M/20250519_SPI_M.srcs/sources_1/new/SPI_Master.v C:/harman/FPGA_Harman-1/20250519_SPI_M/20250519_SPI_M.srcs/sources_1/new/SPI_Slave.v}
relaunch_sim
relaunch_sim
relaunch_sim
save_wave_config {C:/harman/FPGA_Harman-1/20250519_SPI_M/tb_slave_behav.wcfg}
add_files -fileset sim_1 -norecurse C:/harman/FPGA_Harman-1/20250519_SPI_M/tb_slave_behav.wcfg
set_property xsim.view C:/harman/FPGA_Harman-1/20250519_SPI_M/tb_slave_behav.wcfg [get_filesets sim_1]
close_sim
close_project
create_project 20250520_SPI C:/harman/FPGA_Harman-1/20250520_SPI -part xc7a35tcpg236-1
set_property board_part digilentinc.com:basys3:part0:1.1 [current_project]
file mkdir C:/harman/FPGA_Harman-1/20250520_SPI/20250520_SPI.srcs/sources_1/new
close [ open C:/harman/FPGA_Harman-1/20250520_SPI/20250520_SPI.srcs/sources_1/new/SPI_Slave.v w ]
add_files C:/harman/FPGA_Harman-1/20250520_SPI/20250520_SPI.srcs/sources_1/new/SPI_Slave.v
update_compile_order -fileset sources_1
# Disabling source management mode.  This is to allow the top design properties to be set without GUI intervention.
set_property source_mgmt_mode None [current_project]
set_property top SPI_Slave_Interface [current_fileset]
# Re-enabling previously disabled source management mode.
set_property source_mgmt_mode All [current_project]
synth_design -rtl -rtl_skip_mlo -name rtl_1
