Copyright 1986-2022 Xilinx, Inc. All Rights Reserved. Copyright 2022-2024 Advanced Micro Devices, Inc. All Rights Reserved.
---------------------------------------------------------------------------------------------------------------------------------------------
| Tool Version : Vivado v.2024.2.1 (win64) Build 5266912 Sun Dec 15 09:03:24 MST 2024
| Date         : Thu Mar 13 06:23:43 2025
| Host         : PKLT running 64-bit major release  (build 9200)
| Command      : report_control_sets -verbose -file top_my_watch_control_sets_placed.rpt
| Design       : top_my_watch
| Device       : xc7a35t
---------------------------------------------------------------------------------------------------------------------------------------------

Control Set Information

Table of Contents
-----------------
1. Summary
2. Histogram
3. Flip-Flop Distribution
4. Detailed Control Set Information

1. Summary
----------

+----------------------------------------------------------+-------+
|                          Status                          | Count |
+----------------------------------------------------------+-------+
| Total control sets                                       |    16 |
|    Minimum number of control sets                        |    16 |
|    Addition due to synthesis replication                 |     0 |
|    Addition due to physical synthesis replication        |     0 |
| Unused register locations in slices containing registers |    32 |
+----------------------------------------------------------+-------+
* Control sets can be merged at opt_design using control_set_merge or merge_equivalent_drivers
** Run report_qor_suggestions for automated merging and remapping suggestions


2. Histogram
------------

+--------------------+-------+
|       Fanout       | Count |
+--------------------+-------+
| Total control sets |    16 |
| >= 0 to < 4        |     1 |
| >= 4 to < 6        |     1 |
| >= 6 to < 8        |     7 |
| >= 8 to < 10       |     5 |
| >= 10 to < 12      |     0 |
| >= 12 to < 14      |     0 |
| >= 14 to < 16      |     0 |
| >= 16              |     2 |
+--------------------+-------+
* Control sets can be remapped at either synth_design or opt_design


3. Flip-Flop Distribution
-------------------------

+--------------+-----------------------+------------------------+-----------------+--------------+
| Clock Enable | Synchronous Set/Reset | Asynchronous Set/Reset | Total Registers | Total Slices |
+--------------+-----------------------+------------------------+-----------------+--------------+
| No           | No                    | No                     |               0 |            0 |
| No           | No                    | Yes                    |             156 |           49 |
| No           | Yes                   | No                     |               0 |            0 |
| Yes          | No                    | No                     |               0 |            0 |
| Yes          | No                    | Yes                    |              68 |           26 |
| Yes          | Yes                   | No                     |               0 |            0 |
+--------------+-----------------------+------------------------+-----------------+--------------+


4. Detailed Control Set Information
-----------------------------------

+--------------------------------------------------+---------------------------------------------------------------+------------------+------------------+----------------+--------------+
|                   Clock Signal                   |                         Enable Signal                         | Set/Reset Signal | Slice Load Count | Bel Load Count | Bels / Slice |
+--------------------------------------------------+---------------------------------------------------------------+------------------+------------------+----------------+--------------+
|  U_fnd_cntl/U_Clk_Divider/CLK                    |                                                               | reset_IBUF       |                2 |              3 |         1.50 |
|  clk_IBUF_BUFG                                   | U_Watch/U_watch_CU/FSM_onehot_state[3]_i_1_n_0                | reset_IBUF       |                2 |              4 |         2.00 |
|  clk_IBUF_BUFG                                   | U_Stopwatch/U_Stopwatch_DP/U_Tick_100hz/r_tick_100hz_reg_2[0] | reset_IBUF       |                2 |              6 |         3.00 |
|  clk_IBUF_BUFG                                   | U_Stopwatch/U_Stopwatch_DP/U_Tick_100hz/r_tick_100hz_reg_0[0] | reset_IBUF       |                4 |              6 |         1.50 |
|  clk_IBUF_BUFG                                   | U_Watch/U_watch_DP/U_Count_Hour0/counter_reg[5]_i_1__4_n_0    | reset_IBUF       |                2 |              6 |         3.00 |
|  clk_IBUF_BUFG                                   | U_Watch/U_watch_DP/U_Count_Min0/counter_reg[5]_i_1__3_n_0     | reset_IBUF       |                3 |              6 |         2.00 |
|  clk_IBUF_BUFG                                   | U_Watch/U_watch_DP/U_Count_sec0/counter_reg[5]_i_1__2_n_0     | reset_IBUF       |                2 |              6 |         3.00 |
|  clk_IBUF_BUFG                                   | U_Stopwatch/U_Stopwatch_DP/U_Count_Msec/E[0]                  | reset_IBUF       |                1 |              6 |         6.00 |
|  clk_IBUF_BUFG                                   | U_Stopwatch/U_Stopwatch_DP/U_Tick_100hz/r_tick_100hz_reg_1[0] | reset_IBUF       |                4 |              7 |         1.75 |
|  U_Watch/U_BTN_Debounce_Hour/r_1khz_reg_n_0      |                                                               | reset_IBUF       |                2 |              8 |         4.00 |
|  U_Watch/U_BTN_Debounce_Min/r_1khz_reg_n_0       |                                                               | reset_IBUF       |                1 |              8 |         8.00 |
|  U_Watch/U_BTN_Debounce_Sec/r_1khz               |                                                               | reset_IBUF       |                1 |              8 |         8.00 |
|  U_Stopwatch/U_BTN_Debounce_RUN_STOP/r_1khz      |                                                               | reset_IBUF       |                2 |              8 |         4.00 |
|  U_Stopwatch/U_BTN_Debounce_CLEAR/r_1khz_reg_n_0 |                                                               | reset_IBUF       |                2 |              8 |         4.00 |
|  clk_IBUF_BUFG                                   | U_Stopwatch/U_Stopwatch_CU/w_run_stop                         | reset_IBUF       |                6 |             21 |         3.50 |
|  clk_IBUF_BUFG                                   |                                                               | reset_IBUF       |               39 |            113 |         2.90 |
+--------------------------------------------------+---------------------------------------------------------------+------------------+------------------+----------------+--------------+


