Copyright 1986-2020 Xilinx, Inc. All Rights Reserved.
----------------------------------------------------------------------------------------
| Tool Version : Vivado v.2020.2 (win64) Build 3064766 Wed Nov 18 09:12:45 MST 2020
| Date         : Fri May 16 21:52:36 2025
| Host         : korchamHoyoun24 running 64-bit major release  (build 9200)
| Command      : report_control_sets -verbose -file top_SPI_FND_control_sets_placed.rpt
| Design       : top_SPI_FND
| Device       : xc7a35t
----------------------------------------------------------------------------------------

Control Set Information

Table of Contents
-----------------
1. Summary
2. Histogram
3. Flip-Flop Distribution
4. Detailed Control Set Information

1. Summary
----------

+----------------------------------------------------------+-------+
|                          Status                          | Count |
+----------------------------------------------------------+-------+
| Total control sets                                       |     8 |
|    Minimum number of control sets                        |     8 |
|    Addition due to synthesis replication                 |     0 |
|    Addition due to physical synthesis replication        |     0 |
| Unused register locations in slices containing registers |    21 |
+----------------------------------------------------------+-------+
* Control sets can be merged at opt_design using control_set_merge or merge_equivalent_drivers
** Run report_qor_suggestions for automated merging and remapping suggestions


2. Histogram
------------

+--------------------+-------+
|       Fanout       | Count |
+--------------------+-------+
| Total control sets |     8 |
| >= 0 to < 4        |     1 |
| >= 4 to < 6        |     0 |
| >= 6 to < 8        |     2 |
| >= 8 to < 10       |     3 |
| >= 10 to < 12      |     1 |
| >= 12 to < 14      |     0 |
| >= 14 to < 16      |     0 |
| >= 16              |     1 |
+--------------------+-------+
* Control sets can be remapped at either synth_design or opt_design


3. Flip-Flop Distribution
-------------------------

+--------------+-----------------------+------------------------+-----------------+--------------+
| Clock Enable | Synchronous Set/Reset | Asynchronous Set/Reset | Total Registers | Total Slices |
+--------------+-----------------------+------------------------+-----------------+--------------+
| No           | No                    | No                     |               0 |            0 |
| No           | No                    | Yes                    |              68 |           23 |
| No           | Yes                   | No                     |               0 |            0 |
| Yes          | No                    | No                     |               0 |            0 |
| Yes          | No                    | Yes                    |              39 |           17 |
| Yes          | Yes                   | No                     |               0 |            0 |
+--------------+-----------------------+------------------------+-----------------+--------------+


4. Detailed Control Set Information
-----------------------------------

+------------------------+---------------------------------+------------------+------------------+----------------+--------------+
|      Clock Signal      |          Enable Signal          | Set/Reset Signal | Slice Load Count | Bel Load Count | Bels / Slice |
+------------------------+---------------------------------+------------------+------------------+----------------+--------------+
|  SCLK_BUFG             |                                 | reset_IBUF       |                1 |              1 |         1.00 |
|  sys_clk_IBUF_BUFG     | u_SPI_FND/u_IP_CU/data_next[13] | reset_IBUF       |                2 |              6 |         3.00 |
|  sys_clk_IBUF_BUFG     | u_SPI_Master/tx_count_next      | reset_IBUF       |                2 |              6 |         3.00 |
|  u_btn_debounce/r_1khz |                                 | reset_IBUF       |                2 |              8 |         4.00 |
|  sys_clk_IBUF_BUFG     | u_SPI_FND/u_IP_CU/data_next[7]  | reset_IBUF       |                5 |              8 |         1.60 |
|  sys_clk_IBUF_BUFG     | u_input_Master/data_next        | reset_IBUF       |                3 |              8 |         2.67 |
|  SCLK_BUFG             | u_SPI_Master/E[0]               | reset_IBUF       |                5 |             11 |         2.20 |
|  sys_clk_IBUF_BUFG     |                                 | reset_IBUF       |               20 |             59 |         2.95 |
+------------------------+---------------------------------+------------------+------------------+----------------+--------------+


