#-----------------------------------------------------------
# Vivado v2024.2.1 (64-bit)
# SW Build 5266912 on Sun Dec 15 09:03:24 MST 2024
# IP Build 5264866 on Sun Dec 15 16:27:47 MST 2024
# SharedData Build 5264680 on Wed Dec 11 12:48:36 MST 2024
# Start of session at: Tue Mar  4 03:41:04 2025
# Process ID         : 64784
# Current directory  : D:/haman/project_2/project_2.runs/impl_1
# Command line       : vivado.exe -log bit8_calculator.vdi -applog -product Vivado -messageDb vivado.pb -mode batch -source bit8_calculator.tcl -notrace
# Log file           : D:/haman/project_2/project_2.runs/impl_1/bit8_calculator.vdi
# Journal file       : D:/haman/project_2/project_2.runs/impl_1\vivado.jou
# Running On         : PKLT
# Platform           : Windows Server 2016 or Windows 10
# Operating System   : 26100
# Processor Detail   : 11th Gen Intel(R) Core(TM) i5-1135G7 @ 2.40GHz
# CPU Frequency      : 2419 MHz
# CPU Physical cores : 4
# CPU Logical cores  : 8
# Host memory        : 34069 MB
# Swap memory        : 2147 MB
# Total Virtual      : 36216 MB
# Available Virtual  : 7015 MB
#-----------------------------------------------------------
source bit8_calculator.tcl -notrace
