Copyright 1986-2020 Xilinx, Inc. All Rights Reserved.
--------------------------------------------------------------------------------------------------------------------------------------------------------------------------------------------------
| Tool Version : Vivado v.2020.2 (win64) Build 3064766 Wed Nov 18 09:12:45 MST 2020
| Date         : Wed Mar 26 14:16:37 2025
| Host         : DESKTOP-7CFQ9ND running 64-bit major release  (build 9200)
| Command      : report_timing_summary -max_paths 10 -file TOP_DHT11_timing_summary_routed.rpt -pb TOP_DHT11_timing_summary_routed.pb -rpx TOP_DHT11_timing_summary_routed.rpx -warn_on_violation
| Design       : TOP_DHT11
| Device       : 7a35t-cpg236
| Speed File   : -1  PRODUCTION 1.23 2018-06-13
--------------------------------------------------------------------------------------------------------------------------------------------------------------------------------------------------

Timing Summary Report

------------------------------------------------------------------------------------------------
| Timer Settings
| --------------
------------------------------------------------------------------------------------------------

  Enable Multi Corner Analysis               :  Yes
  Enable Pessimism Removal                   :  Yes
  Pessimism Removal Resolution               :  Nearest Common Node
  Enable Input Delay Default Clock           :  No
  Enable Preset / Clear Arcs                 :  No
  Disable Flight Delays                      :  No
  Ignore I/O Paths                           :  No
  Timing Early Launch at Borrowing Latches   :  No
  Borrow Time for Max Delay Exceptions       :  Yes
  Merge Timing Exceptions                    :  Yes

  Corner  Analyze    Analyze    
  Name    Max Paths  Min Paths  
  ------  ---------  ---------  
  Slow    Yes        Yes        
  Fast    Yes        Yes        



check_timing report

Table of Contents
-----------------
1. checking no_clock (0)
2. checking constant_clock (0)
3. checking pulse_width_clock (0)
4. checking unconstrained_internal_endpoints (0)
5. checking no_input_delay (3)
6. checking no_output_delay (5)
7. checking multiple_clock (0)
8. checking generated_clocks (0)
9. checking loops (0)
10. checking partial_input_delay (0)
11. checking partial_output_delay (0)
12. checking latch_loops (0)

1. checking no_clock (0)
------------------------
 There are 0 register/latch pins with no clock.


2. checking constant_clock (0)
------------------------------
 There are 0 register/latch pins with constant_clock.


3. checking pulse_width_clock (0)
---------------------------------
 There are 0 register/latch pins which need pulse_width check


4. checking unconstrained_internal_endpoints (0)
------------------------------------------------
 There are 0 pins that are not constrained for maximum delay.

 There are 0 pins that are not constrained for maximum delay due to constant clock.


5. checking no_input_delay (3)
------------------------------
 There are 3 input ports with no input delay specified. (HIGH)

 There are 0 input ports with no input delay but user has a false path constraint.


6. checking no_output_delay (5)
-------------------------------
 There are 5 ports with no output delay specified. (HIGH)

 There are 0 ports with no output delay but user has a false path constraint

 There are 0 ports with no output delay but with a timing clock defined on it or propagating through it


7. checking multiple_clock (0)
------------------------------
 There are 0 register/latch pins with multiple clocks.


8. checking generated_clocks (0)
--------------------------------
 There are 0 generated clocks that are not connected to a clock source.


9. checking loops (0)
---------------------
 There are 0 combinational loops in the design.


10. checking partial_input_delay (0)
------------------------------------
 There are 0 input ports with partial input delay specified.


11. checking partial_output_delay (0)
-------------------------------------
 There are 0 ports with partial output delay specified.


12. checking latch_loops (0)
----------------------------
 There are 0 combinational latch loops in the design through latch input



------------------------------------------------------------------------------------------------
| Design Timing Summary
| ---------------------
------------------------------------------------------------------------------------------------

    WNS(ns)      TNS(ns)  TNS Failing Endpoints  TNS Total Endpoints      WHS(ns)      THS(ns)  THS Failing Endpoints  THS Total Endpoints     WPWS(ns)     TPWS(ns)  TPWS Failing Endpoints  TPWS Total Endpoints  
    -------      -------  ---------------------  -------------------      -------      -------  ---------------------  -------------------     --------     --------  ----------------------  --------------------  
      3.667        0.000                      0                   35        0.223        0.000                      0                   35        4.500        0.000                       0                    24  


All user specified timing constraints are met.


------------------------------------------------------------------------------------------------
| Clock Summary
| -------------
------------------------------------------------------------------------------------------------

Clock        Waveform(ns)       Period(ns)      Frequency(MHz)
-----        ------------       ----------      --------------
sys_clk_pin  {0.000 5.000}      10.000          100.000         


------------------------------------------------------------------------------------------------
| Intra Clock Table
| -----------------
------------------------------------------------------------------------------------------------

Clock             WNS(ns)      TNS(ns)  TNS Failing Endpoints  TNS Total Endpoints      WHS(ns)      THS(ns)  THS Failing Endpoints  THS Total Endpoints     WPWS(ns)     TPWS(ns)  TPWS Failing Endpoints  TPWS Total Endpoints  
-----             -------      -------  ---------------------  -------------------      -------      -------  ---------------------  -------------------     --------     --------  ----------------------  --------------------  
sys_clk_pin         3.667        0.000                      0                   35        0.223        0.000                      0                   35        4.500        0.000                       0                    24  


------------------------------------------------------------------------------------------------
| Inter Clock Table
| -----------------
------------------------------------------------------------------------------------------------

From Clock    To Clock          WNS(ns)      TNS(ns)  TNS Failing Endpoints  TNS Total Endpoints      WHS(ns)      THS(ns)  THS Failing Endpoints  THS Total Endpoints  
----------    --------          -------      -------  ---------------------  -------------------      -------      -------  ---------------------  -------------------  


------------------------------------------------------------------------------------------------
| Other Path Groups Table
| -----------------------
------------------------------------------------------------------------------------------------

Path Group    From Clock    To Clock          WNS(ns)      TNS(ns)  TNS Failing Endpoints  TNS Total Endpoints      WHS(ns)      THS(ns)  THS Failing Endpoints  THS Total Endpoints  
----------    ----------    --------          -------      -------  ---------------------  -------------------      -------      -------  ---------------------  -------------------  


------------------------------------------------------------------------------------------------
| Timing Details
| --------------
------------------------------------------------------------------------------------------------


---------------------------------------------------------------------------------------------------
From Clock:  sys_clk_pin
  To Clock:  sys_clk_pin

Setup :            0  Failing Endpoints,  Worst Slack        3.667ns,  Total Violation        0.000ns
Hold  :            0  Failing Endpoints,  Worst Slack        0.223ns,  Total Violation        0.000ns
PW    :            0  Failing Endpoints,  Worst Slack        4.500ns,  Total Violation        0.000ns
---------------------------------------------------------------------------------------------------


Max Delay Paths
--------------------------------------------------------------------------------------
Slack (MET) :             3.667ns  (required time - arrival time)
  Source:                 U_DHT_CU/us_count_reg_reg[2]/C
                            (rising edge-triggered cell FDCE clocked by sys_clk_pin  {rise@0.000ns fall@5.000ns period=10.000ns})
  Destination:            U_DHT_CU/state_reg[0]/CE
                            (rising edge-triggered cell FDCE clocked by sys_clk_pin  {rise@0.000ns fall@5.000ns period=10.000ns})
  Path Group:             sys_clk_pin
  Path Type:              Setup (Max at Slow Process Corner)
  Requirement:            10.000ns  (sys_clk_pin rise@10.000ns - sys_clk_pin rise@0.000ns)
  Data Path Delay:        5.803ns  (logic 0.839ns (14.459%)  route 4.964ns (85.541%))
  Logic Levels:           2  (LUT4=1 LUT6=1)
  Clock Path Skew:        -0.290ns (DCD - SCD + CPR)
    Destination Clock Delay (DCD):    4.857ns = ( 14.857 - 10.000 ) 
    Source Clock Delay      (SCD):    5.327ns
    Clock Pessimism Removal (CPR):    0.180ns
  Clock Uncertainty:      0.035ns  ((TSJ^2 + TIJ^2)^1/2 + DJ) / 2 + PE
    Total System Jitter     (TSJ):    0.071ns
    Total Input Jitter      (TIJ):    0.000ns
    Discrete Jitter          (DJ):    0.000ns
    Phase Error              (PE):    0.000ns

    Location             Delay type                Incr(ns)  Path(ns)    Netlist Resource(s)
  -------------------------------------------------------------------    -------------------
                         (clock sys_clk_pin rise edge)
                                                      0.000     0.000 r  
    W5                                                0.000     0.000 r  clk (IN)
                         net (fo=0)                   0.000     0.000    clk
    W5                   IBUF (Prop_ibuf_I_O)         1.458     1.458 r  clk_IBUF_inst/O
                         net (fo=1, routed)           1.967     3.425    clk_IBUF
    BUFGCTRL_X0Y0        BUFG (Prop_bufg_I_O)         0.096     3.521 r  clk_IBUF_BUFG_inst/O
                         net (fo=23, routed)          1.806     5.327    U_DHT_CU/CLK
    SLICE_X1Y138         FDCE                                         r  U_DHT_CU/us_count_reg_reg[2]/C
  -------------------------------------------------------------------    -------------------
    SLICE_X1Y138         FDCE (Prop_fdce_C_Q)         0.419     5.746 r  U_DHT_CU/us_count_reg_reg[2]/Q
                         net (fo=6, routed)           0.776     6.522    U_DHT_CU/us_count_reg[2]
    SLICE_X0Y137         LUT4 (Prop_lut4_I1_O)        0.296     6.818 r  U_DHT_CU/FSM_onehot_state[3]_i_2/O
                         net (fo=1, routed)           0.426     7.244    U_DHT_CU/FSM_onehot_state[3]_i_2_n_0
    SLICE_X0Y137         LUT6 (Prop_lut6_I0_O)        0.124     7.368 r  U_DHT_CU/FSM_onehot_state[3]_i_1/O
                         net (fo=7, routed)           3.762    11.130    U_DHT_CU/next
    SLICE_X0Y38          FDCE                                         r  U_DHT_CU/state_reg[0]/CE
  -------------------------------------------------------------------    -------------------

                         (clock sys_clk_pin rise edge)
                                                     10.000    10.000 r  
    W5                                                0.000    10.000 r  clk (IN)
                         net (fo=0)                   0.000    10.000    clk
    W5                   IBUF (Prop_ibuf_I_O)         1.388    11.388 r  clk_IBUF_inst/O
                         net (fo=1, routed)           1.862    13.250    clk_IBUF
    BUFGCTRL_X0Y0        BUFG (Prop_bufg_I_O)         0.091    13.341 r  clk_IBUF_BUFG_inst/O
                         net (fo=23, routed)          1.516    14.857    U_DHT_CU/CLK
    SLICE_X0Y38          FDCE                                         r  U_DHT_CU/state_reg[0]/C
                         clock pessimism              0.180    15.037    
                         clock uncertainty           -0.035    15.002    
    SLICE_X0Y38          FDCE (Setup_fdce_C_CE)      -0.205    14.797    U_DHT_CU/state_reg[0]
  -------------------------------------------------------------------
                         required time                         14.797    
                         arrival time                         -11.130    
  -------------------------------------------------------------------
                         slack                                  3.667    

Slack (MET) :             3.667ns  (required time - arrival time)
  Source:                 U_DHT_CU/us_count_reg_reg[2]/C
                            (rising edge-triggered cell FDCE clocked by sys_clk_pin  {rise@0.000ns fall@5.000ns period=10.000ns})
  Destination:            U_DHT_CU/state_reg[1]/CE
                            (rising edge-triggered cell FDCE clocked by sys_clk_pin  {rise@0.000ns fall@5.000ns period=10.000ns})
  Path Group:             sys_clk_pin
  Path Type:              Setup (Max at Slow Process Corner)
  Requirement:            10.000ns  (sys_clk_pin rise@10.000ns - sys_clk_pin rise@0.000ns)
  Data Path Delay:        5.803ns  (logic 0.839ns (14.459%)  route 4.964ns (85.541%))
  Logic Levels:           2  (LUT4=1 LUT6=1)
  Clock Path Skew:        -0.290ns (DCD - SCD + CPR)
    Destination Clock Delay (DCD):    4.857ns = ( 14.857 - 10.000 ) 
    Source Clock Delay      (SCD):    5.327ns
    Clock Pessimism Removal (CPR):    0.180ns
  Clock Uncertainty:      0.035ns  ((TSJ^2 + TIJ^2)^1/2 + DJ) / 2 + PE
    Total System Jitter     (TSJ):    0.071ns
    Total Input Jitter      (TIJ):    0.000ns
    Discrete Jitter          (DJ):    0.000ns
    Phase Error              (PE):    0.000ns

    Location             Delay type                Incr(ns)  Path(ns)    Netlist Resource(s)
  -------------------------------------------------------------------    -------------------
                         (clock sys_clk_pin rise edge)
                                                      0.000     0.000 r  
    W5                                                0.000     0.000 r  clk (IN)
                         net (fo=0)                   0.000     0.000    clk
    W5                   IBUF (Prop_ibuf_I_O)         1.458     1.458 r  clk_IBUF_inst/O
                         net (fo=1, routed)           1.967     3.425    clk_IBUF
    BUFGCTRL_X0Y0        BUFG (Prop_bufg_I_O)         0.096     3.521 r  clk_IBUF_BUFG_inst/O
                         net (fo=23, routed)          1.806     5.327    U_DHT_CU/CLK
    SLICE_X1Y138         FDCE                                         r  U_DHT_CU/us_count_reg_reg[2]/C
  -------------------------------------------------------------------    -------------------
    SLICE_X1Y138         FDCE (Prop_fdce_C_Q)         0.419     5.746 r  U_DHT_CU/us_count_reg_reg[2]/Q
                         net (fo=6, routed)           0.776     6.522    U_DHT_CU/us_count_reg[2]
    SLICE_X0Y137         LUT4 (Prop_lut4_I1_O)        0.296     6.818 r  U_DHT_CU/FSM_onehot_state[3]_i_2/O
                         net (fo=1, routed)           0.426     7.244    U_DHT_CU/FSM_onehot_state[3]_i_2_n_0
    SLICE_X0Y137         LUT6 (Prop_lut6_I0_O)        0.124     7.368 r  U_DHT_CU/FSM_onehot_state[3]_i_1/O
                         net (fo=7, routed)           3.762    11.130    U_DHT_CU/next
    SLICE_X0Y38          FDCE                                         r  U_DHT_CU/state_reg[1]/CE
  -------------------------------------------------------------------    -------------------

                         (clock sys_clk_pin rise edge)
                                                     10.000    10.000 r  
    W5                                                0.000    10.000 r  clk (IN)
                         net (fo=0)                   0.000    10.000    clk
    W5                   IBUF (Prop_ibuf_I_O)         1.388    11.388 r  clk_IBUF_inst/O
                         net (fo=1, routed)           1.862    13.250    clk_IBUF
    BUFGCTRL_X0Y0        BUFG (Prop_bufg_I_O)         0.091    13.341 r  clk_IBUF_BUFG_inst/O
                         net (fo=23, routed)          1.516    14.857    U_DHT_CU/CLK
    SLICE_X0Y38          FDCE                                         r  U_DHT_CU/state_reg[1]/C
                         clock pessimism              0.180    15.037    
                         clock uncertainty           -0.035    15.002    
    SLICE_X0Y38          FDCE (Setup_fdce_C_CE)      -0.205    14.797    U_DHT_CU/state_reg[1]
  -------------------------------------------------------------------
                         required time                         14.797    
                         arrival time                         -11.130    
  -------------------------------------------------------------------
                         slack                                  3.667    

Slack (MET) :             3.667ns  (required time - arrival time)
  Source:                 U_DHT_CU/us_count_reg_reg[2]/C
                            (rising edge-triggered cell FDCE clocked by sys_clk_pin  {rise@0.000ns fall@5.000ns period=10.000ns})
  Destination:            U_DHT_CU/state_reg[2]/CE
                            (rising edge-triggered cell FDCE clocked by sys_clk_pin  {rise@0.000ns fall@5.000ns period=10.000ns})
  Path Group:             sys_clk_pin
  Path Type:              Setup (Max at Slow Process Corner)
  Requirement:            10.000ns  (sys_clk_pin rise@10.000ns - sys_clk_pin rise@0.000ns)
  Data Path Delay:        5.803ns  (logic 0.839ns (14.459%)  route 4.964ns (85.541%))
  Logic Levels:           2  (LUT4=1 LUT6=1)
  Clock Path Skew:        -0.290ns (DCD - SCD + CPR)
    Destination Clock Delay (DCD):    4.857ns = ( 14.857 - 10.000 ) 
    Source Clock Delay      (SCD):    5.327ns
    Clock Pessimism Removal (CPR):    0.180ns
  Clock Uncertainty:      0.035ns  ((TSJ^2 + TIJ^2)^1/2 + DJ) / 2 + PE
    Total System Jitter     (TSJ):    0.071ns
    Total Input Jitter      (TIJ):    0.000ns
    Discrete Jitter          (DJ):    0.000ns
    Phase Error              (PE):    0.000ns

    Location             Delay type                Incr(ns)  Path(ns)    Netlist Resource(s)
  -------------------------------------------------------------------    -------------------
                         (clock sys_clk_pin rise edge)
                                                      0.000     0.000 r  
    W5                                                0.000     0.000 r  clk (IN)
                         net (fo=0)                   0.000     0.000    clk
    W5                   IBUF (Prop_ibuf_I_O)         1.458     1.458 r  clk_IBUF_inst/O
                         net (fo=1, routed)           1.967     3.425    clk_IBUF
    BUFGCTRL_X0Y0        BUFG (Prop_bufg_I_O)         0.096     3.521 r  clk_IBUF_BUFG_inst/O
                         net (fo=23, routed)          1.806     5.327    U_DHT_CU/CLK
    SLICE_X1Y138         FDCE                                         r  U_DHT_CU/us_count_reg_reg[2]/C
  -------------------------------------------------------------------    -------------------
    SLICE_X1Y138         FDCE (Prop_fdce_C_Q)         0.419     5.746 r  U_DHT_CU/us_count_reg_reg[2]/Q
                         net (fo=6, routed)           0.776     6.522    U_DHT_CU/us_count_reg[2]
    SLICE_X0Y137         LUT4 (Prop_lut4_I1_O)        0.296     6.818 r  U_DHT_CU/FSM_onehot_state[3]_i_2/O
                         net (fo=1, routed)           0.426     7.244    U_DHT_CU/FSM_onehot_state[3]_i_2_n_0
    SLICE_X0Y137         LUT6 (Prop_lut6_I0_O)        0.124     7.368 r  U_DHT_CU/FSM_onehot_state[3]_i_1/O
                         net (fo=7, routed)           3.762    11.130    U_DHT_CU/next
    SLICE_X0Y38          FDCE                                         r  U_DHT_CU/state_reg[2]/CE
  -------------------------------------------------------------------    -------------------

                         (clock sys_clk_pin rise edge)
                                                     10.000    10.000 r  
    W5                                                0.000    10.000 r  clk (IN)
                         net (fo=0)                   0.000    10.000    clk
    W5                   IBUF (Prop_ibuf_I_O)         1.388    11.388 r  clk_IBUF_inst/O
                         net (fo=1, routed)           1.862    13.250    clk_IBUF
    BUFGCTRL_X0Y0        BUFG (Prop_bufg_I_O)         0.091    13.341 r  clk_IBUF_BUFG_inst/O
                         net (fo=23, routed)          1.516    14.857    U_DHT_CU/CLK
    SLICE_X0Y38          FDCE                                         r  U_DHT_CU/state_reg[2]/C
                         clock pessimism              0.180    15.037    
                         clock uncertainty           -0.035    15.002    
    SLICE_X0Y38          FDCE (Setup_fdce_C_CE)      -0.205    14.797    U_DHT_CU/state_reg[2]
  -------------------------------------------------------------------
                         required time                         14.797    
                         arrival time                         -11.130    
  -------------------------------------------------------------------
                         slack                                  3.667    

Slack (MET) :             7.116ns  (required time - arrival time)
  Source:                 U_DHT_CU/us_count_reg_reg[2]/C
                            (rising edge-triggered cell FDCE clocked by sys_clk_pin  {rise@0.000ns fall@5.000ns period=10.000ns})
  Destination:            U_DHT_CU/us_count_reg_reg[1]/D
                            (rising edge-triggered cell FDCE clocked by sys_clk_pin  {rise@0.000ns fall@5.000ns period=10.000ns})
  Path Group:             sys_clk_pin
  Path Type:              Setup (Max at Slow Process Corner)
  Requirement:            10.000ns  (sys_clk_pin rise@10.000ns - sys_clk_pin rise@0.000ns)
  Data Path Delay:        2.880ns  (logic 0.839ns (29.137%)  route 2.041ns (70.863%))
  Logic Levels:           2  (LUT4=1 LUT6=1)
  Clock Path Skew:        0.000ns (DCD - SCD + CPR)
    Destination Clock Delay (DCD):    5.021ns = ( 15.021 - 10.000 ) 
    Source Clock Delay      (SCD):    5.327ns
    Clock Pessimism Removal (CPR):    0.306ns
  Clock Uncertainty:      0.035ns  ((TSJ^2 + TIJ^2)^1/2 + DJ) / 2 + PE
    Total System Jitter     (TSJ):    0.071ns
    Total Input Jitter      (TIJ):    0.000ns
    Discrete Jitter          (DJ):    0.000ns
    Phase Error              (PE):    0.000ns

    Location             Delay type                Incr(ns)  Path(ns)    Netlist Resource(s)
  -------------------------------------------------------------------    -------------------
                         (clock sys_clk_pin rise edge)
                                                      0.000     0.000 r  
    W5                                                0.000     0.000 r  clk (IN)
                         net (fo=0)                   0.000     0.000    clk
    W5                   IBUF (Prop_ibuf_I_O)         1.458     1.458 r  clk_IBUF_inst/O
                         net (fo=1, routed)           1.967     3.425    clk_IBUF
    BUFGCTRL_X0Y0        BUFG (Prop_bufg_I_O)         0.096     3.521 r  clk_IBUF_BUFG_inst/O
                         net (fo=23, routed)          1.806     5.327    U_DHT_CU/CLK
    SLICE_X1Y138         FDCE                                         r  U_DHT_CU/us_count_reg_reg[2]/C
  -------------------------------------------------------------------    -------------------
    SLICE_X1Y138         FDCE (Prop_fdce_C_Q)         0.419     5.746 r  U_DHT_CU/us_count_reg_reg[2]/Q
                         net (fo=6, routed)           0.993     6.740    U_DHT_CU/us_count_reg[2]
    SLICE_X1Y137         LUT6 (Prop_lut6_I5_O)        0.296     7.036 r  U_DHT_CU/us_count_reg[4]_i_4/O
                         net (fo=5, routed)           1.047     8.083    U_DHT_CU/us_count_reg[4]_i_4_n_0
    SLICE_X1Y138         LUT4 (Prop_lut4_I1_O)        0.124     8.207 r  U_DHT_CU/us_count_reg[1]_i_1/O
                         net (fo=1, routed)           0.000     8.207    U_DHT_CU/us_count_next[1]
    SLICE_X1Y138         FDCE                                         r  U_DHT_CU/us_count_reg_reg[1]/D
  -------------------------------------------------------------------    -------------------

                         (clock sys_clk_pin rise edge)
                                                     10.000    10.000 r  
    W5                                                0.000    10.000 r  clk (IN)
                         net (fo=0)                   0.000    10.000    clk
    W5                   IBUF (Prop_ibuf_I_O)         1.388    11.388 r  clk_IBUF_inst/O
                         net (fo=1, routed)           1.862    13.250    clk_IBUF
    BUFGCTRL_X0Y0        BUFG (Prop_bufg_I_O)         0.091    13.341 r  clk_IBUF_BUFG_inst/O
                         net (fo=23, routed)          1.680    15.021    U_DHT_CU/CLK
    SLICE_X1Y138         FDCE                                         r  U_DHT_CU/us_count_reg_reg[1]/C
                         clock pessimism              0.306    15.327    
                         clock uncertainty           -0.035    15.292    
    SLICE_X1Y138         FDCE (Setup_fdce_C_D)        0.031    15.323    U_DHT_CU/us_count_reg_reg[1]
  -------------------------------------------------------------------
                         required time                         15.323    
                         arrival time                          -8.207    
  -------------------------------------------------------------------
                         slack                                  7.116    

Slack (MET) :             7.116ns  (required time - arrival time)
  Source:                 U_DHT_CU/us_count_reg_reg[2]/C
                            (rising edge-triggered cell FDCE clocked by sys_clk_pin  {rise@0.000ns fall@5.000ns period=10.000ns})
  Destination:            U_DHT_CU/us_count_reg_reg[0]/D
                            (rising edge-triggered cell FDCE clocked by sys_clk_pin  {rise@0.000ns fall@5.000ns period=10.000ns})
  Path Group:             sys_clk_pin
  Path Type:              Setup (Max at Slow Process Corner)
  Requirement:            10.000ns  (sys_clk_pin rise@10.000ns - sys_clk_pin rise@0.000ns)
  Data Path Delay:        2.878ns  (logic 0.839ns (29.157%)  route 2.039ns (70.843%))
  Logic Levels:           2  (LUT3=1 LUT6=1)
  Clock Path Skew:        0.000ns (DCD - SCD + CPR)
    Destination Clock Delay (DCD):    5.021ns = ( 15.021 - 10.000 ) 
    Source Clock Delay      (SCD):    5.327ns
    Clock Pessimism Removal (CPR):    0.306ns
  Clock Uncertainty:      0.035ns  ((TSJ^2 + TIJ^2)^1/2 + DJ) / 2 + PE
    Total System Jitter     (TSJ):    0.071ns
    Total Input Jitter      (TIJ):    0.000ns
    Discrete Jitter          (DJ):    0.000ns
    Phase Error              (PE):    0.000ns

    Location             Delay type                Incr(ns)  Path(ns)    Netlist Resource(s)
  -------------------------------------------------------------------    -------------------
                         (clock sys_clk_pin rise edge)
                                                      0.000     0.000 r  
    W5                                                0.000     0.000 r  clk (IN)
                         net (fo=0)                   0.000     0.000    clk
    W5                   IBUF (Prop_ibuf_I_O)         1.458     1.458 r  clk_IBUF_inst/O
                         net (fo=1, routed)           1.967     3.425    clk_IBUF
    BUFGCTRL_X0Y0        BUFG (Prop_bufg_I_O)         0.096     3.521 r  clk_IBUF_BUFG_inst/O
                         net (fo=23, routed)          1.806     5.327    U_DHT_CU/CLK
    SLICE_X1Y138         FDCE                                         r  U_DHT_CU/us_count_reg_reg[2]/C
  -------------------------------------------------------------------    -------------------
    SLICE_X1Y138         FDCE (Prop_fdce_C_Q)         0.419     5.746 r  U_DHT_CU/us_count_reg_reg[2]/Q
                         net (fo=6, routed)           0.993     6.740    U_DHT_CU/us_count_reg[2]
    SLICE_X1Y137         LUT6 (Prop_lut6_I5_O)        0.296     7.036 r  U_DHT_CU/us_count_reg[4]_i_4/O
                         net (fo=5, routed)           1.045     8.081    U_DHT_CU/us_count_reg[4]_i_4_n_0
    SLICE_X1Y138         LUT3 (Prop_lut3_I1_O)        0.124     8.205 r  U_DHT_CU/us_count_reg[0]_i_1/O
                         net (fo=1, routed)           0.000     8.205    U_DHT_CU/us_count_next[0]
    SLICE_X1Y138         FDCE                                         r  U_DHT_CU/us_count_reg_reg[0]/D
  -------------------------------------------------------------------    -------------------

                         (clock sys_clk_pin rise edge)
                                                     10.000    10.000 r  
    W5                                                0.000    10.000 r  clk (IN)
                         net (fo=0)                   0.000    10.000    clk
    W5                   IBUF (Prop_ibuf_I_O)         1.388    11.388 r  clk_IBUF_inst/O
                         net (fo=1, routed)           1.862    13.250    clk_IBUF
    BUFGCTRL_X0Y0        BUFG (Prop_bufg_I_O)         0.091    13.341 r  clk_IBUF_BUFG_inst/O
                         net (fo=23, routed)          1.680    15.021    U_DHT_CU/CLK
    SLICE_X1Y138         FDCE                                         r  U_DHT_CU/us_count_reg_reg[0]/C
                         clock pessimism              0.306    15.327    
                         clock uncertainty           -0.035    15.292    
    SLICE_X1Y138         FDCE (Setup_fdce_C_D)        0.029    15.321    U_DHT_CU/us_count_reg_reg[0]
  -------------------------------------------------------------------
                         required time                         15.321    
                         arrival time                          -8.205    
  -------------------------------------------------------------------
                         slack                                  7.116    

Slack (MET) :             7.132ns  (required time - arrival time)
  Source:                 U_DHT_CU/us_count_reg_reg[2]/C
                            (rising edge-triggered cell FDCE clocked by sys_clk_pin  {rise@0.000ns fall@5.000ns period=10.000ns})
  Destination:            U_DHT_CU/us_count_reg_reg[2]/D
                            (rising edge-triggered cell FDCE clocked by sys_clk_pin  {rise@0.000ns fall@5.000ns period=10.000ns})
  Path Group:             sys_clk_pin
  Path Type:              Setup (Max at Slow Process Corner)
  Requirement:            10.000ns  (sys_clk_pin rise@10.000ns - sys_clk_pin rise@0.000ns)
  Data Path Delay:        2.908ns  (logic 0.867ns (29.819%)  route 2.041ns (70.181%))
  Logic Levels:           2  (LUT5=1 LUT6=1)
  Clock Path Skew:        0.000ns (DCD - SCD + CPR)
    Destination Clock Delay (DCD):    5.021ns = ( 15.021 - 10.000 ) 
    Source Clock Delay      (SCD):    5.327ns
    Clock Pessimism Removal (CPR):    0.306ns
  Clock Uncertainty:      0.035ns  ((TSJ^2 + TIJ^2)^1/2 + DJ) / 2 + PE
    Total System Jitter     (TSJ):    0.071ns
    Total Input Jitter      (TIJ):    0.000ns
    Discrete Jitter          (DJ):    0.000ns
    Phase Error              (PE):    0.000ns

    Location             Delay type                Incr(ns)  Path(ns)    Netlist Resource(s)
  -------------------------------------------------------------------    -------------------
                         (clock sys_clk_pin rise edge)
                                                      0.000     0.000 r  
    W5                                                0.000     0.000 r  clk (IN)
                         net (fo=0)                   0.000     0.000    clk
    W5                   IBUF (Prop_ibuf_I_O)         1.458     1.458 r  clk_IBUF_inst/O
                         net (fo=1, routed)           1.967     3.425    clk_IBUF
    BUFGCTRL_X0Y0        BUFG (Prop_bufg_I_O)         0.096     3.521 r  clk_IBUF_BUFG_inst/O
                         net (fo=23, routed)          1.806     5.327    U_DHT_CU/CLK
    SLICE_X1Y138         FDCE                                         r  U_DHT_CU/us_count_reg_reg[2]/C
  -------------------------------------------------------------------    -------------------
    SLICE_X1Y138         FDCE (Prop_fdce_C_Q)         0.419     5.746 r  U_DHT_CU/us_count_reg_reg[2]/Q
                         net (fo=6, routed)           0.993     6.740    U_DHT_CU/us_count_reg[2]
    SLICE_X1Y137         LUT6 (Prop_lut6_I5_O)        0.296     7.036 r  U_DHT_CU/us_count_reg[4]_i_4/O
                         net (fo=5, routed)           1.047     8.083    U_DHT_CU/us_count_reg[4]_i_4_n_0
    SLICE_X1Y138         LUT5 (Prop_lut5_I1_O)        0.152     8.235 r  U_DHT_CU/us_count_reg[2]_i_1/O
                         net (fo=1, routed)           0.000     8.235    U_DHT_CU/us_count_next[2]
    SLICE_X1Y138         FDCE                                         r  U_DHT_CU/us_count_reg_reg[2]/D
  -------------------------------------------------------------------    -------------------

                         (clock sys_clk_pin rise edge)
                                                     10.000    10.000 r  
    W5                                                0.000    10.000 r  clk (IN)
                         net (fo=0)                   0.000    10.000    clk
    W5                   IBUF (Prop_ibuf_I_O)         1.388    11.388 r  clk_IBUF_inst/O
                         net (fo=1, routed)           1.862    13.250    clk_IBUF
    BUFGCTRL_X0Y0        BUFG (Prop_bufg_I_O)         0.091    13.341 r  clk_IBUF_BUFG_inst/O
                         net (fo=23, routed)          1.680    15.021    U_DHT_CU/CLK
    SLICE_X1Y138         FDCE                                         r  U_DHT_CU/us_count_reg_reg[2]/C
                         clock pessimism              0.306    15.327    
                         clock uncertainty           -0.035    15.292    
    SLICE_X1Y138         FDCE (Setup_fdce_C_D)        0.075    15.367    U_DHT_CU/us_count_reg_reg[2]
  -------------------------------------------------------------------
                         required time                         15.367    
                         arrival time                          -8.235    
  -------------------------------------------------------------------
                         slack                                  7.132    

Slack (MET) :             7.272ns  (required time - arrival time)
  Source:                 U_DHT_CU/us_count_reg_reg[2]/C
                            (rising edge-triggered cell FDCE clocked by sys_clk_pin  {rise@0.000ns fall@5.000ns period=10.000ns})
  Destination:            U_DHT_CU/FSM_onehot_state_reg[0]/CE
                            (rising edge-triggered cell FDPE clocked by sys_clk_pin  {rise@0.000ns fall@5.000ns period=10.000ns})
  Path Group:             sys_clk_pin
  Path Type:              Setup (Max at Slow Process Corner)
  Requirement:            10.000ns  (sys_clk_pin rise@10.000ns - sys_clk_pin rise@0.000ns)
  Data Path Delay:        2.462ns  (logic 0.839ns (34.081%)  route 1.623ns (65.919%))
  Logic Levels:           2  (LUT4=1 LUT6=1)
  Clock Path Skew:        -0.026ns (DCD - SCD + CPR)
    Destination Clock Delay (DCD):    5.020ns = ( 15.020 - 10.000 ) 
    Source Clock Delay      (SCD):    5.327ns
    Clock Pessimism Removal (CPR):    0.281ns
  Clock Uncertainty:      0.035ns  ((TSJ^2 + TIJ^2)^1/2 + DJ) / 2 + PE
    Total System Jitter     (TSJ):    0.071ns
    Total Input Jitter      (TIJ):    0.000ns
    Discrete Jitter          (DJ):    0.000ns
    Phase Error              (PE):    0.000ns

    Location             Delay type                Incr(ns)  Path(ns)    Netlist Resource(s)
  -------------------------------------------------------------------    -------------------
                         (clock sys_clk_pin rise edge)
                                                      0.000     0.000 r  
    W5                                                0.000     0.000 r  clk (IN)
                         net (fo=0)                   0.000     0.000    clk
    W5                   IBUF (Prop_ibuf_I_O)         1.458     1.458 r  clk_IBUF_inst/O
                         net (fo=1, routed)           1.967     3.425    clk_IBUF
    BUFGCTRL_X0Y0        BUFG (Prop_bufg_I_O)         0.096     3.521 r  clk_IBUF_BUFG_inst/O
                         net (fo=23, routed)          1.806     5.327    U_DHT_CU/CLK
    SLICE_X1Y138         FDCE                                         r  U_DHT_CU/us_count_reg_reg[2]/C
  -------------------------------------------------------------------    -------------------
    SLICE_X1Y138         FDCE (Prop_fdce_C_Q)         0.419     5.746 r  U_DHT_CU/us_count_reg_reg[2]/Q
                         net (fo=6, routed)           0.776     6.522    U_DHT_CU/us_count_reg[2]
    SLICE_X0Y137         LUT4 (Prop_lut4_I1_O)        0.296     6.818 r  U_DHT_CU/FSM_onehot_state[3]_i_2/O
                         net (fo=1, routed)           0.426     7.244    U_DHT_CU/FSM_onehot_state[3]_i_2_n_0
    SLICE_X0Y137         LUT6 (Prop_lut6_I0_O)        0.124     7.368 r  U_DHT_CU/FSM_onehot_state[3]_i_1/O
                         net (fo=7, routed)           0.421     7.789    U_DHT_CU/next
    SLICE_X0Y137         FDPE                                         r  U_DHT_CU/FSM_onehot_state_reg[0]/CE
  -------------------------------------------------------------------    -------------------

                         (clock sys_clk_pin rise edge)
                                                     10.000    10.000 r  
    W5                                                0.000    10.000 r  clk (IN)
                         net (fo=0)                   0.000    10.000    clk
    W5                   IBUF (Prop_ibuf_I_O)         1.388    11.388 r  clk_IBUF_inst/O
                         net (fo=1, routed)           1.862    13.250    clk_IBUF
    BUFGCTRL_X0Y0        BUFG (Prop_bufg_I_O)         0.091    13.341 r  clk_IBUF_BUFG_inst/O
                         net (fo=23, routed)          1.679    15.020    U_DHT_CU/CLK
    SLICE_X0Y137         FDPE                                         r  U_DHT_CU/FSM_onehot_state_reg[0]/C
                         clock pessimism              0.281    15.301    
                         clock uncertainty           -0.035    15.266    
    SLICE_X0Y137         FDPE (Setup_fdpe_C_CE)      -0.205    15.061    U_DHT_CU/FSM_onehot_state_reg[0]
  -------------------------------------------------------------------
                         required time                         15.061    
                         arrival time                          -7.789    
  -------------------------------------------------------------------
                         slack                                  7.272    

Slack (MET) :             7.272ns  (required time - arrival time)
  Source:                 U_DHT_CU/us_count_reg_reg[2]/C
                            (rising edge-triggered cell FDCE clocked by sys_clk_pin  {rise@0.000ns fall@5.000ns period=10.000ns})
  Destination:            U_DHT_CU/FSM_onehot_state_reg[1]/CE
                            (rising edge-triggered cell FDCE clocked by sys_clk_pin  {rise@0.000ns fall@5.000ns period=10.000ns})
  Path Group:             sys_clk_pin
  Path Type:              Setup (Max at Slow Process Corner)
  Requirement:            10.000ns  (sys_clk_pin rise@10.000ns - sys_clk_pin rise@0.000ns)
  Data Path Delay:        2.462ns  (logic 0.839ns (34.081%)  route 1.623ns (65.919%))
  Logic Levels:           2  (LUT4=1 LUT6=1)
  Clock Path Skew:        -0.026ns (DCD - SCD + CPR)
    Destination Clock Delay (DCD):    5.020ns = ( 15.020 - 10.000 ) 
    Source Clock Delay      (SCD):    5.327ns
    Clock Pessimism Removal (CPR):    0.281ns
  Clock Uncertainty:      0.035ns  ((TSJ^2 + TIJ^2)^1/2 + DJ) / 2 + PE
    Total System Jitter     (TSJ):    0.071ns
    Total Input Jitter      (TIJ):    0.000ns
    Discrete Jitter          (DJ):    0.000ns
    Phase Error              (PE):    0.000ns

    Location             Delay type                Incr(ns)  Path(ns)    Netlist Resource(s)
  -------------------------------------------------------------------    -------------------
                         (clock sys_clk_pin rise edge)
                                                      0.000     0.000 r  
    W5                                                0.000     0.000 r  clk (IN)
                         net (fo=0)                   0.000     0.000    clk
    W5                   IBUF (Prop_ibuf_I_O)         1.458     1.458 r  clk_IBUF_inst/O
                         net (fo=1, routed)           1.967     3.425    clk_IBUF
    BUFGCTRL_X0Y0        BUFG (Prop_bufg_I_O)         0.096     3.521 r  clk_IBUF_BUFG_inst/O
                         net (fo=23, routed)          1.806     5.327    U_DHT_CU/CLK
    SLICE_X1Y138         FDCE                                         r  U_DHT_CU/us_count_reg_reg[2]/C
  -------------------------------------------------------------------    -------------------
    SLICE_X1Y138         FDCE (Prop_fdce_C_Q)         0.419     5.746 r  U_DHT_CU/us_count_reg_reg[2]/Q
                         net (fo=6, routed)           0.776     6.522    U_DHT_CU/us_count_reg[2]
    SLICE_X0Y137         LUT4 (Prop_lut4_I1_O)        0.296     6.818 r  U_DHT_CU/FSM_onehot_state[3]_i_2/O
                         net (fo=1, routed)           0.426     7.244    U_DHT_CU/FSM_onehot_state[3]_i_2_n_0
    SLICE_X0Y137         LUT6 (Prop_lut6_I0_O)        0.124     7.368 r  U_DHT_CU/FSM_onehot_state[3]_i_1/O
                         net (fo=7, routed)           0.421     7.789    U_DHT_CU/next
    SLICE_X0Y137         FDCE                                         r  U_DHT_CU/FSM_onehot_state_reg[1]/CE
  -------------------------------------------------------------------    -------------------

                         (clock sys_clk_pin rise edge)
                                                     10.000    10.000 r  
    W5                                                0.000    10.000 r  clk (IN)
                         net (fo=0)                   0.000    10.000    clk
    W5                   IBUF (Prop_ibuf_I_O)         1.388    11.388 r  clk_IBUF_inst/O
                         net (fo=1, routed)           1.862    13.250    clk_IBUF
    BUFGCTRL_X0Y0        BUFG (Prop_bufg_I_O)         0.091    13.341 r  clk_IBUF_BUFG_inst/O
                         net (fo=23, routed)          1.679    15.020    U_DHT_CU/CLK
    SLICE_X0Y137         FDCE                                         r  U_DHT_CU/FSM_onehot_state_reg[1]/C
                         clock pessimism              0.281    15.301    
                         clock uncertainty           -0.035    15.266    
    SLICE_X0Y137         FDCE (Setup_fdce_C_CE)      -0.205    15.061    U_DHT_CU/FSM_onehot_state_reg[1]
  -------------------------------------------------------------------
                         required time                         15.061    
                         arrival time                          -7.789    
  -------------------------------------------------------------------
                         slack                                  7.272    

Slack (MET) :             7.272ns  (required time - arrival time)
  Source:                 U_DHT_CU/us_count_reg_reg[2]/C
                            (rising edge-triggered cell FDCE clocked by sys_clk_pin  {rise@0.000ns fall@5.000ns period=10.000ns})
  Destination:            U_DHT_CU/FSM_onehot_state_reg[2]/CE
                            (rising edge-triggered cell FDCE clocked by sys_clk_pin  {rise@0.000ns fall@5.000ns period=10.000ns})
  Path Group:             sys_clk_pin
  Path Type:              Setup (Max at Slow Process Corner)
  Requirement:            10.000ns  (sys_clk_pin rise@10.000ns - sys_clk_pin rise@0.000ns)
  Data Path Delay:        2.462ns  (logic 0.839ns (34.081%)  route 1.623ns (65.919%))
  Logic Levels:           2  (LUT4=1 LUT6=1)
  Clock Path Skew:        -0.026ns (DCD - SCD + CPR)
    Destination Clock Delay (DCD):    5.020ns = ( 15.020 - 10.000 ) 
    Source Clock Delay      (SCD):    5.327ns
    Clock Pessimism Removal (CPR):    0.281ns
  Clock Uncertainty:      0.035ns  ((TSJ^2 + TIJ^2)^1/2 + DJ) / 2 + PE
    Total System Jitter     (TSJ):    0.071ns
    Total Input Jitter      (TIJ):    0.000ns
    Discrete Jitter          (DJ):    0.000ns
    Phase Error              (PE):    0.000ns

    Location             Delay type                Incr(ns)  Path(ns)    Netlist Resource(s)
  -------------------------------------------------------------------    -------------------
                         (clock sys_clk_pin rise edge)
                                                      0.000     0.000 r  
    W5                                                0.000     0.000 r  clk (IN)
                         net (fo=0)                   0.000     0.000    clk
    W5                   IBUF (Prop_ibuf_I_O)         1.458     1.458 r  clk_IBUF_inst/O
                         net (fo=1, routed)           1.967     3.425    clk_IBUF
    BUFGCTRL_X0Y0        BUFG (Prop_bufg_I_O)         0.096     3.521 r  clk_IBUF_BUFG_inst/O
                         net (fo=23, routed)          1.806     5.327    U_DHT_CU/CLK
    SLICE_X1Y138         FDCE                                         r  U_DHT_CU/us_count_reg_reg[2]/C
  -------------------------------------------------------------------    -------------------
    SLICE_X1Y138         FDCE (Prop_fdce_C_Q)         0.419     5.746 r  U_DHT_CU/us_count_reg_reg[2]/Q
                         net (fo=6, routed)           0.776     6.522    U_DHT_CU/us_count_reg[2]
    SLICE_X0Y137         LUT4 (Prop_lut4_I1_O)        0.296     6.818 r  U_DHT_CU/FSM_onehot_state[3]_i_2/O
                         net (fo=1, routed)           0.426     7.244    U_DHT_CU/FSM_onehot_state[3]_i_2_n_0
    SLICE_X0Y137         LUT6 (Prop_lut6_I0_O)        0.124     7.368 r  U_DHT_CU/FSM_onehot_state[3]_i_1/O
                         net (fo=7, routed)           0.421     7.789    U_DHT_CU/next
    SLICE_X0Y137         FDCE                                         r  U_DHT_CU/FSM_onehot_state_reg[2]/CE
  -------------------------------------------------------------------    -------------------

                         (clock sys_clk_pin rise edge)
                                                     10.000    10.000 r  
    W5                                                0.000    10.000 r  clk (IN)
                         net (fo=0)                   0.000    10.000    clk
    W5                   IBUF (Prop_ibuf_I_O)         1.388    11.388 r  clk_IBUF_inst/O
                         net (fo=1, routed)           1.862    13.250    clk_IBUF
    BUFGCTRL_X0Y0        BUFG (Prop_bufg_I_O)         0.091    13.341 r  clk_IBUF_BUFG_inst/O
                         net (fo=23, routed)          1.679    15.020    U_DHT_CU/CLK
    SLICE_X0Y137         FDCE                                         r  U_DHT_CU/FSM_onehot_state_reg[2]/C
                         clock pessimism              0.281    15.301    
                         clock uncertainty           -0.035    15.266    
    SLICE_X0Y137         FDCE (Setup_fdce_C_CE)      -0.205    15.061    U_DHT_CU/FSM_onehot_state_reg[2]
  -------------------------------------------------------------------
                         required time                         15.061    
                         arrival time                          -7.789    
  -------------------------------------------------------------------
                         slack                                  7.272    

Slack (MET) :             7.272ns  (required time - arrival time)
  Source:                 U_DHT_CU/us_count_reg_reg[2]/C
                            (rising edge-triggered cell FDCE clocked by sys_clk_pin  {rise@0.000ns fall@5.000ns period=10.000ns})
  Destination:            U_DHT_CU/FSM_onehot_state_reg[3]/CE
                            (rising edge-triggered cell FDCE clocked by sys_clk_pin  {rise@0.000ns fall@5.000ns period=10.000ns})
  Path Group:             sys_clk_pin
  Path Type:              Setup (Max at Slow Process Corner)
  Requirement:            10.000ns  (sys_clk_pin rise@10.000ns - sys_clk_pin rise@0.000ns)
  Data Path Delay:        2.462ns  (logic 0.839ns (34.081%)  route 1.623ns (65.919%))
  Logic Levels:           2  (LUT4=1 LUT6=1)
  Clock Path Skew:        -0.026ns (DCD - SCD + CPR)
    Destination Clock Delay (DCD):    5.020ns = ( 15.020 - 10.000 ) 
    Source Clock Delay      (SCD):    5.327ns
    Clock Pessimism Removal (CPR):    0.281ns
  Clock Uncertainty:      0.035ns  ((TSJ^2 + TIJ^2)^1/2 + DJ) / 2 + PE
    Total System Jitter     (TSJ):    0.071ns
    Total Input Jitter      (TIJ):    0.000ns
    Discrete Jitter          (DJ):    0.000ns
    Phase Error              (PE):    0.000ns

    Location             Delay type                Incr(ns)  Path(ns)    Netlist Resource(s)
  -------------------------------------------------------------------    -------------------
                         (clock sys_clk_pin rise edge)
                                                      0.000     0.000 r  
    W5                                                0.000     0.000 r  clk (IN)
                         net (fo=0)                   0.000     0.000    clk
    W5                   IBUF (Prop_ibuf_I_O)         1.458     1.458 r  clk_IBUF_inst/O
                         net (fo=1, routed)           1.967     3.425    clk_IBUF
    BUFGCTRL_X0Y0        BUFG (Prop_bufg_I_O)         0.096     3.521 r  clk_IBUF_BUFG_inst/O
                         net (fo=23, routed)          1.806     5.327    U_DHT_CU/CLK
    SLICE_X1Y138         FDCE                                         r  U_DHT_CU/us_count_reg_reg[2]/C
  -------------------------------------------------------------------    -------------------
    SLICE_X1Y138         FDCE (Prop_fdce_C_Q)         0.419     5.746 r  U_DHT_CU/us_count_reg_reg[2]/Q
                         net (fo=6, routed)           0.776     6.522    U_DHT_CU/us_count_reg[2]
    SLICE_X0Y137         LUT4 (Prop_lut4_I1_O)        0.296     6.818 r  U_DHT_CU/FSM_onehot_state[3]_i_2/O
                         net (fo=1, routed)           0.426     7.244    U_DHT_CU/FSM_onehot_state[3]_i_2_n_0
    SLICE_X0Y137         LUT6 (Prop_lut6_I0_O)        0.124     7.368 r  U_DHT_CU/FSM_onehot_state[3]_i_1/O
                         net (fo=7, routed)           0.421     7.789    U_DHT_CU/next
    SLICE_X0Y137         FDCE                                         r  U_DHT_CU/FSM_onehot_state_reg[3]/CE
  -------------------------------------------------------------------    -------------------

                         (clock sys_clk_pin rise edge)
                                                     10.000    10.000 r  
    W5                                                0.000    10.000 r  clk (IN)
                         net (fo=0)                   0.000    10.000    clk
    W5                   IBUF (Prop_ibuf_I_O)         1.388    11.388 r  clk_IBUF_inst/O
                         net (fo=1, routed)           1.862    13.250    clk_IBUF
    BUFGCTRL_X0Y0        BUFG (Prop_bufg_I_O)         0.091    13.341 r  clk_IBUF_BUFG_inst/O
                         net (fo=23, routed)          1.679    15.020    U_DHT_CU/CLK
    SLICE_X0Y137         FDCE                                         r  U_DHT_CU/FSM_onehot_state_reg[3]/C
                         clock pessimism              0.281    15.301    
                         clock uncertainty           -0.035    15.266    
    SLICE_X0Y137         FDCE (Setup_fdce_C_CE)      -0.205    15.061    U_DHT_CU/FSM_onehot_state_reg[3]
  -------------------------------------------------------------------
                         required time                         15.061    
                         arrival time                          -7.789    
  -------------------------------------------------------------------
                         slack                                  7.272    





Min Delay Paths
--------------------------------------------------------------------------------------
Slack (MET) :             0.223ns  (arrival time - required time)
  Source:                 U_1us/count_reg_reg[3]/C
                            (rising edge-triggered cell FDCE clocked by sys_clk_pin  {rise@0.000ns fall@5.000ns period=10.000ns})
  Destination:            U_1us/count_reg_reg[6]/D
                            (rising edge-triggered cell FDCE clocked by sys_clk_pin  {rise@0.000ns fall@5.000ns period=10.000ns})
  Path Group:             sys_clk_pin
  Path Type:              Hold (Min at Fast Process Corner)
  Requirement:            0.000ns  (sys_clk_pin rise@0.000ns - sys_clk_pin rise@0.000ns)
  Data Path Delay:        0.328ns  (logic 0.186ns (56.658%)  route 0.142ns (43.342%))
  Logic Levels:           1  (LUT6=1)
  Clock Path Skew:        0.013ns (DCD - SCD - CPR)
    Destination Clock Delay (DCD):    2.073ns
    Source Clock Delay      (SCD):    1.555ns
    Clock Pessimism Removal (CPR):    0.505ns

    Location             Delay type                Incr(ns)  Path(ns)    Netlist Resource(s)
  -------------------------------------------------------------------    -------------------
                         (clock sys_clk_pin rise edge)
                                                      0.000     0.000 r  
    W5                                                0.000     0.000 r  clk (IN)
                         net (fo=0)                   0.000     0.000    clk
    W5                   IBUF (Prop_ibuf_I_O)         0.226     0.226 r  clk_IBUF_inst/O
                         net (fo=1, routed)           0.631     0.858    clk_IBUF
    BUFGCTRL_X0Y0        BUFG (Prop_bufg_I_O)         0.026     0.884 r  clk_IBUF_BUFG_inst/O
                         net (fo=23, routed)          0.671     1.555    U_1us/CLK
    SLICE_X1Y136         FDCE                                         r  U_1us/count_reg_reg[3]/C
  -------------------------------------------------------------------    -------------------
    SLICE_X1Y136         FDCE (Prop_fdce_C_Q)         0.141     1.696 r  U_1us/count_reg_reg[3]/Q
                         net (fo=6, routed)           0.142     1.838    U_1us/count_reg[3]
    SLICE_X0Y136         LUT6 (Prop_lut6_I5_O)        0.045     1.883 r  U_1us/count_reg[6]_i_1/O
                         net (fo=1, routed)           0.000     1.883    U_1us/count_next[6]
    SLICE_X0Y136         FDCE                                         r  U_1us/count_reg_reg[6]/D
  -------------------------------------------------------------------    -------------------

                         (clock sys_clk_pin rise edge)
                                                      0.000     0.000 r  
    W5                                                0.000     0.000 r  clk (IN)
                         net (fo=0)                   0.000     0.000    clk
    W5                   IBUF (Prop_ibuf_I_O)         0.414     0.414 r  clk_IBUF_inst/O
                         net (fo=1, routed)           0.685     1.099    clk_IBUF
    BUFGCTRL_X0Y0        BUFG (Prop_bufg_I_O)         0.029     1.128 r  clk_IBUF_BUFG_inst/O
                         net (fo=23, routed)          0.945     2.073    U_1us/CLK
    SLICE_X0Y136         FDCE                                         r  U_1us/count_reg_reg[6]/C
                         clock pessimism             -0.505     1.568    
    SLICE_X0Y136         FDCE (Hold_fdce_C_D)         0.092     1.660    U_1us/count_reg_reg[6]
  -------------------------------------------------------------------
                         required time                         -1.660    
                         arrival time                           1.883    
  -------------------------------------------------------------------
                         slack                                  0.223    

Slack (MET) :             0.223ns  (arrival time - required time)
  Source:                 U_1us/count_reg_reg[3]/C
                            (rising edge-triggered cell FDCE clocked by sys_clk_pin  {rise@0.000ns fall@5.000ns period=10.000ns})
  Destination:            U_1us/count_reg_reg[5]/D
                            (rising edge-triggered cell FDCE clocked by sys_clk_pin  {rise@0.000ns fall@5.000ns period=10.000ns})
  Path Group:             sys_clk_pin
  Path Type:              Hold (Min at Fast Process Corner)
  Requirement:            0.000ns  (sys_clk_pin rise@0.000ns - sys_clk_pin rise@0.000ns)
  Data Path Delay:        0.327ns  (logic 0.186ns (56.832%)  route 0.141ns (43.168%))
  Logic Levels:           1  (LUT6=1)
  Clock Path Skew:        0.013ns (DCD - SCD - CPR)
    Destination Clock Delay (DCD):    2.073ns
    Source Clock Delay      (SCD):    1.555ns
    Clock Pessimism Removal (CPR):    0.505ns

    Location             Delay type                Incr(ns)  Path(ns)    Netlist Resource(s)
  -------------------------------------------------------------------    -------------------
                         (clock sys_clk_pin rise edge)
                                                      0.000     0.000 r  
    W5                                                0.000     0.000 r  clk (IN)
                         net (fo=0)                   0.000     0.000    clk
    W5                   IBUF (Prop_ibuf_I_O)         0.226     0.226 r  clk_IBUF_inst/O
                         net (fo=1, routed)           0.631     0.858    clk_IBUF
    BUFGCTRL_X0Y0        BUFG (Prop_bufg_I_O)         0.026     0.884 r  clk_IBUF_BUFG_inst/O
                         net (fo=23, routed)          0.671     1.555    U_1us/CLK
    SLICE_X1Y136         FDCE                                         r  U_1us/count_reg_reg[3]/C
  -------------------------------------------------------------------    -------------------
    SLICE_X1Y136         FDCE (Prop_fdce_C_Q)         0.141     1.696 r  U_1us/count_reg_reg[3]/Q
                         net (fo=6, routed)           0.141     1.837    U_1us/count_reg[3]
    SLICE_X0Y136         LUT6 (Prop_lut6_I3_O)        0.045     1.882 r  U_1us/count_reg[5]_i_1/O
                         net (fo=1, routed)           0.000     1.882    U_1us/count_next[5]
    SLICE_X0Y136         FDCE                                         r  U_1us/count_reg_reg[5]/D
  -------------------------------------------------------------------    -------------------

                         (clock sys_clk_pin rise edge)
                                                      0.000     0.000 r  
    W5                                                0.000     0.000 r  clk (IN)
                         net (fo=0)                   0.000     0.000    clk
    W5                   IBUF (Prop_ibuf_I_O)         0.414     0.414 r  clk_IBUF_inst/O
                         net (fo=1, routed)           0.685     1.099    clk_IBUF
    BUFGCTRL_X0Y0        BUFG (Prop_bufg_I_O)         0.029     1.128 r  clk_IBUF_BUFG_inst/O
                         net (fo=23, routed)          0.945     2.073    U_1us/CLK
    SLICE_X0Y136         FDCE                                         r  U_1us/count_reg_reg[5]/C
                         clock pessimism             -0.505     1.568    
    SLICE_X0Y136         FDCE (Hold_fdce_C_D)         0.091     1.659    U_1us/count_reg_reg[5]
  -------------------------------------------------------------------
                         required time                         -1.659    
                         arrival time                           1.882    
  -------------------------------------------------------------------
                         slack                                  0.223    

Slack (MET) :             0.250ns  (arrival time - required time)
  Source:                 U_DHT_CU/us_count_reg_reg[3]/C
                            (rising edge-triggered cell FDCE clocked by sys_clk_pin  {rise@0.000ns fall@5.000ns period=10.000ns})
  Destination:            U_DHT_CU/us_count_reg_reg[3]/D
                            (rising edge-triggered cell FDCE clocked by sys_clk_pin  {rise@0.000ns fall@5.000ns period=10.000ns})
  Path Group:             sys_clk_pin
  Path Type:              Hold (Min at Fast Process Corner)
  Requirement:            0.000ns  (sys_clk_pin rise@0.000ns - sys_clk_pin rise@0.000ns)
  Data Path Delay:        0.342ns  (logic 0.186ns (54.339%)  route 0.156ns (45.661%))
  Logic Levels:           1  (LUT6=1)
  Clock Path Skew:        0.000ns (DCD - SCD - CPR)
    Destination Clock Delay (DCD):    2.076ns
    Source Clock Delay      (SCD):    1.557ns
    Clock Pessimism Removal (CPR):    0.519ns

    Location             Delay type                Incr(ns)  Path(ns)    Netlist Resource(s)
  -------------------------------------------------------------------    -------------------
                         (clock sys_clk_pin rise edge)
                                                      0.000     0.000 r  
    W5                                                0.000     0.000 r  clk (IN)
                         net (fo=0)                   0.000     0.000    clk
    W5                   IBUF (Prop_ibuf_I_O)         0.226     0.226 r  clk_IBUF_inst/O
                         net (fo=1, routed)           0.631     0.858    clk_IBUF
    BUFGCTRL_X0Y0        BUFG (Prop_bufg_I_O)         0.026     0.884 r  clk_IBUF_BUFG_inst/O
                         net (fo=23, routed)          0.673     1.557    U_DHT_CU/CLK
    SLICE_X1Y138         FDCE                                         r  U_DHT_CU/us_count_reg_reg[3]/C
  -------------------------------------------------------------------    -------------------
    SLICE_X1Y138         FDCE (Prop_fdce_C_Q)         0.141     1.698 r  U_DHT_CU/us_count_reg_reg[3]/Q
                         net (fo=5, routed)           0.156     1.854    U_DHT_CU/us_count_reg[3]
    SLICE_X1Y138         LUT6 (Prop_lut6_I2_O)        0.045     1.899 r  U_DHT_CU/us_count_reg[3]_i_1/O
                         net (fo=1, routed)           0.000     1.899    U_DHT_CU/us_count_next[3]
    SLICE_X1Y138         FDCE                                         r  U_DHT_CU/us_count_reg_reg[3]/D
  -------------------------------------------------------------------    -------------------

                         (clock sys_clk_pin rise edge)
                                                      0.000     0.000 r  
    W5                                                0.000     0.000 r  clk (IN)
                         net (fo=0)                   0.000     0.000    clk
    W5                   IBUF (Prop_ibuf_I_O)         0.414     0.414 r  clk_IBUF_inst/O
                         net (fo=1, routed)           0.685     1.099    clk_IBUF
    BUFGCTRL_X0Y0        BUFG (Prop_bufg_I_O)         0.029     1.128 r  clk_IBUF_BUFG_inst/O
                         net (fo=23, routed)          0.948     2.076    U_DHT_CU/CLK
    SLICE_X1Y138         FDCE                                         r  U_DHT_CU/us_count_reg_reg[3]/C
                         clock pessimism             -0.519     1.557    
    SLICE_X1Y138         FDCE (Hold_fdce_C_D)         0.092     1.649    U_DHT_CU/us_count_reg_reg[3]
  -------------------------------------------------------------------
                         required time                         -1.649    
                         arrival time                           1.899    
  -------------------------------------------------------------------
                         slack                                  0.250    

Slack (MET) :             0.253ns  (arrival time - required time)
  Source:                 U_DHT_CU/us_count_reg_reg[3]/C
                            (rising edge-triggered cell FDCE clocked by sys_clk_pin  {rise@0.000ns fall@5.000ns period=10.000ns})
  Destination:            U_DHT_CU/us_count_reg_reg[4]/D
                            (rising edge-triggered cell FDCE clocked by sys_clk_pin  {rise@0.000ns fall@5.000ns period=10.000ns})
  Path Group:             sys_clk_pin
  Path Type:              Hold (Min at Fast Process Corner)
  Requirement:            0.000ns  (sys_clk_pin rise@0.000ns - sys_clk_pin rise@0.000ns)
  Data Path Delay:        0.345ns  (logic 0.186ns (53.867%)  route 0.159ns (46.133%))
  Logic Levels:           1  (LUT5=1)
  Clock Path Skew:        0.000ns (DCD - SCD - CPR)
    Destination Clock Delay (DCD):    2.076ns
    Source Clock Delay      (SCD):    1.557ns
    Clock Pessimism Removal (CPR):    0.519ns

    Location             Delay type                Incr(ns)  Path(ns)    Netlist Resource(s)
  -------------------------------------------------------------------    -------------------
                         (clock sys_clk_pin rise edge)
                                                      0.000     0.000 r  
    W5                                                0.000     0.000 r  clk (IN)
                         net (fo=0)                   0.000     0.000    clk
    W5                   IBUF (Prop_ibuf_I_O)         0.226     0.226 r  clk_IBUF_inst/O
                         net (fo=1, routed)           0.631     0.858    clk_IBUF
    BUFGCTRL_X0Y0        BUFG (Prop_bufg_I_O)         0.026     0.884 r  clk_IBUF_BUFG_inst/O
                         net (fo=23, routed)          0.673     1.557    U_DHT_CU/CLK
    SLICE_X1Y138         FDCE                                         r  U_DHT_CU/us_count_reg_reg[3]/C
  -------------------------------------------------------------------    -------------------
    SLICE_X1Y138         FDCE (Prop_fdce_C_Q)         0.141     1.698 r  U_DHT_CU/us_count_reg_reg[3]/Q
                         net (fo=5, routed)           0.159     1.857    U_DHT_CU/us_count_reg[3]
    SLICE_X1Y138         LUT5 (Prop_lut5_I4_O)        0.045     1.902 r  U_DHT_CU/us_count_reg[4]_i_2/O
                         net (fo=1, routed)           0.000     1.902    U_DHT_CU/us_count_next[4]
    SLICE_X1Y138         FDCE                                         r  U_DHT_CU/us_count_reg_reg[4]/D
  -------------------------------------------------------------------    -------------------

                         (clock sys_clk_pin rise edge)
                                                      0.000     0.000 r  
    W5                                                0.000     0.000 r  clk (IN)
                         net (fo=0)                   0.000     0.000    clk
    W5                   IBUF (Prop_ibuf_I_O)         0.414     0.414 r  clk_IBUF_inst/O
                         net (fo=1, routed)           0.685     1.099    clk_IBUF
    BUFGCTRL_X0Y0        BUFG (Prop_bufg_I_O)         0.029     1.128 r  clk_IBUF_BUFG_inst/O
                         net (fo=23, routed)          0.948     2.076    U_DHT_CU/CLK
    SLICE_X1Y138         FDCE                                         r  U_DHT_CU/us_count_reg_reg[4]/C
                         clock pessimism             -0.519     1.557    
    SLICE_X1Y138         FDCE (Hold_fdce_C_D)         0.092     1.649    U_DHT_CU/us_count_reg_reg[4]
  -------------------------------------------------------------------
                         required time                         -1.649    
                         arrival time                           1.902    
  -------------------------------------------------------------------
                         slack                                  0.253    

Slack (MET) :             0.260ns  (arrival time - required time)
  Source:                 U_DHT_CU/FSM_onehot_state_reg[1]/C
                            (rising edge-triggered cell FDCE clocked by sys_clk_pin  {rise@0.000ns fall@5.000ns period=10.000ns})
  Destination:            U_DHT_CU/io_out_reg_reg/D
                            (rising edge-triggered cell FDPE clocked by sys_clk_pin  {rise@0.000ns fall@5.000ns period=10.000ns})
  Path Group:             sys_clk_pin
  Path Type:              Hold (Min at Fast Process Corner)
  Requirement:            0.000ns  (sys_clk_pin rise@0.000ns - sys_clk_pin rise@0.000ns)
  Data Path Delay:        0.368ns  (logic 0.186ns (50.575%)  route 0.182ns (49.425%))
  Logic Levels:           1  (LUT4=1)
  Clock Path Skew:        0.017ns (DCD - SCD - CPR)
    Destination Clock Delay (DCD):    2.076ns
    Source Clock Delay      (SCD):    1.556ns
    Clock Pessimism Removal (CPR):    0.503ns

    Location             Delay type                Incr(ns)  Path(ns)    Netlist Resource(s)
  -------------------------------------------------------------------    -------------------
                         (clock sys_clk_pin rise edge)
                                                      0.000     0.000 r  
    W5                                                0.000     0.000 r  clk (IN)
                         net (fo=0)                   0.000     0.000    clk
    W5                   IBUF (Prop_ibuf_I_O)         0.226     0.226 r  clk_IBUF_inst/O
                         net (fo=1, routed)           0.631     0.858    clk_IBUF
    BUFGCTRL_X0Y0        BUFG (Prop_bufg_I_O)         0.026     0.884 r  clk_IBUF_BUFG_inst/O
                         net (fo=23, routed)          0.672     1.556    U_DHT_CU/CLK
    SLICE_X0Y137         FDCE                                         r  U_DHT_CU/FSM_onehot_state_reg[1]/C
  -------------------------------------------------------------------    -------------------
    SLICE_X0Y137         FDCE (Prop_fdce_C_Q)         0.141     1.697 f  U_DHT_CU/FSM_onehot_state_reg[1]/Q
                         net (fo=5, routed)           0.182     1.878    U_DHT_CU/FSM_onehot_state_reg_n_0_[1]
    SLICE_X0Y138         LUT4 (Prop_lut4_I1_O)        0.045     1.923 r  U_DHT_CU/io_out_reg_i_1/O
                         net (fo=1, routed)           0.000     1.923    U_DHT_CU/io_out_reg_i_1_n_0
    SLICE_X0Y138         FDPE                                         r  U_DHT_CU/io_out_reg_reg/D
  -------------------------------------------------------------------    -------------------

                         (clock sys_clk_pin rise edge)
                                                      0.000     0.000 r  
    W5                                                0.000     0.000 r  clk (IN)
                         net (fo=0)                   0.000     0.000    clk
    W5                   IBUF (Prop_ibuf_I_O)         0.414     0.414 r  clk_IBUF_inst/O
                         net (fo=1, routed)           0.685     1.099    clk_IBUF
    BUFGCTRL_X0Y0        BUFG (Prop_bufg_I_O)         0.029     1.128 r  clk_IBUF_BUFG_inst/O
                         net (fo=23, routed)          0.948     2.076    U_DHT_CU/CLK
    SLICE_X0Y138         FDPE                                         r  U_DHT_CU/io_out_reg_reg/C
                         clock pessimism             -0.503     1.573    
    SLICE_X0Y138         FDPE (Hold_fdpe_C_D)         0.091     1.664    U_DHT_CU/io_out_reg_reg
  -------------------------------------------------------------------
                         required time                         -1.664    
                         arrival time                           1.923    
  -------------------------------------------------------------------
                         slack                                  0.260    

Slack (MET) :             0.270ns  (arrival time - required time)
  Source:                 U_DHT_CU/state_reg[1]/C
                            (rising edge-triggered cell FDCE clocked by sys_clk_pin  {rise@0.000ns fall@5.000ns period=10.000ns})
  Destination:            U_DHT_CU/state_reg[0]/D
                            (rising edge-triggered cell FDCE clocked by sys_clk_pin  {rise@0.000ns fall@5.000ns period=10.000ns})
  Path Group:             sys_clk_pin
  Path Type:              Hold (Min at Fast Process Corner)
  Requirement:            0.000ns  (sys_clk_pin rise@0.000ns - sys_clk_pin rise@0.000ns)
  Data Path Delay:        0.362ns  (logic 0.186ns (51.375%)  route 0.176ns (48.625%))
  Logic Levels:           1  (LUT2=1)
  Clock Path Skew:        0.000ns (DCD - SCD - CPR)
    Destination Clock Delay (DCD):    1.991ns
    Source Clock Delay      (SCD):    1.476ns
    Clock Pessimism Removal (CPR):    0.515ns

    Location             Delay type                Incr(ns)  Path(ns)    Netlist Resource(s)
  -------------------------------------------------------------------    -------------------
                         (clock sys_clk_pin rise edge)
                                                      0.000     0.000 r  
    W5                                                0.000     0.000 r  clk (IN)
                         net (fo=0)                   0.000     0.000    clk
    W5                   IBUF (Prop_ibuf_I_O)         0.226     0.226 r  clk_IBUF_inst/O
                         net (fo=1, routed)           0.631     0.858    clk_IBUF
    BUFGCTRL_X0Y0        BUFG (Prop_bufg_I_O)         0.026     0.884 r  clk_IBUF_BUFG_inst/O
                         net (fo=23, routed)          0.593     1.476    U_DHT_CU/CLK
    SLICE_X0Y38          FDCE                                         r  U_DHT_CU/state_reg[1]/C
  -------------------------------------------------------------------    -------------------
    SLICE_X0Y38          FDCE (Prop_fdce_C_Q)         0.141     1.617 f  U_DHT_CU/state_reg[1]/Q
                         net (fo=4, routed)           0.176     1.793    U_DHT_CU/sensor_LED_OBUF[1]
    SLICE_X0Y38          LUT2 (Prop_lut2_I1_O)        0.045     1.838 r  U_DHT_CU/state[0]_i_1/O
                         net (fo=1, routed)           0.000     1.838    U_DHT_CU/state[0]_i_1_n_0
    SLICE_X0Y38          FDCE                                         r  U_DHT_CU/state_reg[0]/D
  -------------------------------------------------------------------    -------------------

                         (clock sys_clk_pin rise edge)
                                                      0.000     0.000 r  
    W5                                                0.000     0.000 r  clk (IN)
                         net (fo=0)                   0.000     0.000    clk
    W5                   IBUF (Prop_ibuf_I_O)         0.414     0.414 r  clk_IBUF_inst/O
                         net (fo=1, routed)           0.685     1.099    clk_IBUF
    BUFGCTRL_X0Y0        BUFG (Prop_bufg_I_O)         0.029     1.128 r  clk_IBUF_BUFG_inst/O
                         net (fo=23, routed)          0.864     1.991    U_DHT_CU/CLK
    SLICE_X0Y38          FDCE                                         r  U_DHT_CU/state_reg[0]/C
                         clock pessimism             -0.515     1.476    
    SLICE_X0Y38          FDCE (Hold_fdce_C_D)         0.092     1.568    U_DHT_CU/state_reg[0]
  -------------------------------------------------------------------
                         required time                         -1.568    
                         arrival time                           1.838    
  -------------------------------------------------------------------
                         slack                                  0.270    

Slack (MET) :             0.277ns  (arrival time - required time)
  Source:                 U_1us/count_reg_reg[3]/C
                            (rising edge-triggered cell FDCE clocked by sys_clk_pin  {rise@0.000ns fall@5.000ns period=10.000ns})
  Destination:            U_1us/count_reg_reg[4]/D
                            (rising edge-triggered cell FDCE clocked by sys_clk_pin  {rise@0.000ns fall@5.000ns period=10.000ns})
  Path Group:             sys_clk_pin
  Path Type:              Hold (Min at Fast Process Corner)
  Requirement:            0.000ns  (sys_clk_pin rise@0.000ns - sys_clk_pin rise@0.000ns)
  Data Path Delay:        0.384ns  (logic 0.183ns (47.716%)  route 0.201ns (52.284%))
  Logic Levels:           1  (LUT5=1)
  Clock Path Skew:        0.000ns (DCD - SCD - CPR)
    Destination Clock Delay (DCD):    2.073ns
    Source Clock Delay      (SCD):    1.555ns
    Clock Pessimism Removal (CPR):    0.518ns

    Location             Delay type                Incr(ns)  Path(ns)    Netlist Resource(s)
  -------------------------------------------------------------------    -------------------
                         (clock sys_clk_pin rise edge)
                                                      0.000     0.000 r  
    W5                                                0.000     0.000 r  clk (IN)
                         net (fo=0)                   0.000     0.000    clk
    W5                   IBUF (Prop_ibuf_I_O)         0.226     0.226 r  clk_IBUF_inst/O
                         net (fo=1, routed)           0.631     0.858    clk_IBUF
    BUFGCTRL_X0Y0        BUFG (Prop_bufg_I_O)         0.026     0.884 r  clk_IBUF_BUFG_inst/O
                         net (fo=23, routed)          0.671     1.555    U_1us/CLK
    SLICE_X1Y136         FDCE                                         r  U_1us/count_reg_reg[3]/C
  -------------------------------------------------------------------    -------------------
    SLICE_X1Y136         FDCE (Prop_fdce_C_Q)         0.141     1.696 r  U_1us/count_reg_reg[3]/Q
                         net (fo=6, routed)           0.201     1.896    U_1us/count_reg[3]
    SLICE_X1Y136         LUT5 (Prop_lut5_I0_O)        0.042     1.938 r  U_1us/count_reg[4]_i_1/O
                         net (fo=1, routed)           0.000     1.938    U_1us/count_next[4]
    SLICE_X1Y136         FDCE                                         r  U_1us/count_reg_reg[4]/D
  -------------------------------------------------------------------    -------------------

                         (clock sys_clk_pin rise edge)
                                                      0.000     0.000 r  
    W5                                                0.000     0.000 r  clk (IN)
                         net (fo=0)                   0.000     0.000    clk
    W5                   IBUF (Prop_ibuf_I_O)         0.414     0.414 r  clk_IBUF_inst/O
                         net (fo=1, routed)           0.685     1.099    clk_IBUF
    BUFGCTRL_X0Y0        BUFG (Prop_bufg_I_O)         0.029     1.128 r  clk_IBUF_BUFG_inst/O
                         net (fo=23, routed)          0.945     2.073    U_1us/CLK
    SLICE_X1Y136         FDCE                                         r  U_1us/count_reg_reg[4]/C
                         clock pessimism             -0.518     1.555    
    SLICE_X1Y136         FDCE (Hold_fdce_C_D)         0.107     1.662    U_1us/count_reg_reg[4]
  -------------------------------------------------------------------
                         required time                         -1.662    
                         arrival time                           1.938    
  -------------------------------------------------------------------
                         slack                                  0.277    

Slack (MET) :             0.284ns  (arrival time - required time)
  Source:                 U_DHT_CU/FSM_onehot_state_reg[1]/C
                            (rising edge-triggered cell FDCE clocked by sys_clk_pin  {rise@0.000ns fall@5.000ns period=10.000ns})
  Destination:            U_DHT_CU/FSM_onehot_state_reg[2]/D
                            (rising edge-triggered cell FDCE clocked by sys_clk_pin  {rise@0.000ns fall@5.000ns period=10.000ns})
  Path Group:             sys_clk_pin
  Path Type:              Hold (Min at Fast Process Corner)
  Requirement:            0.000ns  (sys_clk_pin rise@0.000ns - sys_clk_pin rise@0.000ns)
  Data Path Delay:        0.354ns  (logic 0.141ns (39.858%)  route 0.213ns (60.142%))
  Logic Levels:           0  
  Clock Path Skew:        0.000ns (DCD - SCD - CPR)
    Destination Clock Delay (DCD):    2.074ns
    Source Clock Delay      (SCD):    1.556ns
    Clock Pessimism Removal (CPR):    0.518ns

    Location             Delay type                Incr(ns)  Path(ns)    Netlist Resource(s)
  -------------------------------------------------------------------    -------------------
                         (clock sys_clk_pin rise edge)
                                                      0.000     0.000 r  
    W5                                                0.000     0.000 r  clk (IN)
                         net (fo=0)                   0.000     0.000    clk
    W5                   IBUF (Prop_ibuf_I_O)         0.226     0.226 r  clk_IBUF_inst/O
                         net (fo=1, routed)           0.631     0.858    clk_IBUF
    BUFGCTRL_X0Y0        BUFG (Prop_bufg_I_O)         0.026     0.884 r  clk_IBUF_BUFG_inst/O
                         net (fo=23, routed)          0.672     1.556    U_DHT_CU/CLK
    SLICE_X0Y137         FDCE                                         r  U_DHT_CU/FSM_onehot_state_reg[1]/C
  -------------------------------------------------------------------    -------------------
    SLICE_X0Y137         FDCE (Prop_fdce_C_Q)         0.141     1.697 r  U_DHT_CU/FSM_onehot_state_reg[1]/Q
                         net (fo=5, routed)           0.213     1.909    U_DHT_CU/FSM_onehot_state_reg_n_0_[1]
    SLICE_X0Y137         FDCE                                         r  U_DHT_CU/FSM_onehot_state_reg[2]/D
  -------------------------------------------------------------------    -------------------

                         (clock sys_clk_pin rise edge)
                                                      0.000     0.000 r  
    W5                                                0.000     0.000 r  clk (IN)
                         net (fo=0)                   0.000     0.000    clk
    W5                   IBUF (Prop_ibuf_I_O)         0.414     0.414 r  clk_IBUF_inst/O
                         net (fo=1, routed)           0.685     1.099    clk_IBUF
    BUFGCTRL_X0Y0        BUFG (Prop_bufg_I_O)         0.029     1.128 r  clk_IBUF_BUFG_inst/O
                         net (fo=23, routed)          0.946     2.074    U_DHT_CU/CLK
    SLICE_X0Y137         FDCE                                         r  U_DHT_CU/FSM_onehot_state_reg[2]/C
                         clock pessimism             -0.518     1.556    
    SLICE_X0Y137         FDCE (Hold_fdce_C_D)         0.070     1.626    U_DHT_CU/FSM_onehot_state_reg[2]
  -------------------------------------------------------------------
                         required time                         -1.626    
                         arrival time                           1.909    
  -------------------------------------------------------------------
                         slack                                  0.284    

Slack (MET) :             0.286ns  (arrival time - required time)
  Source:                 U_DHT_CU/FSM_onehot_state_reg[2]/C
                            (rising edge-triggered cell FDCE clocked by sys_clk_pin  {rise@0.000ns fall@5.000ns period=10.000ns})
  Destination:            U_DHT_CU/FSM_onehot_state_reg[3]/D
                            (rising edge-triggered cell FDCE clocked by sys_clk_pin  {rise@0.000ns fall@5.000ns period=10.000ns})
  Path Group:             sys_clk_pin
  Path Type:              Hold (Min at Fast Process Corner)
  Requirement:            0.000ns  (sys_clk_pin rise@0.000ns - sys_clk_pin rise@0.000ns)
  Data Path Delay:        0.358ns  (logic 0.141ns (39.391%)  route 0.217ns (60.609%))
  Logic Levels:           0  
  Clock Path Skew:        0.000ns (DCD - SCD - CPR)
    Destination Clock Delay (DCD):    2.074ns
    Source Clock Delay      (SCD):    1.556ns
    Clock Pessimism Removal (CPR):    0.518ns

    Location             Delay type                Incr(ns)  Path(ns)    Netlist Resource(s)
  -------------------------------------------------------------------    -------------------
                         (clock sys_clk_pin rise edge)
                                                      0.000     0.000 r  
    W5                                                0.000     0.000 r  clk (IN)
                         net (fo=0)                   0.000     0.000    clk
    W5                   IBUF (Prop_ibuf_I_O)         0.226     0.226 r  clk_IBUF_inst/O
                         net (fo=1, routed)           0.631     0.858    clk_IBUF
    BUFGCTRL_X0Y0        BUFG (Prop_bufg_I_O)         0.026     0.884 r  clk_IBUF_BUFG_inst/O
                         net (fo=23, routed)          0.672     1.556    U_DHT_CU/CLK
    SLICE_X0Y137         FDCE                                         r  U_DHT_CU/FSM_onehot_state_reg[2]/C
  -------------------------------------------------------------------    -------------------
    SLICE_X0Y137         FDCE (Prop_fdce_C_Q)         0.141     1.697 r  U_DHT_CU/FSM_onehot_state_reg[2]/Q
                         net (fo=5, routed)           0.217     1.914    U_DHT_CU/FSM_onehot_state_reg_n_0_[2]
    SLICE_X0Y137         FDCE                                         r  U_DHT_CU/FSM_onehot_state_reg[3]/D
  -------------------------------------------------------------------    -------------------

                         (clock sys_clk_pin rise edge)
                                                      0.000     0.000 r  
    W5                                                0.000     0.000 r  clk (IN)
                         net (fo=0)                   0.000     0.000    clk
    W5                   IBUF (Prop_ibuf_I_O)         0.414     0.414 r  clk_IBUF_inst/O
                         net (fo=1, routed)           0.685     1.099    clk_IBUF
    BUFGCTRL_X0Y0        BUFG (Prop_bufg_I_O)         0.029     1.128 r  clk_IBUF_BUFG_inst/O
                         net (fo=23, routed)          0.946     2.074    U_DHT_CU/CLK
    SLICE_X0Y137         FDCE                                         r  U_DHT_CU/FSM_onehot_state_reg[3]/C
                         clock pessimism             -0.518     1.556    
    SLICE_X0Y137         FDCE (Hold_fdce_C_D)         0.072     1.628    U_DHT_CU/FSM_onehot_state_reg[3]
  -------------------------------------------------------------------
                         required time                         -1.628    
                         arrival time                           1.914    
  -------------------------------------------------------------------
                         slack                                  0.286    

Slack (MET) :             0.290ns  (arrival time - required time)
  Source:                 U_1us/count_reg_reg[4]/C
                            (rising edge-triggered cell FDCE clocked by sys_clk_pin  {rise@0.000ns fall@5.000ns period=10.000ns})
  Destination:            U_1us/count_reg_reg[2]/D
                            (rising edge-triggered cell FDCE clocked by sys_clk_pin  {rise@0.000ns fall@5.000ns period=10.000ns})
  Path Group:             sys_clk_pin
  Path Type:              Hold (Min at Fast Process Corner)
  Requirement:            0.000ns  (sys_clk_pin rise@0.000ns - sys_clk_pin rise@0.000ns)
  Data Path Delay:        0.395ns  (logic 0.227ns (57.501%)  route 0.168ns (42.499%))
  Logic Levels:           1  (LUT6=1)
  Clock Path Skew:        0.013ns (DCD - SCD - CPR)
    Destination Clock Delay (DCD):    2.073ns
    Source Clock Delay      (SCD):    1.555ns
    Clock Pessimism Removal (CPR):    0.505ns

    Location             Delay type                Incr(ns)  Path(ns)    Netlist Resource(s)
  -------------------------------------------------------------------    -------------------
                         (clock sys_clk_pin rise edge)
                                                      0.000     0.000 r  
    W5                                                0.000     0.000 r  clk (IN)
                         net (fo=0)                   0.000     0.000    clk
    W5                   IBUF (Prop_ibuf_I_O)         0.226     0.226 r  clk_IBUF_inst/O
                         net (fo=1, routed)           0.631     0.858    clk_IBUF
    BUFGCTRL_X0Y0        BUFG (Prop_bufg_I_O)         0.026     0.884 r  clk_IBUF_BUFG_inst/O
                         net (fo=23, routed)          0.671     1.555    U_1us/CLK
    SLICE_X1Y136         FDCE                                         r  U_1us/count_reg_reg[4]/C
  -------------------------------------------------------------------    -------------------
    SLICE_X1Y136         FDCE (Prop_fdce_C_Q)         0.128     1.683 r  U_1us/count_reg_reg[4]/Q
                         net (fo=5, routed)           0.168     1.850    U_1us/count_reg[4]
    SLICE_X0Y136         LUT6 (Prop_lut6_I2_O)        0.099     1.949 r  U_1us/count_reg[2]_i_1/O
                         net (fo=1, routed)           0.000     1.949    U_1us/count_next[2]
    SLICE_X0Y136         FDCE                                         r  U_1us/count_reg_reg[2]/D
  -------------------------------------------------------------------    -------------------

                         (clock sys_clk_pin rise edge)
                                                      0.000     0.000 r  
    W5                                                0.000     0.000 r  clk (IN)
                         net (fo=0)                   0.000     0.000    clk
    W5                   IBUF (Prop_ibuf_I_O)         0.414     0.414 r  clk_IBUF_inst/O
                         net (fo=1, routed)           0.685     1.099    clk_IBUF
    BUFGCTRL_X0Y0        BUFG (Prop_bufg_I_O)         0.029     1.128 r  clk_IBUF_BUFG_inst/O
                         net (fo=23, routed)          0.945     2.073    U_1us/CLK
    SLICE_X0Y136         FDCE                                         r  U_1us/count_reg_reg[2]/C
                         clock pessimism             -0.505     1.568    
    SLICE_X0Y136         FDCE (Hold_fdce_C_D)         0.092     1.660    U_1us/count_reg_reg[2]
  -------------------------------------------------------------------
                         required time                         -1.660    
                         arrival time                           1.949    
  -------------------------------------------------------------------
                         slack                                  0.290    





Pulse Width Checks
--------------------------------------------------------------------------------------
Clock Name:         sys_clk_pin
Waveform(ns):       { 0.000 5.000 }
Period(ns):         10.000
Sources:            { clk }

Check Type        Corner  Lib Pin  Reference Pin  Required(ns)  Actual(ns)  Slack(ns)  Location       Pin
Min Period        n/a     BUFG/I   n/a            2.155         10.000      7.845      BUFGCTRL_X0Y0  clk_IBUF_BUFG_inst/I
Min Period        n/a     FDCE/C   n/a            1.000         10.000      9.000      SLICE_X1Y136   U_1us/count_reg_reg[0]/C
Min Period        n/a     FDCE/C   n/a            1.000         10.000      9.000      SLICE_X1Y136   U_1us/count_reg_reg[1]/C
Min Period        n/a     FDCE/C   n/a            1.000         10.000      9.000      SLICE_X0Y136   U_1us/count_reg_reg[2]/C
Min Period        n/a     FDCE/C   n/a            1.000         10.000      9.000      SLICE_X1Y136   U_1us/count_reg_reg[3]/C
Min Period        n/a     FDCE/C   n/a            1.000         10.000      9.000      SLICE_X1Y136   U_1us/count_reg_reg[4]/C
Min Period        n/a     FDCE/C   n/a            1.000         10.000      9.000      SLICE_X0Y136   U_1us/count_reg_reg[5]/C
Min Period        n/a     FDCE/C   n/a            1.000         10.000      9.000      SLICE_X0Y136   U_1us/count_reg_reg[6]/C
Min Period        n/a     FDCE/C   n/a            1.000         10.000      9.000      SLICE_X0Y136   U_1us/tick_reg_reg/C
Min Period        n/a     FDPE/C   n/a            1.000         10.000      9.000      SLICE_X0Y137   U_DHT_CU/FSM_onehot_state_reg[0]/C
Low Pulse Width   Fast    FDCE/C   n/a            0.500         5.000       4.500      SLICE_X1Y136   U_1us/count_reg_reg[0]/C
Low Pulse Width   Fast    FDCE/C   n/a            0.500         5.000       4.500      SLICE_X1Y136   U_1us/count_reg_reg[1]/C
Low Pulse Width   Fast    FDCE/C   n/a            0.500         5.000       4.500      SLICE_X0Y136   U_1us/count_reg_reg[2]/C
Low Pulse Width   Fast    FDCE/C   n/a            0.500         5.000       4.500      SLICE_X1Y136   U_1us/count_reg_reg[3]/C
Low Pulse Width   Fast    FDCE/C   n/a            0.500         5.000       4.500      SLICE_X1Y136   U_1us/count_reg_reg[4]/C
Low Pulse Width   Fast    FDCE/C   n/a            0.500         5.000       4.500      SLICE_X0Y136   U_1us/count_reg_reg[5]/C
Low Pulse Width   Fast    FDCE/C   n/a            0.500         5.000       4.500      SLICE_X0Y136   U_1us/count_reg_reg[6]/C
Low Pulse Width   Fast    FDCE/C   n/a            0.500         5.000       4.500      SLICE_X0Y136   U_1us/tick_reg_reg/C
Low Pulse Width   Fast    FDPE/C   n/a            0.500         5.000       4.500      SLICE_X0Y137   U_DHT_CU/FSM_onehot_state_reg[0]/C
Low Pulse Width   Fast    FDCE/C   n/a            0.500         5.000       4.500      SLICE_X0Y137   U_DHT_CU/FSM_onehot_state_reg[1]/C
High Pulse Width  Fast    FDPE/C   n/a            0.500         5.000       4.500      SLICE_X0Y138   U_DHT_CU/io_out_reg_reg/C
High Pulse Width  Fast    FDCE/C   n/a            0.500         5.000       4.500      SLICE_X1Y138   U_DHT_CU/us_count_reg_reg[0]/C
High Pulse Width  Fast    FDCE/C   n/a            0.500         5.000       4.500      SLICE_X1Y138   U_DHT_CU/us_count_reg_reg[1]/C
High Pulse Width  Fast    FDCE/C   n/a            0.500         5.000       4.500      SLICE_X1Y138   U_DHT_CU/us_count_reg_reg[2]/C
High Pulse Width  Fast    FDCE/C   n/a            0.500         5.000       4.500      SLICE_X1Y138   U_DHT_CU/us_count_reg_reg[3]/C
High Pulse Width  Fast    FDCE/C   n/a            0.500         5.000       4.500      SLICE_X1Y138   U_DHT_CU/us_count_reg_reg[4]/C
High Pulse Width  Fast    FDCE/C   n/a            0.500         5.000       4.500      SLICE_X1Y136   U_1us/count_reg_reg[0]/C
High Pulse Width  Fast    FDCE/C   n/a            0.500         5.000       4.500      SLICE_X1Y136   U_1us/count_reg_reg[1]/C
High Pulse Width  Fast    FDCE/C   n/a            0.500         5.000       4.500      SLICE_X0Y136   U_1us/count_reg_reg[2]/C
High Pulse Width  Fast    FDCE/C   n/a            0.500         5.000       4.500      SLICE_X1Y136   U_1us/count_reg_reg[3]/C



