#-----------------------------------------------------------
# Vivado v2020.2 (64-bit)
# SW Build 3064766 on Wed Nov 18 09:12:45 MST 2020
# IP Build 3064653 on Wed Nov 18 14:17:31 MST 2020
# Start of session at: Thu Mar 13 13:29:35 2025
# Process ID: 11284
# Current directory: C:/harman/FPGA_Harman-1/myWatch_v1
# Command line: vivado.exe -gui_launcher_event rodinguilauncherevent14484 C:\harman\FPGA_Harman-1\myWatch_v1\myWatch_v1.xpr
# Log file: C:/harman/FPGA_Harman-1/myWatch_v1/vivado.log
# Journal file: C:/harman/FPGA_Harman-1/myWatch_v1\vivado.jou
#-----------------------------------------------------------
start_gui
open_project C:/harman/FPGA_Harman-1/myWatch_v1/myWatch_v1.xpr
update_compile_order -fileset sources_1
reset_run synth_1
launch_runs impl_1 -to_step write_bitstream -jobs 8
wait_on_run impl_1
open_hw_manager
connect_hw_server -allow_non_jtag
open_hw_target
set_property PROGRAM.FILE {C:/harman/FPGA_Harman-1/myWatch_v1/myWatch_v1.runs/impl_1/top_my_watch.bit} [get_hw_devices xc7a35t_0]
current_hw_device [get_hw_devices xc7a35t_0]
refresh_hw_device -update_hw_probes false [lindex [get_hw_devices xc7a35t_0] 0]
set_property PROBES.FILE {} [get_hw_devices xc7a35t_0]
set_property FULL_PROBES.FILE {} [get_hw_devices xc7a35t_0]
set_property PROGRAM.FILE {C:/harman/FPGA_Harman-1/myWatch_v1/myWatch_v1.runs/impl_1/top_my_watch.bit} [get_hw_devices xc7a35t_0]
program_hw_devices [get_hw_devices xc7a35t_0]
refresh_hw_device [lindex [get_hw_devices xc7a35t_0] 0]
reset_run synth_1
launch_runs impl_1 -to_step write_bitstream -jobs 8
wait_on_run impl_1
set_property PROBES.FILE {} [get_hw_devices xc7a35t_0]
set_property FULL_PROBES.FILE {} [get_hw_devices xc7a35t_0]
set_property PROGRAM.FILE {C:/harman/FPGA_Harman-1/myWatch_v1/myWatch_v1.runs/impl_1/top_my_watch.bit} [get_hw_devices xc7a35t_0]
program_hw_devices [get_hw_devices xc7a35t_0]
refresh_hw_device [lindex [get_hw_devices xc7a35t_0] 0]
reset_run synth_1
launch_runs impl_1 -to_step write_bitstream -jobs 8
wait_on_run impl_1
set_property PROBES.FILE {} [get_hw_devices xc7a35t_0]
set_property FULL_PROBES.FILE {} [get_hw_devices xc7a35t_0]
set_property PROGRAM.FILE {C:/harman/FPGA_Harman-1/myWatch_v1/myWatch_v1.runs/impl_1/top_my_watch.bit} [get_hw_devices xc7a35t_0]
program_hw_devices [get_hw_devices xc7a35t_0]
refresh_hw_device [lindex [get_hw_devices xc7a35t_0] 0]
update_compile_order -fileset sources_1
update_compile_order -fileset sources_1
close_project
open_project C:/harman/FPGA_Harman-1/20250313_my_watch/20250313_my_watch.xpr
update_compile_order -fileset sources_1
save_project_as project_1 C:/harman/FPGA_Harman-1/project_1 -force
launch_simulation
open_wave_config C:/harman/FPGA_Harman-1/new_my_stopwatch/tb_stopwatch_behav.wcfg
source tb_stopwatch.tcl
run all
close_sim
launch_simulation
open_wave_config C:/harman/FPGA_Harman-1/new_my_stopwatch/tb_stopwatch_behav.wcfg
source tb_stopwatch.tcl
run all
close_sim
close_project
open_project C:/harman/FPGA_Harman-1/20250313_my_watch/20250313_my_watch.xpr
update_compile_order -fileset sources_1
save_project_as 2025_03_13__my_watch C:/harman/FPGA_Harman-1/2025_03_13__my_watch -force
launch_simulation
open_wave_config C:/harman/FPGA_Harman-1/new_my_stopwatch/tb_stopwatch_behav.wcfg
source tb_stopwatch.tcl
close_sim
launch_simulation
open_wave_config C:/harman/FPGA_Harman-1/new_my_stopwatch/tb_stopwatch_behav.wcfg
source tb_stopwatch.tcl
run all
close_sim
