Copyright 1986-2022 Xilinx, Inc. All Rights Reserved. Copyright 2022-2024 Advanced Micro Devices, Inc. All Rights Reserved.
---------------------------------------------------------------------------------------------------------------------------------------------
| Tool Version : Vivado v.2024.2.1 (win64) Build 5266912 Sun Dec 15 09:03:24 MST 2024
| Date         : Sun Mar 23 02:05:16 2025
| Host         : PKLT running 64-bit major release  (build 9200)
| Command      : report_control_sets -verbose -file TOP_UART_control_sets_placed.rpt
| Design       : TOP_UART
| Device       : xc7a35t
---------------------------------------------------------------------------------------------------------------------------------------------

Control Set Information

Table of Contents
-----------------
1. Summary
2. Histogram
3. Flip-Flop Distribution
4. Detailed Control Set Information

1. Summary
----------

+----------------------------------------------------------+-------+
|                          Status                          | Count |
+----------------------------------------------------------+-------+
| Total control sets                                       |    13 |
|    Minimum number of control sets                        |    13 |
|    Addition due to synthesis replication                 |     0 |
|    Addition due to physical synthesis replication        |     0 |
| Unused register locations in slices containing registers |    79 |
+----------------------------------------------------------+-------+
* Control sets can be merged at opt_design using control_set_merge or merge_equivalent_drivers
** Run report_qor_suggestions for automated merging and remapping suggestions


2. Histogram
------------

+--------------------+-------+
|       Fanout       | Count |
+--------------------+-------+
| Total control sets |    13 |
| >= 0 to < 4        |     9 |
| >= 4 to < 6        |     3 |
| >= 6 to < 8        |     0 |
| >= 8 to < 10       |     0 |
| >= 10 to < 12      |     0 |
| >= 12 to < 14      |     0 |
| >= 14 to < 16      |     0 |
| >= 16              |     1 |
+--------------------+-------+
* Control sets can be remapped at either synth_design or opt_design


3. Flip-Flop Distribution
-------------------------

+--------------+-----------------------+------------------------+-----------------+--------------+
| Clock Enable | Synchronous Set/Reset | Asynchronous Set/Reset | Total Registers | Total Slices |
+--------------+-----------------------+------------------------+-----------------+--------------+
| No           | No                    | No                     |               0 |            0 |
| No           | No                    | Yes                    |              19 |            7 |
| No           | Yes                   | No                     |               0 |            0 |
| Yes          | No                    | No                     |               0 |            0 |
| Yes          | No                    | Yes                    |              22 |           13 |
| Yes          | Yes                   | No                     |               0 |            0 |
+--------------+-----------------------+------------------------+-----------------+--------------+


4. Detailed Control Set Information
-----------------------------------

+----------------+-----------------------------+------------------+------------------+----------------+--------------+
|  Clock Signal  |        Enable Signal        | Set/Reset Signal | Slice Load Count | Bel Load Count | Bels / Slice |
+----------------+-----------------------------+------------------+------------------+----------------+--------------+
|  clk_IBUF_BUFG | U_Uart/U_Rx/data_next[0]    | rst_IBUF         |                1 |              1 |         1.00 |
|  clk_IBUF_BUFG | U_Uart/U_Rx/data_next[1]    | rst_IBUF         |                1 |              1 |         1.00 |
|  clk_IBUF_BUFG | U_Uart/U_Rx/data_next[2]    | rst_IBUF         |                1 |              1 |         1.00 |
|  clk_IBUF_BUFG | U_Uart/U_Rx/data_next[7]    | rst_IBUF         |                1 |              1 |         1.00 |
|  clk_IBUF_BUFG | U_Uart/U_Rx/data_next[3]    | rst_IBUF         |                1 |              1 |         1.00 |
|  clk_IBUF_BUFG | U_Uart/U_Rx/data_next[4]    | rst_IBUF         |                1 |              1 |         1.00 |
|  clk_IBUF_BUFG | U_Uart/U_Rx/data_next[5]    | rst_IBUF         |                1 |              1 |         1.00 |
|  clk_IBUF_BUFG | U_Uart/U_Rx/data_next[6]    | rst_IBUF         |                1 |              1 |         1.00 |
|  clk_IBUF_BUFG | U_Uart/U_Tx/tx_next         | rst_IBUF         |                1 |              1 |         1.00 |
|  clk_IBUF_BUFG | U_Uart/U_Tx/tick_count_next | rst_IBUF         |                1 |              4 |         4.00 |
|  clk_IBUF_BUFG | U_Uart/U_Tx/data_count_next | rst_IBUF         |                1 |              4 |         4.00 |
|  clk_IBUF_BUFG | U_Uart/U_Rx/tick_count_next | rst_IBUF         |                2 |              5 |         2.50 |
|  clk_IBUF_BUFG |                             | rst_IBUF         |                7 |             19 |         2.71 |
+----------------+-----------------------------+------------------+------------------+----------------+--------------+


