Copyright 1986-2022 Xilinx, Inc. All Rights Reserved. Copyright 2022-2024 Advanced Micro Devices, Inc. All Rights Reserved.
-----------------------------------------------------------------------------------------------------------------------------------------------------------------------------------------------
| Tool Version : Vivado v.2024.2.1 (win64) Build 5266912 Sun Dec 15 09:03:24 MST 2024
| Date         : Sun Mar 23 02:05:47 2025
| Host         : PKLT running 64-bit major release  (build 9200)
| Command      : report_timing_summary -max_paths 10 -file TOP_UART_timing_summary_routed.rpt -pb TOP_UART_timing_summary_routed.pb -rpx TOP_UART_timing_summary_routed.rpx -warn_on_violation
| Design       : TOP_UART
| Device       : 7a35t-cpg236
| Speed File   : -1  PRODUCTION 1.23 2018-06-13
| Design State : Routed
-----------------------------------------------------------------------------------------------------------------------------------------------------------------------------------------------

Timing Summary Report

------------------------------------------------------------------------------------------------
| Timer Settings
| --------------
------------------------------------------------------------------------------------------------

  Enable Multi Corner Analysis               :  Yes
  Enable Pessimism Removal                   :  Yes
  Pessimism Removal Resolution               :  Nearest Common Node
  Enable Input Delay Default Clock           :  No
  Enable Preset / Clear Arcs                 :  No
  Disable Flight Delays                      :  No
  Ignore I/O Paths                           :  No
  Timing Early Launch at Borrowing Latches   :  No
  Borrow Time for Max Delay Exceptions       :  Yes
  Merge Timing Exceptions                    :  Yes
  Inter-SLR Compensation                     :  Conservative

  Corner  Analyze    Analyze    
  Name    Max Paths  Min Paths  
  ------  ---------  ---------  
  Slow    Yes        Yes        
  Fast    Yes        Yes        


------------------------------------------------------------------------------------------------
| Report Methodology
| ------------------
------------------------------------------------------------------------------------------------

Rule       Severity  Description                    Violations  
---------  --------  -----------------------------  ----------  
TIMING-18  Warning   Missing input or output delay  3           

Note: This report is based on the most recent report_methodology run and may not be up-to-date. Run report_methodology on the current design for the latest report.



check_timing report

Table of Contents
-----------------
1. checking no_clock (0)
2. checking constant_clock (0)
3. checking pulse_width_clock (0)
4. checking unconstrained_internal_endpoints (0)
5. checking no_input_delay (2)
6. checking no_output_delay (1)
7. checking multiple_clock (0)
8. checking generated_clocks (0)
9. checking loops (0)
10. checking partial_input_delay (0)
11. checking partial_output_delay (0)
12. checking latch_loops (0)

1. checking no_clock (0)
------------------------
 There are 0 register/latch pins with no clock.


2. checking constant_clock (0)
------------------------------
 There are 0 register/latch pins with constant_clock.


3. checking pulse_width_clock (0)
---------------------------------
 There are 0 register/latch pins which need pulse_width check


4. checking unconstrained_internal_endpoints (0)
------------------------------------------------
 There are 0 pins that are not constrained for maximum delay.

 There are 0 pins that are not constrained for maximum delay due to constant clock.


5. checking no_input_delay (2)
------------------------------
 There are 2 input ports with no input delay specified. (HIGH)

 There are 0 input ports with no input delay but user has a false path constraint.


6. checking no_output_delay (1)
-------------------------------
 There is 1 port with no output delay specified. (HIGH)

 There are 0 ports with no output delay but user has a false path constraint

 There are 0 ports with no output delay but with a timing clock defined on it or propagating through it


7. checking multiple_clock (0)
------------------------------
 There are 0 register/latch pins with multiple clocks.


8. checking generated_clocks (0)
--------------------------------
 There are 0 generated clocks that are not connected to a clock source.


9. checking loops (0)
---------------------
 There are 0 combinational loops in the design.


10. checking partial_input_delay (0)
------------------------------------
 There are 0 input ports with partial input delay specified.


11. checking partial_output_delay (0)
-------------------------------------
 There are 0 ports with partial output delay specified.


12. checking latch_loops (0)
----------------------------
 There are 0 combinational latch loops in the design through latch input



------------------------------------------------------------------------------------------------
| Design Timing Summary
| ---------------------
------------------------------------------------------------------------------------------------

    WNS(ns)      TNS(ns)  TNS Failing Endpoints  TNS Total Endpoints      WHS(ns)      THS(ns)  THS Failing Endpoints  THS Total Endpoints     WPWS(ns)     TPWS(ns)  TPWS Failing Endpoints  TPWS Total Endpoints  
    -------      -------  ---------------------  -------------------      -------      -------  ---------------------  -------------------     --------     --------  ----------------------  --------------------  
      6.056        0.000                      0                   55        0.222        0.000                      0                   55        4.500        0.000                       0                    42  


All user specified timing constraints are met.


------------------------------------------------------------------------------------------------
| Clock Summary
| -------------
------------------------------------------------------------------------------------------------

Clock        Waveform(ns)       Period(ns)      Frequency(MHz)
-----        ------------       ----------      --------------
sys_clk_pin  {0.000 5.000}      10.000          100.000         


------------------------------------------------------------------------------------------------
| Intra Clock Table
| -----------------
------------------------------------------------------------------------------------------------

Clock             WNS(ns)      TNS(ns)  TNS Failing Endpoints  TNS Total Endpoints      WHS(ns)      THS(ns)  THS Failing Endpoints  THS Total Endpoints     WPWS(ns)     TPWS(ns)  TPWS Failing Endpoints  TPWS Total Endpoints  
-----             -------      -------  ---------------------  -------------------      -------      -------  ---------------------  -------------------     --------     --------  ----------------------  --------------------  
sys_clk_pin         6.056        0.000                      0                   55        0.222        0.000                      0                   55        4.500        0.000                       0                    42  


------------------------------------------------------------------------------------------------
| Inter Clock Table
| -----------------
------------------------------------------------------------------------------------------------

From Clock    To Clock          WNS(ns)      TNS(ns)  TNS Failing Endpoints  TNS Total Endpoints      WHS(ns)      THS(ns)  THS Failing Endpoints  THS Total Endpoints  
----------    --------          -------      -------  ---------------------  -------------------      -------      -------  ---------------------  -------------------  


------------------------------------------------------------------------------------------------
| Other Path Groups Table
| -----------------------
------------------------------------------------------------------------------------------------

Path Group    From Clock    To Clock          WNS(ns)      TNS(ns)  TNS Failing Endpoints  TNS Total Endpoints      WHS(ns)      THS(ns)  THS Failing Endpoints  THS Total Endpoints  
----------    ----------    --------          -------      -------  ---------------------  -------------------      -------      -------  ---------------------  -------------------  


------------------------------------------------------------------------------------------------
| Timing Details
| --------------
------------------------------------------------------------------------------------------------


---------------------------------------------------------------------------------------------------
From Clock:  sys_clk_pin
  To Clock:  sys_clk_pin

Setup :            0  Failing Endpoints,  Worst Slack        6.056ns,  Total Violation        0.000ns
Hold  :            0  Failing Endpoints,  Worst Slack        0.222ns,  Total Violation        0.000ns
PW    :            0  Failing Endpoints,  Worst Slack        4.500ns,  Total Violation        0.000ns
---------------------------------------------------------------------------------------------------


Max Delay Paths
--------------------------------------------------------------------------------------
Slack (MET) :             6.056ns  (required time - arrival time)
  Source:                 U_Uart/U_Rx/tick_count_reg[2]/C
                            (rising edge-triggered cell FDCE clocked by sys_clk_pin  {rise@0.000ns fall@5.000ns period=10.000ns})
  Destination:            U_Uart/U_Rx/data_reg[6]/CE
                            (rising edge-triggered cell FDCE clocked by sys_clk_pin  {rise@0.000ns fall@5.000ns period=10.000ns})
  Path Group:             sys_clk_pin
  Path Type:              Setup (Max at Slow Process Corner)
  Requirement:            10.000ns  (sys_clk_pin rise@10.000ns - sys_clk_pin rise@0.000ns)
  Data Path Delay:        3.462ns  (logic 1.250ns (36.107%)  route 2.212ns (63.893%))
  Logic Levels:           3  (LUT3=1 LUT4=1 LUT6=1)
  Clock Path Skew:        -0.040ns (DCD - SCD + CPR)
    Destination Clock Delay (DCD):    5.023ns = ( 15.023 - 10.000 ) 
    Source Clock Delay      (SCD):    5.330ns
    Clock Pessimism Removal (CPR):    0.267ns
  Clock Uncertainty:      0.035ns  ((TSJ^2 + TIJ^2)^1/2 + DJ) / 2 + PE
    Total System Jitter     (TSJ):    0.071ns
    Total Input Jitter      (TIJ):    0.000ns
    Discrete Jitter          (DJ):    0.000ns
    Phase Error              (PE):    0.000ns

    Location             Delay type                Incr(ns)  Path(ns)    Netlist Resource(s)
  -------------------------------------------------------------------    -------------------
                         (clock sys_clk_pin rise edge)
                                                      0.000     0.000 r  
    W5                                                0.000     0.000 r  clk (IN)
                         net (fo=0)                   0.000     0.000    clk
    W5                   IBUF (Prop_ibuf_I_O)         1.458     1.458 r  clk_IBUF_inst/O
                         net (fo=1, routed)           1.967     3.425    clk_IBUF
    BUFGCTRL_X0Y0        BUFG (Prop_bufg_I_O)         0.096     3.521 r  clk_IBUF_BUFG_inst/O
                         net (fo=41, routed)          1.809     5.330    U_Uart/U_Rx/CLK
    SLICE_X2Y104         FDCE                                         r  U_Uart/U_Rx/tick_count_reg[2]/C
  -------------------------------------------------------------------    -------------------
    SLICE_X2Y104         FDCE (Prop_fdce_C_Q)         0.478     5.808 r  U_Uart/U_Rx/tick_count_reg[2]/Q
                         net (fo=10, routed)          0.571     6.380    U_Uart/U_Rx/tick_count[2]
    SLICE_X2Y104         LUT3 (Prop_lut3_I0_O)        0.291     6.671 r  U_Uart/U_Rx/data[7]_i_3/O
                         net (fo=5, routed)           0.578     7.249    U_Uart/U_Rx/data[7]_i_3_n_0
    SLICE_X1Y105         LUT6 (Prop_lut6_I2_O)        0.331     7.580 r  U_Uart/U_Rx/data[6]_i_2/O
                         net (fo=2, routed)           0.433     8.013    U_Uart/U_Rx/data[6]_i_2_n_0
    SLICE_X1Y105         LUT4 (Prop_lut4_I1_O)        0.150     8.163 r  U_Uart/U_Rx/data[6]_i_1/O
                         net (fo=1, routed)           0.630     8.792    U_Uart/U_Rx/data_next[6]
    SLICE_X5Y105         FDCE                                         r  U_Uart/U_Rx/data_reg[6]/CE
  -------------------------------------------------------------------    -------------------

                         (clock sys_clk_pin rise edge)
                                                     10.000    10.000 r  
    W5                                                0.000    10.000 r  clk (IN)
                         net (fo=0)                   0.000    10.000    clk
    W5                   IBUF (Prop_ibuf_I_O)         1.388    11.388 r  clk_IBUF_inst/O
                         net (fo=1, routed)           1.862    13.250    clk_IBUF
    BUFGCTRL_X0Y0        BUFG (Prop_bufg_I_O)         0.091    13.341 r  clk_IBUF_BUFG_inst/O
                         net (fo=41, routed)          1.682    15.023    U_Uart/U_Rx/CLK
    SLICE_X5Y105         FDCE                                         r  U_Uart/U_Rx/data_reg[6]/C
                         clock pessimism              0.267    15.290    
                         clock uncertainty           -0.035    15.255    
    SLICE_X5Y105         FDCE (Setup_fdce_C_CE)      -0.407    14.848    U_Uart/U_Rx/data_reg[6]
  -------------------------------------------------------------------
                         required time                         14.848    
                         arrival time                          -8.792    
  -------------------------------------------------------------------
                         slack                                  6.056    

Slack (MET) :             6.229ns  (required time - arrival time)
  Source:                 U_Uart/U_Rx/tick_count_reg[2]/C
                            (rising edge-triggered cell FDCE clocked by sys_clk_pin  {rise@0.000ns fall@5.000ns period=10.000ns})
  Destination:            U_Uart/U_Rx/data_reg[3]/CE
                            (rising edge-triggered cell FDCE clocked by sys_clk_pin  {rise@0.000ns fall@5.000ns period=10.000ns})
  Path Group:             sys_clk_pin
  Path Type:              Setup (Max at Slow Process Corner)
  Requirement:            10.000ns  (sys_clk_pin rise@10.000ns - sys_clk_pin rise@0.000ns)
  Data Path Delay:        3.283ns  (logic 1.252ns (38.138%)  route 2.031ns (61.862%))
  Logic Levels:           3  (LUT3=1 LUT4=1 LUT6=1)
  Clock Path Skew:        -0.040ns (DCD - SCD + CPR)
    Destination Clock Delay (DCD):    5.023ns = ( 15.023 - 10.000 ) 
    Source Clock Delay      (SCD):    5.330ns
    Clock Pessimism Removal (CPR):    0.267ns
  Clock Uncertainty:      0.035ns  ((TSJ^2 + TIJ^2)^1/2 + DJ) / 2 + PE
    Total System Jitter     (TSJ):    0.071ns
    Total Input Jitter      (TIJ):    0.000ns
    Discrete Jitter          (DJ):    0.000ns
    Phase Error              (PE):    0.000ns

    Location             Delay type                Incr(ns)  Path(ns)    Netlist Resource(s)
  -------------------------------------------------------------------    -------------------
                         (clock sys_clk_pin rise edge)
                                                      0.000     0.000 r  
    W5                                                0.000     0.000 r  clk (IN)
                         net (fo=0)                   0.000     0.000    clk
    W5                   IBUF (Prop_ibuf_I_O)         1.458     1.458 r  clk_IBUF_inst/O
                         net (fo=1, routed)           1.967     3.425    clk_IBUF
    BUFGCTRL_X0Y0        BUFG (Prop_bufg_I_O)         0.096     3.521 r  clk_IBUF_BUFG_inst/O
                         net (fo=41, routed)          1.809     5.330    U_Uart/U_Rx/CLK
    SLICE_X2Y104         FDCE                                         r  U_Uart/U_Rx/tick_count_reg[2]/C
  -------------------------------------------------------------------    -------------------
    SLICE_X2Y104         FDCE (Prop_fdce_C_Q)         0.478     5.808 r  U_Uart/U_Rx/tick_count_reg[2]/Q
                         net (fo=10, routed)          0.571     6.380    U_Uart/U_Rx/tick_count[2]
    SLICE_X2Y104         LUT3 (Prop_lut3_I0_O)        0.291     6.671 r  U_Uart/U_Rx/data[7]_i_3/O
                         net (fo=5, routed)           0.316     6.987    U_Uart/U_Rx/data[7]_i_3_n_0
    SLICE_X1Y104         LUT6 (Prop_lut6_I2_O)        0.331     7.318 r  U_Uart/U_Rx/data[3]_i_2/O
                         net (fo=2, routed)           0.667     7.985    U_Uart/U_Rx/data[3]_i_2_n_0
    SLICE_X1Y104         LUT4 (Prop_lut4_I1_O)        0.152     8.137 r  U_Uart/U_Rx/data[3]_i_1/O
                         net (fo=1, routed)           0.476     8.613    U_Uart/U_Rx/data_next[3]
    SLICE_X4Y105         FDCE                                         r  U_Uart/U_Rx/data_reg[3]/CE
  -------------------------------------------------------------------    -------------------

                         (clock sys_clk_pin rise edge)
                                                     10.000    10.000 r  
    W5                                                0.000    10.000 r  clk (IN)
                         net (fo=0)                   0.000    10.000    clk
    W5                   IBUF (Prop_ibuf_I_O)         1.388    11.388 r  clk_IBUF_inst/O
                         net (fo=1, routed)           1.862    13.250    clk_IBUF
    BUFGCTRL_X0Y0        BUFG (Prop_bufg_I_O)         0.091    13.341 r  clk_IBUF_BUFG_inst/O
                         net (fo=41, routed)          1.682    15.023    U_Uart/U_Rx/CLK
    SLICE_X4Y105         FDCE                                         r  U_Uart/U_Rx/data_reg[3]/C
                         clock pessimism              0.267    15.290    
                         clock uncertainty           -0.035    15.255    
    SLICE_X4Y105         FDCE (Setup_fdce_C_CE)      -0.413    14.842    U_Uart/U_Rx/data_reg[3]
  -------------------------------------------------------------------
                         required time                         14.842    
                         arrival time                          -8.613    
  -------------------------------------------------------------------
                         slack                                  6.229    

Slack (MET) :             6.301ns  (required time - arrival time)
  Source:                 U_Uart/U_Rx/tick_count_reg[2]/C
                            (rising edge-triggered cell FDCE clocked by sys_clk_pin  {rise@0.000ns fall@5.000ns period=10.000ns})
  Destination:            U_Uart/U_Rx/data_reg[0]/CE
                            (rising edge-triggered cell FDCE clocked by sys_clk_pin  {rise@0.000ns fall@5.000ns period=10.000ns})
  Path Group:             sys_clk_pin
  Path Type:              Setup (Max at Slow Process Corner)
  Requirement:            10.000ns  (sys_clk_pin rise@10.000ns - sys_clk_pin rise@0.000ns)
  Data Path Delay:        3.231ns  (logic 1.218ns (37.694%)  route 2.013ns (62.306%))
  Logic Levels:           3  (LUT3=1 LUT4=1 LUT6=1)
  Clock Path Skew:        -0.025ns (DCD - SCD + CPR)
    Destination Clock Delay (DCD):    5.024ns = ( 15.024 - 10.000 ) 
    Source Clock Delay      (SCD):    5.330ns
    Clock Pessimism Removal (CPR):    0.281ns
  Clock Uncertainty:      0.035ns  ((TSJ^2 + TIJ^2)^1/2 + DJ) / 2 + PE
    Total System Jitter     (TSJ):    0.071ns
    Total Input Jitter      (TIJ):    0.000ns
    Discrete Jitter          (DJ):    0.000ns
    Phase Error              (PE):    0.000ns

    Location             Delay type                Incr(ns)  Path(ns)    Netlist Resource(s)
  -------------------------------------------------------------------    -------------------
                         (clock sys_clk_pin rise edge)
                                                      0.000     0.000 r  
    W5                                                0.000     0.000 r  clk (IN)
                         net (fo=0)                   0.000     0.000    clk
    W5                   IBUF (Prop_ibuf_I_O)         1.458     1.458 r  clk_IBUF_inst/O
                         net (fo=1, routed)           1.967     3.425    clk_IBUF
    BUFGCTRL_X0Y0        BUFG (Prop_bufg_I_O)         0.096     3.521 r  clk_IBUF_BUFG_inst/O
                         net (fo=41, routed)          1.809     5.330    U_Uart/U_Rx/CLK
    SLICE_X2Y104         FDCE                                         r  U_Uart/U_Rx/tick_count_reg[2]/C
  -------------------------------------------------------------------    -------------------
    SLICE_X2Y104         FDCE (Prop_fdce_C_Q)         0.478     5.808 r  U_Uart/U_Rx/tick_count_reg[2]/Q
                         net (fo=10, routed)          0.571     6.380    U_Uart/U_Rx/tick_count[2]
    SLICE_X2Y104         LUT3 (Prop_lut3_I0_O)        0.291     6.671 r  U_Uart/U_Rx/data[7]_i_3/O
                         net (fo=5, routed)           0.311     6.982    U_Uart/U_Rx/data[7]_i_3_n_0
    SLICE_X1Y104         LUT6 (Prop_lut6_I2_O)        0.331     7.313 r  U_Uart/U_Rx/data[2]_i_2/O
                         net (fo=2, routed)           0.469     7.782    U_Uart/U_Rx/data[2]_i_2_n_0
    SLICE_X1Y104         LUT4 (Prop_lut4_I1_O)        0.118     7.900 r  U_Uart/U_Rx/data[0]_i_1/O
                         net (fo=1, routed)           0.662     8.562    U_Uart/U_Rx/data_next[0]
    SLICE_X1Y104         FDCE                                         r  U_Uart/U_Rx/data_reg[0]/CE
  -------------------------------------------------------------------    -------------------

                         (clock sys_clk_pin rise edge)
                                                     10.000    10.000 r  
    W5                                                0.000    10.000 r  clk (IN)
                         net (fo=0)                   0.000    10.000    clk
    W5                   IBUF (Prop_ibuf_I_O)         1.388    11.388 r  clk_IBUF_inst/O
                         net (fo=1, routed)           1.862    13.250    clk_IBUF
    BUFGCTRL_X0Y0        BUFG (Prop_bufg_I_O)         0.091    13.341 r  clk_IBUF_BUFG_inst/O
                         net (fo=41, routed)          1.683    15.024    U_Uart/U_Rx/CLK
    SLICE_X1Y104         FDCE                                         r  U_Uart/U_Rx/data_reg[0]/C
                         clock pessimism              0.281    15.305    
                         clock uncertainty           -0.035    15.270    
    SLICE_X1Y104         FDCE (Setup_fdce_C_CE)      -0.407    14.863    U_Uart/U_Rx/data_reg[0]
  -------------------------------------------------------------------
                         required time                         14.863    
                         arrival time                          -8.562    
  -------------------------------------------------------------------
                         slack                                  6.301    

Slack (MET) :             6.329ns  (required time - arrival time)
  Source:                 U_Uart/U_Rx/tick_count_reg[2]/C
                            (rising edge-triggered cell FDCE clocked by sys_clk_pin  {rise@0.000ns fall@5.000ns period=10.000ns})
  Destination:            U_Uart/U_Rx/data_reg[7]/CE
                            (rising edge-triggered cell FDCE clocked by sys_clk_pin  {rise@0.000ns fall@5.000ns period=10.000ns})
  Path Group:             sys_clk_pin
  Path Type:              Setup (Max at Slow Process Corner)
  Requirement:            10.000ns  (sys_clk_pin rise@10.000ns - sys_clk_pin rise@0.000ns)
  Data Path Delay:        3.441ns  (logic 1.224ns (35.569%)  route 2.217ns (64.431%))
  Logic Levels:           3  (LUT3=1 LUT4=1 LUT6=1)
  Clock Path Skew:        -0.025ns (DCD - SCD + CPR)
    Destination Clock Delay (DCD):    5.024ns = ( 15.024 - 10.000 ) 
    Source Clock Delay      (SCD):    5.330ns
    Clock Pessimism Removal (CPR):    0.281ns
  Clock Uncertainty:      0.035ns  ((TSJ^2 + TIJ^2)^1/2 + DJ) / 2 + PE
    Total System Jitter     (TSJ):    0.071ns
    Total Input Jitter      (TIJ):    0.000ns
    Discrete Jitter          (DJ):    0.000ns
    Phase Error              (PE):    0.000ns

    Location             Delay type                Incr(ns)  Path(ns)    Netlist Resource(s)
  -------------------------------------------------------------------    -------------------
                         (clock sys_clk_pin rise edge)
                                                      0.000     0.000 r  
    W5                                                0.000     0.000 r  clk (IN)
                         net (fo=0)                   0.000     0.000    clk
    W5                   IBUF (Prop_ibuf_I_O)         1.458     1.458 r  clk_IBUF_inst/O
                         net (fo=1, routed)           1.967     3.425    clk_IBUF
    BUFGCTRL_X0Y0        BUFG (Prop_bufg_I_O)         0.096     3.521 r  clk_IBUF_BUFG_inst/O
                         net (fo=41, routed)          1.809     5.330    U_Uart/U_Rx/CLK
    SLICE_X2Y104         FDCE                                         r  U_Uart/U_Rx/tick_count_reg[2]/C
  -------------------------------------------------------------------    -------------------
    SLICE_X2Y104         FDCE (Prop_fdce_C_Q)         0.478     5.808 r  U_Uart/U_Rx/tick_count_reg[2]/Q
                         net (fo=10, routed)          0.571     6.380    U_Uart/U_Rx/tick_count[2]
    SLICE_X2Y104         LUT3 (Prop_lut3_I0_O)        0.291     6.671 r  U_Uart/U_Rx/data[7]_i_3/O
                         net (fo=5, routed)           0.462     7.133    U_Uart/U_Rx/data[7]_i_3_n_0
    SLICE_X1Y105         LUT6 (Prop_lut6_I2_O)        0.331     7.464 r  U_Uart/U_Rx/data[7]_i_2/O
                         net (fo=2, routed)           0.804     8.268    U_Uart/U_Rx/data[7]_i_2_n_0
    SLICE_X2Y106         LUT4 (Prop_lut4_I1_O)        0.124     8.392 r  U_Uart/U_Rx/data[7]_i_1/O
                         net (fo=1, routed)           0.379     8.771    U_Uart/U_Rx/data_next[7]
    SLICE_X2Y106         FDCE                                         r  U_Uart/U_Rx/data_reg[7]/CE
  -------------------------------------------------------------------    -------------------

                         (clock sys_clk_pin rise edge)
                                                     10.000    10.000 r  
    W5                                                0.000    10.000 r  clk (IN)
                         net (fo=0)                   0.000    10.000    clk
    W5                   IBUF (Prop_ibuf_I_O)         1.388    11.388 r  clk_IBUF_inst/O
                         net (fo=1, routed)           1.862    13.250    clk_IBUF
    BUFGCTRL_X0Y0        BUFG (Prop_bufg_I_O)         0.091    13.341 r  clk_IBUF_BUFG_inst/O
                         net (fo=41, routed)          1.683    15.024    U_Uart/U_Rx/CLK
    SLICE_X2Y106         FDCE                                         r  U_Uart/U_Rx/data_reg[7]/C
                         clock pessimism              0.281    15.305    
                         clock uncertainty           -0.035    15.270    
    SLICE_X2Y106         FDCE (Setup_fdce_C_CE)      -0.169    15.101    U_Uart/U_Rx/data_reg[7]
  -------------------------------------------------------------------
                         required time                         15.101    
                         arrival time                          -8.771    
  -------------------------------------------------------------------
                         slack                                  6.329    

Slack (MET) :             6.550ns  (required time - arrival time)
  Source:                 U_Uart/U_Rx/tick_count_reg[2]/C
                            (rising edge-triggered cell FDCE clocked by sys_clk_pin  {rise@0.000ns fall@5.000ns period=10.000ns})
  Destination:            U_Uart/U_Rx/data_reg[4]/CE
                            (rising edge-triggered cell FDCE clocked by sys_clk_pin  {rise@0.000ns fall@5.000ns period=10.000ns})
  Path Group:             sys_clk_pin
  Path Type:              Setup (Max at Slow Process Corner)
  Requirement:            10.000ns  (sys_clk_pin rise@10.000ns - sys_clk_pin rise@0.000ns)
  Data Path Delay:        3.185ns  (logic 1.224ns (38.433%)  route 1.961ns (61.567%))
  Logic Levels:           3  (LUT3=1 LUT4=1 LUT6=1)
  Clock Path Skew:        -0.025ns (DCD - SCD + CPR)
    Destination Clock Delay (DCD):    5.024ns = ( 15.024 - 10.000 ) 
    Source Clock Delay      (SCD):    5.330ns
    Clock Pessimism Removal (CPR):    0.281ns
  Clock Uncertainty:      0.035ns  ((TSJ^2 + TIJ^2)^1/2 + DJ) / 2 + PE
    Total System Jitter     (TSJ):    0.071ns
    Total Input Jitter      (TIJ):    0.000ns
    Discrete Jitter          (DJ):    0.000ns
    Phase Error              (PE):    0.000ns

    Location             Delay type                Incr(ns)  Path(ns)    Netlist Resource(s)
  -------------------------------------------------------------------    -------------------
                         (clock sys_clk_pin rise edge)
                                                      0.000     0.000 r  
    W5                                                0.000     0.000 r  clk (IN)
                         net (fo=0)                   0.000     0.000    clk
    W5                   IBUF (Prop_ibuf_I_O)         1.458     1.458 r  clk_IBUF_inst/O
                         net (fo=1, routed)           1.967     3.425    clk_IBUF
    BUFGCTRL_X0Y0        BUFG (Prop_bufg_I_O)         0.096     3.521 r  clk_IBUF_BUFG_inst/O
                         net (fo=41, routed)          1.809     5.330    U_Uart/U_Rx/CLK
    SLICE_X2Y104         FDCE                                         r  U_Uart/U_Rx/tick_count_reg[2]/C
  -------------------------------------------------------------------    -------------------
    SLICE_X2Y104         FDCE (Prop_fdce_C_Q)         0.478     5.808 r  U_Uart/U_Rx/tick_count_reg[2]/Q
                         net (fo=10, routed)          0.571     6.380    U_Uart/U_Rx/tick_count[2]
    SLICE_X2Y104         LUT3 (Prop_lut3_I0_O)        0.291     6.671 r  U_Uart/U_Rx/data[7]_i_3/O
                         net (fo=5, routed)           0.578     7.249    U_Uart/U_Rx/data[7]_i_3_n_0
    SLICE_X1Y105         LUT6 (Prop_lut6_I2_O)        0.331     7.580 r  U_Uart/U_Rx/data[6]_i_2/O
                         net (fo=2, routed)           0.433     8.013    U_Uart/U_Rx/data[6]_i_2_n_0
    SLICE_X1Y105         LUT4 (Prop_lut4_I1_O)        0.124     8.137 r  U_Uart/U_Rx/data[4]_i_1/O
                         net (fo=1, routed)           0.378     8.515    U_Uart/U_Rx/data_next[4]
    SLICE_X1Y105         FDCE                                         r  U_Uart/U_Rx/data_reg[4]/CE
  -------------------------------------------------------------------    -------------------

                         (clock sys_clk_pin rise edge)
                                                     10.000    10.000 r  
    W5                                                0.000    10.000 r  clk (IN)
                         net (fo=0)                   0.000    10.000    clk
    W5                   IBUF (Prop_ibuf_I_O)         1.388    11.388 r  clk_IBUF_inst/O
                         net (fo=1, routed)           1.862    13.250    clk_IBUF
    BUFGCTRL_X0Y0        BUFG (Prop_bufg_I_O)         0.091    13.341 r  clk_IBUF_BUFG_inst/O
                         net (fo=41, routed)          1.683    15.024    U_Uart/U_Rx/CLK
    SLICE_X1Y105         FDCE                                         r  U_Uart/U_Rx/data_reg[4]/C
                         clock pessimism              0.281    15.305    
                         clock uncertainty           -0.035    15.270    
    SLICE_X1Y105         FDCE (Setup_fdce_C_CE)      -0.205    15.065    U_Uart/U_Rx/data_reg[4]
  -------------------------------------------------------------------
                         required time                         15.065    
                         arrival time                          -8.515    
  -------------------------------------------------------------------
                         slack                                  6.550    

Slack (MET) :             6.559ns  (required time - arrival time)
  Source:                 U_Uart/U_btn_Debounce/tick_reg_reg/C
                            (rising edge-triggered cell FDCE clocked by sys_clk_pin  {rise@0.000ns fall@5.000ns period=10.000ns})
  Destination:            U_Uart/U_Tx/tx_reg/CE
                            (rising edge-triggered cell FDPE clocked by sys_clk_pin  {rise@0.000ns fall@5.000ns period=10.000ns})
  Path Group:             sys_clk_pin
  Path Type:              Setup (Max at Slow Process Corner)
  Requirement:            10.000ns  (sys_clk_pin rise@10.000ns - sys_clk_pin rise@0.000ns)
  Data Path Delay:        2.968ns  (logic 0.729ns (24.562%)  route 2.239ns (75.438%))
  Logic Levels:           2  (LUT3=1 LUT5=1)
  Clock Path Skew:        -0.025ns (DCD - SCD + CPR)
    Destination Clock Delay (DCD):    5.024ns = ( 15.024 - 10.000 ) 
    Source Clock Delay      (SCD):    5.330ns
    Clock Pessimism Removal (CPR):    0.281ns
  Clock Uncertainty:      0.035ns  ((TSJ^2 + TIJ^2)^1/2 + DJ) / 2 + PE
    Total System Jitter     (TSJ):    0.071ns
    Total Input Jitter      (TIJ):    0.000ns
    Discrete Jitter          (DJ):    0.000ns
    Phase Error              (PE):    0.000ns

    Location             Delay type                Incr(ns)  Path(ns)    Netlist Resource(s)
  -------------------------------------------------------------------    -------------------
                         (clock sys_clk_pin rise edge)
                                                      0.000     0.000 r  
    W5                                                0.000     0.000 r  clk (IN)
                         net (fo=0)                   0.000     0.000    clk
    W5                   IBUF (Prop_ibuf_I_O)         1.458     1.458 r  clk_IBUF_inst/O
                         net (fo=1, routed)           1.967     3.425    clk_IBUF
    BUFGCTRL_X0Y0        BUFG (Prop_bufg_I_O)         0.096     3.521 r  clk_IBUF_BUFG_inst/O
                         net (fo=41, routed)          1.809     5.330    U_Uart/U_btn_Debounce/CLK
    SLICE_X3Y103         FDCE                                         r  U_Uart/U_btn_Debounce/tick_reg_reg/C
  -------------------------------------------------------------------    -------------------
    SLICE_X3Y103         FDCE (Prop_fdce_C_Q)         0.456     5.786 r  U_Uart/U_btn_Debounce/tick_reg_reg/Q
                         net (fo=15, routed)          1.178     6.964    U_Uart/U_Tx/tick
    SLICE_X0Y107         LUT5 (Prop_lut5_I4_O)        0.124     7.088 r  U_Uart/U_Tx/FSM_sequential_state[1]_i_2__0/O
                         net (fo=4, routed)           0.727     7.815    U_Uart/U_Tx/FSM_sequential_state[1]_i_2__0_n_0
    SLICE_X1Y107         LUT3 (Prop_lut3_I1_O)        0.149     7.964 r  U_Uart/U_Tx/tx_i_1/O
                         net (fo=1, routed)           0.334     8.298    U_Uart/U_Tx/tx_next
    SLICE_X1Y106         FDPE                                         r  U_Uart/U_Tx/tx_reg/CE
  -------------------------------------------------------------------    -------------------

                         (clock sys_clk_pin rise edge)
                                                     10.000    10.000 r  
    W5                                                0.000    10.000 r  clk (IN)
                         net (fo=0)                   0.000    10.000    clk
    W5                   IBUF (Prop_ibuf_I_O)         1.388    11.388 r  clk_IBUF_inst/O
                         net (fo=1, routed)           1.862    13.250    clk_IBUF
    BUFGCTRL_X0Y0        BUFG (Prop_bufg_I_O)         0.091    13.341 r  clk_IBUF_BUFG_inst/O
                         net (fo=41, routed)          1.683    15.024    U_Uart/U_Tx/CLK
    SLICE_X1Y106         FDPE                                         r  U_Uart/U_Tx/tx_reg/C
                         clock pessimism              0.281    15.305    
                         clock uncertainty           -0.035    15.270    
    SLICE_X1Y106         FDPE (Setup_fdpe_C_CE)      -0.413    14.857    U_Uart/U_Tx/tx_reg
  -------------------------------------------------------------------
                         required time                         14.857    
                         arrival time                          -8.298    
  -------------------------------------------------------------------
                         slack                                  6.559    

Slack (MET) :             6.577ns  (required time - arrival time)
  Source:                 U_Uart/U_Rx/tick_count_reg[2]/C
                            (rising edge-triggered cell FDCE clocked by sys_clk_pin  {rise@0.000ns fall@5.000ns period=10.000ns})
  Destination:            U_Uart/U_Rx/data_reg[1]/CE
                            (rising edge-triggered cell FDCE clocked by sys_clk_pin  {rise@0.000ns fall@5.000ns period=10.000ns})
  Path Group:             sys_clk_pin
  Path Type:              Setup (Max at Slow Process Corner)
  Requirement:            10.000ns  (sys_clk_pin rise@10.000ns - sys_clk_pin rise@0.000ns)
  Data Path Delay:        3.157ns  (logic 1.224ns (38.765%)  route 1.933ns (61.235%))
  Logic Levels:           3  (LUT3=1 LUT4=1 LUT6=1)
  Clock Path Skew:        -0.025ns (DCD - SCD + CPR)
    Destination Clock Delay (DCD):    5.024ns = ( 15.024 - 10.000 ) 
    Source Clock Delay      (SCD):    5.330ns
    Clock Pessimism Removal (CPR):    0.281ns
  Clock Uncertainty:      0.035ns  ((TSJ^2 + TIJ^2)^1/2 + DJ) / 2 + PE
    Total System Jitter     (TSJ):    0.071ns
    Total Input Jitter      (TIJ):    0.000ns
    Discrete Jitter          (DJ):    0.000ns
    Phase Error              (PE):    0.000ns

    Location             Delay type                Incr(ns)  Path(ns)    Netlist Resource(s)
  -------------------------------------------------------------------    -------------------
                         (clock sys_clk_pin rise edge)
                                                      0.000     0.000 r  
    W5                                                0.000     0.000 r  clk (IN)
                         net (fo=0)                   0.000     0.000    clk
    W5                   IBUF (Prop_ibuf_I_O)         1.458     1.458 r  clk_IBUF_inst/O
                         net (fo=1, routed)           1.967     3.425    clk_IBUF
    BUFGCTRL_X0Y0        BUFG (Prop_bufg_I_O)         0.096     3.521 r  clk_IBUF_BUFG_inst/O
                         net (fo=41, routed)          1.809     5.330    U_Uart/U_Rx/CLK
    SLICE_X2Y104         FDCE                                         r  U_Uart/U_Rx/tick_count_reg[2]/C
  -------------------------------------------------------------------    -------------------
    SLICE_X2Y104         FDCE (Prop_fdce_C_Q)         0.478     5.808 r  U_Uart/U_Rx/tick_count_reg[2]/Q
                         net (fo=10, routed)          0.571     6.380    U_Uart/U_Rx/tick_count[2]
    SLICE_X2Y104         LUT3 (Prop_lut3_I0_O)        0.291     6.671 r  U_Uart/U_Rx/data[7]_i_3/O
                         net (fo=5, routed)           0.316     6.987    U_Uart/U_Rx/data[7]_i_3_n_0
    SLICE_X1Y104         LUT6 (Prop_lut6_I2_O)        0.331     7.318 r  U_Uart/U_Rx/data[3]_i_2/O
                         net (fo=2, routed)           0.667     7.985    U_Uart/U_Rx/data[3]_i_2_n_0
    SLICE_X1Y104         LUT4 (Prop_lut4_I1_O)        0.124     8.109 r  U_Uart/U_Rx/data[1]_i_1/O
                         net (fo=1, routed)           0.379     8.488    U_Uart/U_Rx/data_next[1]
    SLICE_X0Y104         FDCE                                         r  U_Uart/U_Rx/data_reg[1]/CE
  -------------------------------------------------------------------    -------------------

                         (clock sys_clk_pin rise edge)
                                                     10.000    10.000 r  
    W5                                                0.000    10.000 r  clk (IN)
                         net (fo=0)                   0.000    10.000    clk
    W5                   IBUF (Prop_ibuf_I_O)         1.388    11.388 r  clk_IBUF_inst/O
                         net (fo=1, routed)           1.862    13.250    clk_IBUF
    BUFGCTRL_X0Y0        BUFG (Prop_bufg_I_O)         0.091    13.341 r  clk_IBUF_BUFG_inst/O
                         net (fo=41, routed)          1.683    15.024    U_Uart/U_Rx/CLK
    SLICE_X0Y104         FDCE                                         r  U_Uart/U_Rx/data_reg[1]/C
                         clock pessimism              0.281    15.305    
                         clock uncertainty           -0.035    15.270    
    SLICE_X0Y104         FDCE (Setup_fdce_C_CE)      -0.205    15.065    U_Uart/U_Rx/data_reg[1]
  -------------------------------------------------------------------
                         required time                         15.065    
                         arrival time                          -8.488    
  -------------------------------------------------------------------
                         slack                                  6.577    

Slack (MET) :             6.694ns  (required time - arrival time)
  Source:                 U_Uart/U_Rx/tick_count_reg[2]/C
                            (rising edge-triggered cell FDCE clocked by sys_clk_pin  {rise@0.000ns fall@5.000ns period=10.000ns})
  Destination:            U_Uart/U_Rx/data_reg[2]/CE
                            (rising edge-triggered cell FDCE clocked by sys_clk_pin  {rise@0.000ns fall@5.000ns period=10.000ns})
  Path Group:             sys_clk_pin
  Path Type:              Setup (Max at Slow Process Corner)
  Requirement:            10.000ns  (sys_clk_pin rise@10.000ns - sys_clk_pin rise@0.000ns)
  Data Path Delay:        3.041ns  (logic 1.224ns (40.253%)  route 1.817ns (59.747%))
  Logic Levels:           3  (LUT3=1 LUT4=1 LUT6=1)
  Clock Path Skew:        -0.025ns (DCD - SCD + CPR)
    Destination Clock Delay (DCD):    5.024ns = ( 15.024 - 10.000 ) 
    Source Clock Delay      (SCD):    5.330ns
    Clock Pessimism Removal (CPR):    0.281ns
  Clock Uncertainty:      0.035ns  ((TSJ^2 + TIJ^2)^1/2 + DJ) / 2 + PE
    Total System Jitter     (TSJ):    0.071ns
    Total Input Jitter      (TIJ):    0.000ns
    Discrete Jitter          (DJ):    0.000ns
    Phase Error              (PE):    0.000ns

    Location             Delay type                Incr(ns)  Path(ns)    Netlist Resource(s)
  -------------------------------------------------------------------    -------------------
                         (clock sys_clk_pin rise edge)
                                                      0.000     0.000 r  
    W5                                                0.000     0.000 r  clk (IN)
                         net (fo=0)                   0.000     0.000    clk
    W5                   IBUF (Prop_ibuf_I_O)         1.458     1.458 r  clk_IBUF_inst/O
                         net (fo=1, routed)           1.967     3.425    clk_IBUF
    BUFGCTRL_X0Y0        BUFG (Prop_bufg_I_O)         0.096     3.521 r  clk_IBUF_BUFG_inst/O
                         net (fo=41, routed)          1.809     5.330    U_Uart/U_Rx/CLK
    SLICE_X2Y104         FDCE                                         r  U_Uart/U_Rx/tick_count_reg[2]/C
  -------------------------------------------------------------------    -------------------
    SLICE_X2Y104         FDCE (Prop_fdce_C_Q)         0.478     5.808 r  U_Uart/U_Rx/tick_count_reg[2]/Q
                         net (fo=10, routed)          0.571     6.380    U_Uart/U_Rx/tick_count[2]
    SLICE_X2Y104         LUT3 (Prop_lut3_I0_O)        0.291     6.671 r  U_Uart/U_Rx/data[7]_i_3/O
                         net (fo=5, routed)           0.311     6.982    U_Uart/U_Rx/data[7]_i_3_n_0
    SLICE_X1Y104         LUT6 (Prop_lut6_I2_O)        0.331     7.313 r  U_Uart/U_Rx/data[2]_i_2/O
                         net (fo=2, routed)           0.469     7.782    U_Uart/U_Rx/data[2]_i_2_n_0
    SLICE_X1Y104         LUT4 (Prop_lut4_I1_O)        0.124     7.906 r  U_Uart/U_Rx/data[2]_i_1/O
                         net (fo=1, routed)           0.465     8.371    U_Uart/U_Rx/data_next[2]
    SLICE_X3Y105         FDCE                                         r  U_Uart/U_Rx/data_reg[2]/CE
  -------------------------------------------------------------------    -------------------

                         (clock sys_clk_pin rise edge)
                                                     10.000    10.000 r  
    W5                                                0.000    10.000 r  clk (IN)
                         net (fo=0)                   0.000    10.000    clk
    W5                   IBUF (Prop_ibuf_I_O)         1.388    11.388 r  clk_IBUF_inst/O
                         net (fo=1, routed)           1.862    13.250    clk_IBUF
    BUFGCTRL_X0Y0        BUFG (Prop_bufg_I_O)         0.091    13.341 r  clk_IBUF_BUFG_inst/O
                         net (fo=41, routed)          1.683    15.024    U_Uart/U_Rx/CLK
    SLICE_X3Y105         FDCE                                         r  U_Uart/U_Rx/data_reg[2]/C
                         clock pessimism              0.281    15.305    
                         clock uncertainty           -0.035    15.270    
    SLICE_X3Y105         FDCE (Setup_fdce_C_CE)      -0.205    15.065    U_Uart/U_Rx/data_reg[2]
  -------------------------------------------------------------------
                         required time                         15.065    
                         arrival time                          -8.371    
  -------------------------------------------------------------------
                         slack                                  6.694    

Slack (MET) :             6.760ns  (required time - arrival time)
  Source:                 U_Uart/U_btn_Debounce/tick_reg_reg/C
                            (rising edge-triggered cell FDCE clocked by sys_clk_pin  {rise@0.000ns fall@5.000ns period=10.000ns})
  Destination:            U_Uart/U_Rx/tick_count_reg[0]/CE
                            (rising edge-triggered cell FDCE clocked by sys_clk_pin  {rise@0.000ns fall@5.000ns period=10.000ns})
  Path Group:             sys_clk_pin
  Path Type:              Setup (Max at Slow Process Corner)
  Requirement:            10.000ns  (sys_clk_pin rise@10.000ns - sys_clk_pin rise@0.000ns)
  Data Path Delay:        2.771ns  (logic 0.606ns (21.870%)  route 2.165ns (78.130%))
  Logic Levels:           1  (LUT3=1)
  Clock Path Skew:        -0.025ns (DCD - SCD + CPR)
    Destination Clock Delay (DCD):    5.024ns = ( 15.024 - 10.000 ) 
    Source Clock Delay      (SCD):    5.330ns
    Clock Pessimism Removal (CPR):    0.281ns
  Clock Uncertainty:      0.035ns  ((TSJ^2 + TIJ^2)^1/2 + DJ) / 2 + PE
    Total System Jitter     (TSJ):    0.071ns
    Total Input Jitter      (TIJ):    0.000ns
    Discrete Jitter          (DJ):    0.000ns
    Phase Error              (PE):    0.000ns

    Location             Delay type                Incr(ns)  Path(ns)    Netlist Resource(s)
  -------------------------------------------------------------------    -------------------
                         (clock sys_clk_pin rise edge)
                                                      0.000     0.000 r  
    W5                                                0.000     0.000 r  clk (IN)
                         net (fo=0)                   0.000     0.000    clk
    W5                   IBUF (Prop_ibuf_I_O)         1.458     1.458 r  clk_IBUF_inst/O
                         net (fo=1, routed)           1.967     3.425    clk_IBUF
    BUFGCTRL_X0Y0        BUFG (Prop_bufg_I_O)         0.096     3.521 r  clk_IBUF_BUFG_inst/O
                         net (fo=41, routed)          1.809     5.330    U_Uart/U_btn_Debounce/CLK
    SLICE_X3Y103         FDCE                                         r  U_Uart/U_btn_Debounce/tick_reg_reg/C
  -------------------------------------------------------------------    -------------------
    SLICE_X3Y103         FDCE (Prop_fdce_C_Q)         0.456     5.786 r  U_Uart/U_btn_Debounce/tick_reg_reg/Q
                         net (fo=15, routed)          1.500     7.287    U_Uart/U_Rx/tick
    SLICE_X2Y106         LUT3 (Prop_lut3_I1_O)        0.150     7.437 r  U_Uart/U_Rx/tick_count[4]_i_1/O
                         net (fo=5, routed)           0.665     8.101    U_Uart/U_Rx/tick_count_next
    SLICE_X3Y104         FDCE                                         r  U_Uart/U_Rx/tick_count_reg[0]/CE
  -------------------------------------------------------------------    -------------------

                         (clock sys_clk_pin rise edge)
                                                     10.000    10.000 r  
    W5                                                0.000    10.000 r  clk (IN)
                         net (fo=0)                   0.000    10.000    clk
    W5                   IBUF (Prop_ibuf_I_O)         1.388    11.388 r  clk_IBUF_inst/O
                         net (fo=1, routed)           1.862    13.250    clk_IBUF
    BUFGCTRL_X0Y0        BUFG (Prop_bufg_I_O)         0.091    13.341 r  clk_IBUF_BUFG_inst/O
                         net (fo=41, routed)          1.683    15.024    U_Uart/U_Rx/CLK
    SLICE_X3Y104         FDCE                                         r  U_Uart/U_Rx/tick_count_reg[0]/C
                         clock pessimism              0.281    15.305    
                         clock uncertainty           -0.035    15.270    
    SLICE_X3Y104         FDCE (Setup_fdce_C_CE)      -0.409    14.861    U_Uart/U_Rx/tick_count_reg[0]
  -------------------------------------------------------------------
                         required time                         14.861    
                         arrival time                          -8.101    
  -------------------------------------------------------------------
                         slack                                  6.760    

Slack (MET) :             6.760ns  (required time - arrival time)
  Source:                 U_Uart/U_btn_Debounce/tick_reg_reg/C
                            (rising edge-triggered cell FDCE clocked by sys_clk_pin  {rise@0.000ns fall@5.000ns period=10.000ns})
  Destination:            U_Uart/U_Rx/tick_count_reg[4]/CE
                            (rising edge-triggered cell FDCE clocked by sys_clk_pin  {rise@0.000ns fall@5.000ns period=10.000ns})
  Path Group:             sys_clk_pin
  Path Type:              Setup (Max at Slow Process Corner)
  Requirement:            10.000ns  (sys_clk_pin rise@10.000ns - sys_clk_pin rise@0.000ns)
  Data Path Delay:        2.771ns  (logic 0.606ns (21.870%)  route 2.165ns (78.130%))
  Logic Levels:           1  (LUT3=1)
  Clock Path Skew:        -0.025ns (DCD - SCD + CPR)
    Destination Clock Delay (DCD):    5.024ns = ( 15.024 - 10.000 ) 
    Source Clock Delay      (SCD):    5.330ns
    Clock Pessimism Removal (CPR):    0.281ns
  Clock Uncertainty:      0.035ns  ((TSJ^2 + TIJ^2)^1/2 + DJ) / 2 + PE
    Total System Jitter     (TSJ):    0.071ns
    Total Input Jitter      (TIJ):    0.000ns
    Discrete Jitter          (DJ):    0.000ns
    Phase Error              (PE):    0.000ns

    Location             Delay type                Incr(ns)  Path(ns)    Netlist Resource(s)
  -------------------------------------------------------------------    -------------------
                         (clock sys_clk_pin rise edge)
                                                      0.000     0.000 r  
    W5                                                0.000     0.000 r  clk (IN)
                         net (fo=0)                   0.000     0.000    clk
    W5                   IBUF (Prop_ibuf_I_O)         1.458     1.458 r  clk_IBUF_inst/O
                         net (fo=1, routed)           1.967     3.425    clk_IBUF
    BUFGCTRL_X0Y0        BUFG (Prop_bufg_I_O)         0.096     3.521 r  clk_IBUF_BUFG_inst/O
                         net (fo=41, routed)          1.809     5.330    U_Uart/U_btn_Debounce/CLK
    SLICE_X3Y103         FDCE                                         r  U_Uart/U_btn_Debounce/tick_reg_reg/C
  -------------------------------------------------------------------    -------------------
    SLICE_X3Y103         FDCE (Prop_fdce_C_Q)         0.456     5.786 r  U_Uart/U_btn_Debounce/tick_reg_reg/Q
                         net (fo=15, routed)          1.500     7.287    U_Uart/U_Rx/tick
    SLICE_X2Y106         LUT3 (Prop_lut3_I1_O)        0.150     7.437 r  U_Uart/U_Rx/tick_count[4]_i_1/O
                         net (fo=5, routed)           0.665     8.101    U_Uart/U_Rx/tick_count_next
    SLICE_X3Y104         FDCE                                         r  U_Uart/U_Rx/tick_count_reg[4]/CE
  -------------------------------------------------------------------    -------------------

                         (clock sys_clk_pin rise edge)
                                                     10.000    10.000 r  
    W5                                                0.000    10.000 r  clk (IN)
                         net (fo=0)                   0.000    10.000    clk
    W5                   IBUF (Prop_ibuf_I_O)         1.388    11.388 r  clk_IBUF_inst/O
                         net (fo=1, routed)           1.862    13.250    clk_IBUF
    BUFGCTRL_X0Y0        BUFG (Prop_bufg_I_O)         0.091    13.341 r  clk_IBUF_BUFG_inst/O
                         net (fo=41, routed)          1.683    15.024    U_Uart/U_Rx/CLK
    SLICE_X3Y104         FDCE                                         r  U_Uart/U_Rx/tick_count_reg[4]/C
                         clock pessimism              0.281    15.305    
                         clock uncertainty           -0.035    15.270    
    SLICE_X3Y104         FDCE (Setup_fdce_C_CE)      -0.409    14.861    U_Uart/U_Rx/tick_count_reg[4]
  -------------------------------------------------------------------
                         required time                         14.861    
                         arrival time                          -8.101    
  -------------------------------------------------------------------
                         slack                                  6.760    





Min Delay Paths
--------------------------------------------------------------------------------------
Slack (MET) :             0.222ns  (arrival time - required time)
  Source:                 U_Uart/U_btn_Debounce/count_reg_reg[0]/C
                            (rising edge-triggered cell FDCE clocked by sys_clk_pin  {rise@0.000ns fall@5.000ns period=10.000ns})
  Destination:            U_Uart/U_btn_Debounce/count_reg_reg[2]/D
                            (rising edge-triggered cell FDCE clocked by sys_clk_pin  {rise@0.000ns fall@5.000ns period=10.000ns})
  Path Group:             sys_clk_pin
  Path Type:              Hold (Min at Fast Process Corner)
  Requirement:            0.000ns  (sys_clk_pin rise@0.000ns - sys_clk_pin rise@0.000ns)
  Data Path Delay:        0.342ns  (logic 0.189ns (55.199%)  route 0.153ns (44.801%))
  Logic Levels:           1  (LUT5=1)
  Clock Path Skew:        0.013ns (DCD - SCD - CPR)
    Destination Clock Delay (DCD):    2.076ns
    Source Clock Delay      (SCD):    1.558ns
    Clock Pessimism Removal (CPR):    0.505ns

    Location             Delay type                Incr(ns)  Path(ns)    Netlist Resource(s)
  -------------------------------------------------------------------    -------------------
                         (clock sys_clk_pin rise edge)
                                                      0.000     0.000 r  
    W5                                                0.000     0.000 r  clk (IN)
                         net (fo=0)                   0.000     0.000    clk
    W5                   IBUF (Prop_ibuf_I_O)         0.226     0.226 r  clk_IBUF_inst/O
                         net (fo=1, routed)           0.631     0.858    clk_IBUF
    BUFGCTRL_X0Y0        BUFG (Prop_bufg_I_O)         0.026     0.884 r  clk_IBUF_BUFG_inst/O
                         net (fo=41, routed)          0.674     1.558    U_Uart/U_btn_Debounce/CLK
    SLICE_X4Y103         FDCE                                         r  U_Uart/U_btn_Debounce/count_reg_reg[0]/C
  -------------------------------------------------------------------    -------------------
    SLICE_X4Y103         FDCE (Prop_fdce_C_Q)         0.141     1.699 r  U_Uart/U_btn_Debounce/count_reg_reg[0]/Q
                         net (fo=10, routed)          0.153     1.852    U_Uart/U_btn_Debounce/count_reg[0]
    SLICE_X5Y103         LUT5 (Prop_lut5_I3_O)        0.048     1.900 r  U_Uart/U_btn_Debounce/count_reg[2]_i_1/O
                         net (fo=1, routed)           0.000     1.900    U_Uart/U_btn_Debounce/count_next[2]
    SLICE_X5Y103         FDCE                                         r  U_Uart/U_btn_Debounce/count_reg_reg[2]/D
  -------------------------------------------------------------------    -------------------

                         (clock sys_clk_pin rise edge)
                                                      0.000     0.000 r  
    W5                                                0.000     0.000 r  clk (IN)
                         net (fo=0)                   0.000     0.000    clk
    W5                   IBUF (Prop_ibuf_I_O)         0.414     0.414 r  clk_IBUF_inst/O
                         net (fo=1, routed)           0.685     1.099    clk_IBUF
    BUFGCTRL_X0Y0        BUFG (Prop_bufg_I_O)         0.029     1.128 r  clk_IBUF_BUFG_inst/O
                         net (fo=41, routed)          0.948     2.076    U_Uart/U_btn_Debounce/CLK
    SLICE_X5Y103         FDCE                                         r  U_Uart/U_btn_Debounce/count_reg_reg[2]/C
                         clock pessimism             -0.505     1.571    
    SLICE_X5Y103         FDCE (Hold_fdce_C_D)         0.107     1.678    U_Uart/U_btn_Debounce/count_reg_reg[2]
  -------------------------------------------------------------------
                         required time                         -1.678    
                         arrival time                           1.900    
  -------------------------------------------------------------------
                         slack                                  0.222    

Slack (MET) :             0.223ns  (arrival time - required time)
  Source:                 U_Uart/U_Rx/tick_count_reg[0]/C
                            (rising edge-triggered cell FDCE clocked by sys_clk_pin  {rise@0.000ns fall@5.000ns period=10.000ns})
  Destination:            U_Uart/U_Rx/tick_count_reg[3]/D
                            (rising edge-triggered cell FDCE clocked by sys_clk_pin  {rise@0.000ns fall@5.000ns period=10.000ns})
  Path Group:             sys_clk_pin
  Path Type:              Hold (Min at Fast Process Corner)
  Requirement:            0.000ns  (sys_clk_pin rise@0.000ns - sys_clk_pin rise@0.000ns)
  Data Path Delay:        0.370ns  (logic 0.248ns (67.108%)  route 0.122ns (32.892%))
  Logic Levels:           2  (LUT6=1 MUXF7=1)
  Clock Path Skew:        0.013ns (DCD - SCD - CPR)
    Destination Clock Delay (DCD):    2.078ns
    Source Clock Delay      (SCD):    1.559ns
    Clock Pessimism Removal (CPR):    0.506ns

    Location             Delay type                Incr(ns)  Path(ns)    Netlist Resource(s)
  -------------------------------------------------------------------    -------------------
                         (clock sys_clk_pin rise edge)
                                                      0.000     0.000 r  
    W5                                                0.000     0.000 r  clk (IN)
                         net (fo=0)                   0.000     0.000    clk
    W5                   IBUF (Prop_ibuf_I_O)         0.226     0.226 r  clk_IBUF_inst/O
                         net (fo=1, routed)           0.631     0.858    clk_IBUF
    BUFGCTRL_X0Y0        BUFG (Prop_bufg_I_O)         0.026     0.884 r  clk_IBUF_BUFG_inst/O
                         net (fo=41, routed)          0.675     1.559    U_Uart/U_Rx/CLK
    SLICE_X3Y104         FDCE                                         r  U_Uart/U_Rx/tick_count_reg[0]/C
  -------------------------------------------------------------------    -------------------
    SLICE_X3Y104         FDCE (Prop_fdce_C_Q)         0.141     1.700 r  U_Uart/U_Rx/tick_count_reg[0]/Q
                         net (fo=11, routed)          0.122     1.821    U_Uart/U_Rx/tick_count[0]
    SLICE_X2Y104         LUT6 (Prop_lut6_I2_O)        0.045     1.866 r  U_Uart/U_Rx/tick_count[3]_i_2/O
                         net (fo=1, routed)           0.000     1.866    U_Uart/U_Rx/tick_count[3]_i_2_n_0
    SLICE_X2Y104         MUXF7 (Prop_muxf7_I0_O)      0.062     1.928 r  U_Uart/U_Rx/tick_count_reg[3]_i_1/O
                         net (fo=1, routed)           0.000     1.928    U_Uart/U_Rx/tick_count_reg[3]_i_1_n_0
    SLICE_X2Y104         FDCE                                         r  U_Uart/U_Rx/tick_count_reg[3]/D
  -------------------------------------------------------------------    -------------------

                         (clock sys_clk_pin rise edge)
                                                      0.000     0.000 r  
    W5                                                0.000     0.000 r  clk (IN)
                         net (fo=0)                   0.000     0.000    clk
    W5                   IBUF (Prop_ibuf_I_O)         0.414     0.414 r  clk_IBUF_inst/O
                         net (fo=1, routed)           0.685     1.099    clk_IBUF
    BUFGCTRL_X0Y0        BUFG (Prop_bufg_I_O)         0.029     1.128 r  clk_IBUF_BUFG_inst/O
                         net (fo=41, routed)          0.950     2.078    U_Uart/U_Rx/CLK
    SLICE_X2Y104         FDCE                                         r  U_Uart/U_Rx/tick_count_reg[3]/C
                         clock pessimism             -0.506     1.572    
    SLICE_X2Y104         FDCE (Hold_fdce_C_D)         0.134     1.706    U_Uart/U_Rx/tick_count_reg[3]
  -------------------------------------------------------------------
                         required time                         -1.706    
                         arrival time                           1.928    
  -------------------------------------------------------------------
                         slack                                  0.223    

Slack (MET) :             0.233ns  (arrival time - required time)
  Source:                 U_Uart/U_Tx/FSM_sequential_state_reg[1]/C
                            (rising edge-triggered cell FDCE clocked by sys_clk_pin  {rise@0.000ns fall@5.000ns period=10.000ns})
  Destination:            U_Uart/U_Tx/tx_reg/D
                            (rising edge-triggered cell FDPE clocked by sys_clk_pin  {rise@0.000ns fall@5.000ns period=10.000ns})
  Path Group:             sys_clk_pin
  Path Type:              Hold (Min at Fast Process Corner)
  Requirement:            0.000ns  (sys_clk_pin rise@0.000ns - sys_clk_pin rise@0.000ns)
  Data Path Delay:        0.340ns  (logic 0.186ns (54.774%)  route 0.154ns (45.226%))
  Logic Levels:           1  (LUT6=1)
  Clock Path Skew:        0.016ns (DCD - SCD - CPR)
    Destination Clock Delay (DCD):    2.078ns
    Source Clock Delay      (SCD):    1.559ns
    Clock Pessimism Removal (CPR):    0.503ns

    Location             Delay type                Incr(ns)  Path(ns)    Netlist Resource(s)
  -------------------------------------------------------------------    -------------------
                         (clock sys_clk_pin rise edge)
                                                      0.000     0.000 r  
    W5                                                0.000     0.000 r  clk (IN)
                         net (fo=0)                   0.000     0.000    clk
    W5                   IBUF (Prop_ibuf_I_O)         0.226     0.226 r  clk_IBUF_inst/O
                         net (fo=1, routed)           0.631     0.858    clk_IBUF
    BUFGCTRL_X0Y0        BUFG (Prop_bufg_I_O)         0.026     0.884 r  clk_IBUF_BUFG_inst/O
                         net (fo=41, routed)          0.675     1.559    U_Uart/U_Tx/CLK
    SLICE_X0Y105         FDCE                                         r  U_Uart/U_Tx/FSM_sequential_state_reg[1]/C
  -------------------------------------------------------------------    -------------------
    SLICE_X0Y105         FDCE (Prop_fdce_C_Q)         0.141     1.700 r  U_Uart/U_Tx/FSM_sequential_state_reg[1]/Q
                         net (fo=10, routed)          0.154     1.853    U_Uart/U_Tx/state[1]
    SLICE_X1Y106         LUT6 (Prop_lut6_I5_O)        0.045     1.898 r  U_Uart/U_Tx/tx_i_2/O
                         net (fo=1, routed)           0.000     1.898    U_Uart/U_Tx/tx_i_2_n_0
    SLICE_X1Y106         FDPE                                         r  U_Uart/U_Tx/tx_reg/D
  -------------------------------------------------------------------    -------------------

                         (clock sys_clk_pin rise edge)
                                                      0.000     0.000 r  
    W5                                                0.000     0.000 r  clk (IN)
                         net (fo=0)                   0.000     0.000    clk
    W5                   IBUF (Prop_ibuf_I_O)         0.414     0.414 r  clk_IBUF_inst/O
                         net (fo=1, routed)           0.685     1.099    clk_IBUF
    BUFGCTRL_X0Y0        BUFG (Prop_bufg_I_O)         0.029     1.128 r  clk_IBUF_BUFG_inst/O
                         net (fo=41, routed)          0.950     2.078    U_Uart/U_Tx/CLK
    SLICE_X1Y106         FDPE                                         r  U_Uart/U_Tx/tx_reg/C
                         clock pessimism             -0.503     1.575    
    SLICE_X1Y106         FDPE (Hold_fdpe_C_D)         0.091     1.666    U_Uart/U_Tx/tx_reg
  -------------------------------------------------------------------
                         required time                         -1.666    
                         arrival time                           1.898    
  -------------------------------------------------------------------
                         slack                                  0.233    

Slack (MET) :             0.235ns  (arrival time - required time)
  Source:                 U_Uart/U_Rx/tick_count_reg[0]/C
                            (rising edge-triggered cell FDCE clocked by sys_clk_pin  {rise@0.000ns fall@5.000ns period=10.000ns})
  Destination:            U_Uart/U_Rx/tick_count_reg[2]/D
                            (rising edge-triggered cell FDCE clocked by sys_clk_pin  {rise@0.000ns fall@5.000ns period=10.000ns})
  Path Group:             sys_clk_pin
  Path Type:              Hold (Min at Fast Process Corner)
  Requirement:            0.000ns  (sys_clk_pin rise@0.000ns - sys_clk_pin rise@0.000ns)
  Data Path Delay:        0.379ns  (logic 0.189ns (49.927%)  route 0.190ns (50.073%))
  Logic Levels:           1  (LUT3=1)
  Clock Path Skew:        0.013ns (DCD - SCD - CPR)
    Destination Clock Delay (DCD):    2.078ns
    Source Clock Delay      (SCD):    1.559ns
    Clock Pessimism Removal (CPR):    0.506ns

    Location             Delay type                Incr(ns)  Path(ns)    Netlist Resource(s)
  -------------------------------------------------------------------    -------------------
                         (clock sys_clk_pin rise edge)
                                                      0.000     0.000 r  
    W5                                                0.000     0.000 r  clk (IN)
                         net (fo=0)                   0.000     0.000    clk
    W5                   IBUF (Prop_ibuf_I_O)         0.226     0.226 r  clk_IBUF_inst/O
                         net (fo=1, routed)           0.631     0.858    clk_IBUF
    BUFGCTRL_X0Y0        BUFG (Prop_bufg_I_O)         0.026     0.884 r  clk_IBUF_BUFG_inst/O
                         net (fo=41, routed)          0.675     1.559    U_Uart/U_Rx/CLK
    SLICE_X3Y104         FDCE                                         r  U_Uart/U_Rx/tick_count_reg[0]/C
  -------------------------------------------------------------------    -------------------
    SLICE_X3Y104         FDCE (Prop_fdce_C_Q)         0.141     1.700 r  U_Uart/U_Rx/tick_count_reg[0]/Q
                         net (fo=11, routed)          0.190     1.889    U_Uart/U_Rx/tick_count[0]
    SLICE_X2Y104         LUT3 (Prop_lut3_I1_O)        0.048     1.937 r  U_Uart/U_Rx/tick_count[2]_i_1/O
                         net (fo=1, routed)           0.000     1.937    U_Uart/U_Rx/tick_count[2]_i_1_n_0
    SLICE_X2Y104         FDCE                                         r  U_Uart/U_Rx/tick_count_reg[2]/D
  -------------------------------------------------------------------    -------------------

                         (clock sys_clk_pin rise edge)
                                                      0.000     0.000 r  
    W5                                                0.000     0.000 r  clk (IN)
                         net (fo=0)                   0.000     0.000    clk
    W5                   IBUF (Prop_ibuf_I_O)         0.414     0.414 r  clk_IBUF_inst/O
                         net (fo=1, routed)           0.685     1.099    clk_IBUF
    BUFGCTRL_X0Y0        BUFG (Prop_bufg_I_O)         0.029     1.128 r  clk_IBUF_BUFG_inst/O
                         net (fo=41, routed)          0.950     2.078    U_Uart/U_Rx/CLK
    SLICE_X2Y104         FDCE                                         r  U_Uart/U_Rx/tick_count_reg[2]/C
                         clock pessimism             -0.506     1.572    
    SLICE_X2Y104         FDCE (Hold_fdce_C_D)         0.131     1.703    U_Uart/U_Rx/tick_count_reg[2]
  -------------------------------------------------------------------
                         required time                         -1.703    
                         arrival time                           1.937    
  -------------------------------------------------------------------
                         slack                                  0.235    

Slack (MET) :             0.235ns  (arrival time - required time)
  Source:                 U_Uart/U_btn_Debounce/count_reg_reg[0]/C
                            (rising edge-triggered cell FDCE clocked by sys_clk_pin  {rise@0.000ns fall@5.000ns period=10.000ns})
  Destination:            U_Uart/U_btn_Debounce/count_reg_reg[3]/D
                            (rising edge-triggered cell FDCE clocked by sys_clk_pin  {rise@0.000ns fall@5.000ns period=10.000ns})
  Path Group:             sys_clk_pin
  Path Type:              Hold (Min at Fast Process Corner)
  Requirement:            0.000ns  (sys_clk_pin rise@0.000ns - sys_clk_pin rise@0.000ns)
  Data Path Delay:        0.340ns  (logic 0.186ns (54.642%)  route 0.154ns (45.358%))
  Logic Levels:           1  (LUT6=1)
  Clock Path Skew:        0.013ns (DCD - SCD - CPR)
    Destination Clock Delay (DCD):    2.076ns
    Source Clock Delay      (SCD):    1.558ns
    Clock Pessimism Removal (CPR):    0.505ns

    Location             Delay type                Incr(ns)  Path(ns)    Netlist Resource(s)
  -------------------------------------------------------------------    -------------------
                         (clock sys_clk_pin rise edge)
                                                      0.000     0.000 r  
    W5                                                0.000     0.000 r  clk (IN)
                         net (fo=0)                   0.000     0.000    clk
    W5                   IBUF (Prop_ibuf_I_O)         0.226     0.226 r  clk_IBUF_inst/O
                         net (fo=1, routed)           0.631     0.858    clk_IBUF
    BUFGCTRL_X0Y0        BUFG (Prop_bufg_I_O)         0.026     0.884 r  clk_IBUF_BUFG_inst/O
                         net (fo=41, routed)          0.674     1.558    U_Uart/U_btn_Debounce/CLK
    SLICE_X4Y103         FDCE                                         r  U_Uart/U_btn_Debounce/count_reg_reg[0]/C
  -------------------------------------------------------------------    -------------------
    SLICE_X4Y103         FDCE (Prop_fdce_C_Q)         0.141     1.699 r  U_Uart/U_btn_Debounce/count_reg_reg[0]/Q
                         net (fo=10, routed)          0.154     1.853    U_Uart/U_btn_Debounce/count_reg[0]
    SLICE_X5Y103         LUT6 (Prop_lut6_I4_O)        0.045     1.898 r  U_Uart/U_btn_Debounce/count_reg[3]_i_1/O
                         net (fo=1, routed)           0.000     1.898    U_Uart/U_btn_Debounce/count_next[3]
    SLICE_X5Y103         FDCE                                         r  U_Uart/U_btn_Debounce/count_reg_reg[3]/D
  -------------------------------------------------------------------    -------------------

                         (clock sys_clk_pin rise edge)
                                                      0.000     0.000 r  
    W5                                                0.000     0.000 r  clk (IN)
                         net (fo=0)                   0.000     0.000    clk
    W5                   IBUF (Prop_ibuf_I_O)         0.414     0.414 r  clk_IBUF_inst/O
                         net (fo=1, routed)           0.685     1.099    clk_IBUF
    BUFGCTRL_X0Y0        BUFG (Prop_bufg_I_O)         0.029     1.128 r  clk_IBUF_BUFG_inst/O
                         net (fo=41, routed)          0.948     2.076    U_Uart/U_btn_Debounce/CLK
    SLICE_X5Y103         FDCE                                         r  U_Uart/U_btn_Debounce/count_reg_reg[3]/C
                         clock pessimism             -0.505     1.571    
    SLICE_X5Y103         FDCE (Hold_fdce_C_D)         0.092     1.663    U_Uart/U_btn_Debounce/count_reg_reg[3]
  -------------------------------------------------------------------
                         required time                         -1.663    
                         arrival time                           1.898    
  -------------------------------------------------------------------
                         slack                                  0.235    

Slack (MET) :             0.235ns  (arrival time - required time)
  Source:                 U_Uart/U_btn_Debounce/count_reg_reg[0]/C
                            (rising edge-triggered cell FDCE clocked by sys_clk_pin  {rise@0.000ns fall@5.000ns period=10.000ns})
  Destination:            U_Uart/U_btn_Debounce/count_reg_reg[1]/D
                            (rising edge-triggered cell FDCE clocked by sys_clk_pin  {rise@0.000ns fall@5.000ns period=10.000ns})
  Path Group:             sys_clk_pin
  Path Type:              Hold (Min at Fast Process Corner)
  Requirement:            0.000ns  (sys_clk_pin rise@0.000ns - sys_clk_pin rise@0.000ns)
  Data Path Delay:        0.339ns  (logic 0.186ns (54.803%)  route 0.153ns (45.197%))
  Logic Levels:           1  (LUT4=1)
  Clock Path Skew:        0.013ns (DCD - SCD - CPR)
    Destination Clock Delay (DCD):    2.076ns
    Source Clock Delay      (SCD):    1.558ns
    Clock Pessimism Removal (CPR):    0.505ns

    Location             Delay type                Incr(ns)  Path(ns)    Netlist Resource(s)
  -------------------------------------------------------------------    -------------------
                         (clock sys_clk_pin rise edge)
                                                      0.000     0.000 r  
    W5                                                0.000     0.000 r  clk (IN)
                         net (fo=0)                   0.000     0.000    clk
    W5                   IBUF (Prop_ibuf_I_O)         0.226     0.226 r  clk_IBUF_inst/O
                         net (fo=1, routed)           0.631     0.858    clk_IBUF
    BUFGCTRL_X0Y0        BUFG (Prop_bufg_I_O)         0.026     0.884 r  clk_IBUF_BUFG_inst/O
                         net (fo=41, routed)          0.674     1.558    U_Uart/U_btn_Debounce/CLK
    SLICE_X4Y103         FDCE                                         r  U_Uart/U_btn_Debounce/count_reg_reg[0]/C
  -------------------------------------------------------------------    -------------------
    SLICE_X4Y103         FDCE (Prop_fdce_C_Q)         0.141     1.699 r  U_Uart/U_btn_Debounce/count_reg_reg[0]/Q
                         net (fo=10, routed)          0.153     1.852    U_Uart/U_btn_Debounce/count_reg[0]
    SLICE_X5Y103         LUT4 (Prop_lut4_I3_O)        0.045     1.897 r  U_Uart/U_btn_Debounce/count_reg[1]_i_1/O
                         net (fo=1, routed)           0.000     1.897    U_Uart/U_btn_Debounce/count_next[1]
    SLICE_X5Y103         FDCE                                         r  U_Uart/U_btn_Debounce/count_reg_reg[1]/D
  -------------------------------------------------------------------    -------------------

                         (clock sys_clk_pin rise edge)
                                                      0.000     0.000 r  
    W5                                                0.000     0.000 r  clk (IN)
                         net (fo=0)                   0.000     0.000    clk
    W5                   IBUF (Prop_ibuf_I_O)         0.414     0.414 r  clk_IBUF_inst/O
                         net (fo=1, routed)           0.685     1.099    clk_IBUF
    BUFGCTRL_X0Y0        BUFG (Prop_bufg_I_O)         0.029     1.128 r  clk_IBUF_BUFG_inst/O
                         net (fo=41, routed)          0.948     2.076    U_Uart/U_btn_Debounce/CLK
    SLICE_X5Y103         FDCE                                         r  U_Uart/U_btn_Debounce/count_reg_reg[1]/C
                         clock pessimism             -0.505     1.571    
    SLICE_X5Y103         FDCE (Hold_fdce_C_D)         0.091     1.662    U_Uart/U_btn_Debounce/count_reg_reg[1]
  -------------------------------------------------------------------
                         required time                         -1.662    
                         arrival time                           1.897    
  -------------------------------------------------------------------
                         slack                                  0.235    

Slack (MET) :             0.237ns  (arrival time - required time)
  Source:                 U_Uart/U_Tx/FSM_sequential_state_reg[0]/C
                            (rising edge-triggered cell FDCE clocked by sys_clk_pin  {rise@0.000ns fall@5.000ns period=10.000ns})
  Destination:            U_Uart/U_Tx/FSM_sequential_state_reg[0]/D
                            (rising edge-triggered cell FDCE clocked by sys_clk_pin  {rise@0.000ns fall@5.000ns period=10.000ns})
  Path Group:             sys_clk_pin
  Path Type:              Hold (Min at Fast Process Corner)
  Requirement:            0.000ns  (sys_clk_pin rise@0.000ns - sys_clk_pin rise@0.000ns)
  Data Path Delay:        0.329ns  (logic 0.186ns (56.500%)  route 0.143ns (43.500%))
  Logic Levels:           1  (LUT6=1)
  Clock Path Skew:        0.000ns (DCD - SCD - CPR)
    Destination Clock Delay (DCD):    2.078ns
    Source Clock Delay      (SCD):    1.559ns
    Clock Pessimism Removal (CPR):    0.519ns

    Location             Delay type                Incr(ns)  Path(ns)    Netlist Resource(s)
  -------------------------------------------------------------------    -------------------
                         (clock sys_clk_pin rise edge)
                                                      0.000     0.000 r  
    W5                                                0.000     0.000 r  clk (IN)
                         net (fo=0)                   0.000     0.000    clk
    W5                   IBUF (Prop_ibuf_I_O)         0.226     0.226 r  clk_IBUF_inst/O
                         net (fo=1, routed)           0.631     0.858    clk_IBUF
    BUFGCTRL_X0Y0        BUFG (Prop_bufg_I_O)         0.026     0.884 r  clk_IBUF_BUFG_inst/O
                         net (fo=41, routed)          0.675     1.559    U_Uart/U_Tx/CLK
    SLICE_X0Y105         FDCE                                         r  U_Uart/U_Tx/FSM_sequential_state_reg[0]/C
  -------------------------------------------------------------------    -------------------
    SLICE_X0Y105         FDCE (Prop_fdce_C_Q)         0.141     1.700 r  U_Uart/U_Tx/FSM_sequential_state_reg[0]/Q
                         net (fo=14, routed)          0.143     1.843    U_Uart/U_Tx/state[0]
    SLICE_X0Y105         LUT6 (Prop_lut6_I5_O)        0.045     1.888 r  U_Uart/U_Tx/FSM_sequential_state[0]_i_1__0/O
                         net (fo=1, routed)           0.000     1.888    U_Uart/U_Tx/FSM_sequential_state[0]_i_1__0_n_0
    SLICE_X0Y105         FDCE                                         r  U_Uart/U_Tx/FSM_sequential_state_reg[0]/D
  -------------------------------------------------------------------    -------------------

                         (clock sys_clk_pin rise edge)
                                                      0.000     0.000 r  
    W5                                                0.000     0.000 r  clk (IN)
                         net (fo=0)                   0.000     0.000    clk
    W5                   IBUF (Prop_ibuf_I_O)         0.414     0.414 r  clk_IBUF_inst/O
                         net (fo=1, routed)           0.685     1.099    clk_IBUF
    BUFGCTRL_X0Y0        BUFG (Prop_bufg_I_O)         0.029     1.128 r  clk_IBUF_BUFG_inst/O
                         net (fo=41, routed)          0.950     2.078    U_Uart/U_Tx/CLK
    SLICE_X0Y105         FDCE                                         r  U_Uart/U_Tx/FSM_sequential_state_reg[0]/C
                         clock pessimism             -0.519     1.559    
    SLICE_X0Y105         FDCE (Hold_fdce_C_D)         0.092     1.651    U_Uart/U_Tx/FSM_sequential_state_reg[0]
  -------------------------------------------------------------------
                         required time                         -1.651    
                         arrival time                           1.888    
  -------------------------------------------------------------------
                         slack                                  0.237    

Slack (MET) :             0.242ns  (arrival time - required time)
  Source:                 U_Uart/U_Rx/tick_count_reg[0]/C
                            (rising edge-triggered cell FDCE clocked by sys_clk_pin  {rise@0.000ns fall@5.000ns period=10.000ns})
  Destination:            U_Uart/U_Rx/tick_count_reg[1]/D
                            (rising edge-triggered cell FDCE clocked by sys_clk_pin  {rise@0.000ns fall@5.000ns period=10.000ns})
  Path Group:             sys_clk_pin
  Path Type:              Hold (Min at Fast Process Corner)
  Requirement:            0.000ns  (sys_clk_pin rise@0.000ns - sys_clk_pin rise@0.000ns)
  Data Path Delay:        0.376ns  (logic 0.186ns (49.527%)  route 0.190ns (50.473%))
  Logic Levels:           1  (LUT2=1)
  Clock Path Skew:        0.013ns (DCD - SCD - CPR)
    Destination Clock Delay (DCD):    2.078ns
    Source Clock Delay      (SCD):    1.559ns
    Clock Pessimism Removal (CPR):    0.506ns

    Location             Delay type                Incr(ns)  Path(ns)    Netlist Resource(s)
  -------------------------------------------------------------------    -------------------
                         (clock sys_clk_pin rise edge)
                                                      0.000     0.000 r  
    W5                                                0.000     0.000 r  clk (IN)
                         net (fo=0)                   0.000     0.000    clk
    W5                   IBUF (Prop_ibuf_I_O)         0.226     0.226 r  clk_IBUF_inst/O
                         net (fo=1, routed)           0.631     0.858    clk_IBUF
    BUFGCTRL_X0Y0        BUFG (Prop_bufg_I_O)         0.026     0.884 r  clk_IBUF_BUFG_inst/O
                         net (fo=41, routed)          0.675     1.559    U_Uart/U_Rx/CLK
    SLICE_X3Y104         FDCE                                         r  U_Uart/U_Rx/tick_count_reg[0]/C
  -------------------------------------------------------------------    -------------------
    SLICE_X3Y104         FDCE (Prop_fdce_C_Q)         0.141     1.700 r  U_Uart/U_Rx/tick_count_reg[0]/Q
                         net (fo=11, routed)          0.190     1.889    U_Uart/U_Rx/tick_count[0]
    SLICE_X2Y104         LUT2 (Prop_lut2_I0_O)        0.045     1.934 r  U_Uart/U_Rx/tick_count[1]_i_1__0/O
                         net (fo=1, routed)           0.000     1.934    U_Uart/U_Rx/tick_count[1]_i_1__0_n_0
    SLICE_X2Y104         FDCE                                         r  U_Uart/U_Rx/tick_count_reg[1]/D
  -------------------------------------------------------------------    -------------------

                         (clock sys_clk_pin rise edge)
                                                      0.000     0.000 r  
    W5                                                0.000     0.000 r  clk (IN)
                         net (fo=0)                   0.000     0.000    clk
    W5                   IBUF (Prop_ibuf_I_O)         0.414     0.414 r  clk_IBUF_inst/O
                         net (fo=1, routed)           0.685     1.099    clk_IBUF
    BUFGCTRL_X0Y0        BUFG (Prop_bufg_I_O)         0.029     1.128 r  clk_IBUF_BUFG_inst/O
                         net (fo=41, routed)          0.950     2.078    U_Uart/U_Rx/CLK
    SLICE_X2Y104         FDCE                                         r  U_Uart/U_Rx/tick_count_reg[1]/C
                         clock pessimism             -0.506     1.572    
    SLICE_X2Y104         FDCE (Hold_fdce_C_D)         0.121     1.693    U_Uart/U_Rx/tick_count_reg[1]
  -------------------------------------------------------------------
                         required time                         -1.693    
                         arrival time                           1.934    
  -------------------------------------------------------------------
                         slack                                  0.242    

Slack (MET) :             0.251ns  (arrival time - required time)
  Source:                 U_Uart/U_btn_Debounce/count_reg_reg[6]/C
                            (rising edge-triggered cell FDCE clocked by sys_clk_pin  {rise@0.000ns fall@5.000ns period=10.000ns})
  Destination:            U_Uart/U_btn_Debounce/count_reg_reg[9]/D
                            (rising edge-triggered cell FDCE clocked by sys_clk_pin  {rise@0.000ns fall@5.000ns period=10.000ns})
  Path Group:             sys_clk_pin
  Path Type:              Hold (Min at Fast Process Corner)
  Requirement:            0.000ns  (sys_clk_pin rise@0.000ns - sys_clk_pin rise@0.000ns)
  Data Path Delay:        0.343ns  (logic 0.186ns (54.303%)  route 0.157ns (45.697%))
  Logic Levels:           1  (LUT6=1)
  Clock Path Skew:        0.000ns (DCD - SCD - CPR)
    Destination Clock Delay (DCD):    2.077ns
    Source Clock Delay      (SCD):    1.559ns
    Clock Pessimism Removal (CPR):    0.518ns

    Location             Delay type                Incr(ns)  Path(ns)    Netlist Resource(s)
  -------------------------------------------------------------------    -------------------
                         (clock sys_clk_pin rise edge)
                                                      0.000     0.000 r  
    W5                                                0.000     0.000 r  clk (IN)
                         net (fo=0)                   0.000     0.000    clk
    W5                   IBUF (Prop_ibuf_I_O)         0.226     0.226 r  clk_IBUF_inst/O
                         net (fo=1, routed)           0.631     0.858    clk_IBUF
    BUFGCTRL_X0Y0        BUFG (Prop_bufg_I_O)         0.026     0.884 r  clk_IBUF_BUFG_inst/O
                         net (fo=41, routed)          0.675     1.559    U_Uart/U_btn_Debounce/CLK
    SLICE_X4Y102         FDCE                                         r  U_Uart/U_btn_Debounce/count_reg_reg[6]/C
  -------------------------------------------------------------------    -------------------
    SLICE_X4Y102         FDCE (Prop_fdce_C_Q)         0.141     1.700 r  U_Uart/U_btn_Debounce/count_reg_reg[6]/Q
                         net (fo=7, routed)           0.157     1.856    U_Uart/U_btn_Debounce/count_reg[6]
    SLICE_X4Y102         LUT6 (Prop_lut6_I5_O)        0.045     1.901 r  U_Uart/U_btn_Debounce/count_reg[9]_i_1/O
                         net (fo=1, routed)           0.000     1.901    U_Uart/U_btn_Debounce/count_next[9]
    SLICE_X4Y102         FDCE                                         r  U_Uart/U_btn_Debounce/count_reg_reg[9]/D
  -------------------------------------------------------------------    -------------------

                         (clock sys_clk_pin rise edge)
                                                      0.000     0.000 r  
    W5                                                0.000     0.000 r  clk (IN)
                         net (fo=0)                   0.000     0.000    clk
    W5                   IBUF (Prop_ibuf_I_O)         0.414     0.414 r  clk_IBUF_inst/O
                         net (fo=1, routed)           0.685     1.099    clk_IBUF
    BUFGCTRL_X0Y0        BUFG (Prop_bufg_I_O)         0.029     1.128 r  clk_IBUF_BUFG_inst/O
                         net (fo=41, routed)          0.949     2.077    U_Uart/U_btn_Debounce/CLK
    SLICE_X4Y102         FDCE                                         r  U_Uart/U_btn_Debounce/count_reg_reg[9]/C
                         clock pessimism             -0.518     1.559    
    SLICE_X4Y102         FDCE (Hold_fdce_C_D)         0.092     1.651    U_Uart/U_btn_Debounce/count_reg_reg[9]
  -------------------------------------------------------------------
                         required time                         -1.651    
                         arrival time                           1.901    
  -------------------------------------------------------------------
                         slack                                  0.251    

Slack (MET) :             0.254ns  (arrival time - required time)
  Source:                 U_Uart/U_Rx/FSM_sequential_state_reg[1]/C
                            (rising edge-triggered cell FDCE clocked by sys_clk_pin  {rise@0.000ns fall@5.000ns period=10.000ns})
  Destination:            U_Uart/U_Rx/data_count_reg[0]/D
                            (rising edge-triggered cell FDCE clocked by sys_clk_pin  {rise@0.000ns fall@5.000ns period=10.000ns})
  Path Group:             sys_clk_pin
  Path Type:              Hold (Min at Fast Process Corner)
  Requirement:            0.000ns  (sys_clk_pin rise@0.000ns - sys_clk_pin rise@0.000ns)
  Data Path Delay:        0.390ns  (logic 0.186ns (47.683%)  route 0.204ns (52.317%))
  Logic Levels:           1  (LUT5=1)
  Clock Path Skew:        0.016ns (DCD - SCD - CPR)
    Destination Clock Delay (DCD):    2.078ns
    Source Clock Delay      (SCD):    1.559ns
    Clock Pessimism Removal (CPR):    0.503ns

    Location             Delay type                Incr(ns)  Path(ns)    Netlist Resource(s)
  -------------------------------------------------------------------    -------------------
                         (clock sys_clk_pin rise edge)
                                                      0.000     0.000 r  
    W5                                                0.000     0.000 r  clk (IN)
                         net (fo=0)                   0.000     0.000    clk
    W5                   IBUF (Prop_ibuf_I_O)         0.226     0.226 r  clk_IBUF_inst/O
                         net (fo=1, routed)           0.631     0.858    clk_IBUF
    BUFGCTRL_X0Y0        BUFG (Prop_bufg_I_O)         0.026     0.884 r  clk_IBUF_BUFG_inst/O
                         net (fo=41, routed)          0.675     1.559    U_Uart/U_Rx/CLK
    SLICE_X3Y103         FDCE                                         r  U_Uart/U_Rx/FSM_sequential_state_reg[1]/C
  -------------------------------------------------------------------    -------------------
    SLICE_X3Y103         FDCE (Prop_fdce_C_Q)         0.141     1.700 r  U_Uart/U_Rx/FSM_sequential_state_reg[1]/Q
                         net (fo=20, routed)          0.204     1.904    U_Uart/U_Rx/state[1]
    SLICE_X2Y105         LUT5 (Prop_lut5_I3_O)        0.045     1.949 r  U_Uart/U_Rx/data_count[0]_i_1/O
                         net (fo=1, routed)           0.000     1.949    U_Uart/U_Rx/data_count[0]_i_1_n_0
    SLICE_X2Y105         FDCE                                         r  U_Uart/U_Rx/data_count_reg[0]/D
  -------------------------------------------------------------------    -------------------

                         (clock sys_clk_pin rise edge)
                                                      0.000     0.000 r  
    W5                                                0.000     0.000 r  clk (IN)
                         net (fo=0)                   0.000     0.000    clk
    W5                   IBUF (Prop_ibuf_I_O)         0.414     0.414 r  clk_IBUF_inst/O
                         net (fo=1, routed)           0.685     1.099    clk_IBUF
    BUFGCTRL_X0Y0        BUFG (Prop_bufg_I_O)         0.029     1.128 r  clk_IBUF_BUFG_inst/O
                         net (fo=41, routed)          0.950     2.078    U_Uart/U_Rx/CLK
    SLICE_X2Y105         FDCE                                         r  U_Uart/U_Rx/data_count_reg[0]/C
                         clock pessimism             -0.503     1.575    
    SLICE_X2Y105         FDCE (Hold_fdce_C_D)         0.120     1.695    U_Uart/U_Rx/data_count_reg[0]
  -------------------------------------------------------------------
                         required time                         -1.695    
                         arrival time                           1.949    
  -------------------------------------------------------------------
                         slack                                  0.254    





Pulse Width Checks
--------------------------------------------------------------------------------------
Clock Name:         sys_clk_pin
Waveform(ns):       { 0.000 5.000 }
Period(ns):         10.000
Sources:            { clk }

Check Type        Corner  Lib Pin  Reference Pin  Required(ns)  Actual(ns)  Slack(ns)  Location       Pin
Min Period        n/a     BUFG/I   n/a            2.155         10.000      7.845      BUFGCTRL_X0Y0  clk_IBUF_BUFG_inst/I
Min Period        n/a     FDCE/C   n/a            1.000         10.000      9.000      SLICE_X3Y103   U_Uart/U_Rx/FSM_sequential_state_reg[0]/C
Min Period        n/a     FDCE/C   n/a            1.000         10.000      9.000      SLICE_X3Y103   U_Uart/U_Rx/FSM_sequential_state_reg[1]/C
Min Period        n/a     FDCE/C   n/a            1.000         10.000      9.000      SLICE_X2Y105   U_Uart/U_Rx/data_count_reg[0]/C
Min Period        n/a     FDCE/C   n/a            1.000         10.000      9.000      SLICE_X0Y105   U_Uart/U_Rx/data_count_reg[1]/C
Min Period        n/a     FDCE/C   n/a            1.000         10.000      9.000      SLICE_X2Y105   U_Uart/U_Rx/data_count_reg[2]/C
Min Period        n/a     FDCE/C   n/a            1.000         10.000      9.000      SLICE_X1Y104   U_Uart/U_Rx/data_reg[0]/C
Min Period        n/a     FDCE/C   n/a            1.000         10.000      9.000      SLICE_X0Y104   U_Uart/U_Rx/data_reg[1]/C
Min Period        n/a     FDCE/C   n/a            1.000         10.000      9.000      SLICE_X3Y105   U_Uart/U_Rx/data_reg[2]/C
Min Period        n/a     FDCE/C   n/a            1.000         10.000      9.000      SLICE_X4Y105   U_Uart/U_Rx/data_reg[3]/C
Low Pulse Width   Slow    FDCE/C   n/a            0.500         5.000       4.500      SLICE_X3Y103   U_Uart/U_Rx/FSM_sequential_state_reg[0]/C
Low Pulse Width   Fast    FDCE/C   n/a            0.500         5.000       4.500      SLICE_X3Y103   U_Uart/U_Rx/FSM_sequential_state_reg[0]/C
Low Pulse Width   Slow    FDCE/C   n/a            0.500         5.000       4.500      SLICE_X3Y103   U_Uart/U_Rx/FSM_sequential_state_reg[1]/C
Low Pulse Width   Fast    FDCE/C   n/a            0.500         5.000       4.500      SLICE_X3Y103   U_Uart/U_Rx/FSM_sequential_state_reg[1]/C
Low Pulse Width   Slow    FDCE/C   n/a            0.500         5.000       4.500      SLICE_X2Y105   U_Uart/U_Rx/data_count_reg[0]/C
Low Pulse Width   Fast    FDCE/C   n/a            0.500         5.000       4.500      SLICE_X2Y105   U_Uart/U_Rx/data_count_reg[0]/C
Low Pulse Width   Slow    FDCE/C   n/a            0.500         5.000       4.500      SLICE_X0Y105   U_Uart/U_Rx/data_count_reg[1]/C
Low Pulse Width   Fast    FDCE/C   n/a            0.500         5.000       4.500      SLICE_X0Y105   U_Uart/U_Rx/data_count_reg[1]/C
Low Pulse Width   Slow    FDCE/C   n/a            0.500         5.000       4.500      SLICE_X2Y105   U_Uart/U_Rx/data_count_reg[2]/C
Low Pulse Width   Fast    FDCE/C   n/a            0.500         5.000       4.500      SLICE_X2Y105   U_Uart/U_Rx/data_count_reg[2]/C
High Pulse Width  Slow    FDCE/C   n/a            0.500         5.000       4.500      SLICE_X3Y103   U_Uart/U_Rx/FSM_sequential_state_reg[0]/C
High Pulse Width  Fast    FDCE/C   n/a            0.500         5.000       4.500      SLICE_X3Y103   U_Uart/U_Rx/FSM_sequential_state_reg[0]/C
High Pulse Width  Slow    FDCE/C   n/a            0.500         5.000       4.500      SLICE_X3Y103   U_Uart/U_Rx/FSM_sequential_state_reg[1]/C
High Pulse Width  Fast    FDCE/C   n/a            0.500         5.000       4.500      SLICE_X3Y103   U_Uart/U_Rx/FSM_sequential_state_reg[1]/C
High Pulse Width  Slow    FDCE/C   n/a            0.500         5.000       4.500      SLICE_X2Y105   U_Uart/U_Rx/data_count_reg[0]/C
High Pulse Width  Fast    FDCE/C   n/a            0.500         5.000       4.500      SLICE_X2Y105   U_Uart/U_Rx/data_count_reg[0]/C
High Pulse Width  Slow    FDCE/C   n/a            0.500         5.000       4.500      SLICE_X0Y105   U_Uart/U_Rx/data_count_reg[1]/C
High Pulse Width  Fast    FDCE/C   n/a            0.500         5.000       4.500      SLICE_X0Y105   U_Uart/U_Rx/data_count_reg[1]/C
High Pulse Width  Slow    FDCE/C   n/a            0.500         5.000       4.500      SLICE_X2Y105   U_Uart/U_Rx/data_count_reg[2]/C
High Pulse Width  Fast    FDCE/C   n/a            0.500         5.000       4.500      SLICE_X2Y105   U_Uart/U_Rx/data_count_reg[2]/C



