Copyright 1986-2022 Xilinx, Inc. All Rights Reserved. Copyright 2022-2024 Advanced Micro Devices, Inc. All Rights Reserved.
-----------------------------------------------------------------------------------------------------------------------------------------------------------------------------------------------
| Tool Version : Vivado v.2024.2.1 (win64) Build 5266912 Sun Dec 15 09:03:24 MST 2024
| Date         : Sun Mar 23 02:15:49 2025
| Host         : PKLT running 64-bit major release  (build 9200)
| Command      : report_timing_summary -max_paths 10 -file TOP_UART_timing_summary_routed.rpt -pb TOP_UART_timing_summary_routed.pb -rpx TOP_UART_timing_summary_routed.rpx -warn_on_violation
| Design       : TOP_UART
| Device       : 7a35t-cpg236
| Speed File   : -1  PRODUCTION 1.23 2018-06-13
| Design State : Routed
-----------------------------------------------------------------------------------------------------------------------------------------------------------------------------------------------

Timing Summary Report

------------------------------------------------------------------------------------------------
| Timer Settings
| --------------
------------------------------------------------------------------------------------------------

  Enable Multi Corner Analysis               :  Yes
  Enable Pessimism Removal                   :  Yes
  Pessimism Removal Resolution               :  Nearest Common Node
  Enable Input Delay Default Clock           :  No
  Enable Preset / Clear Arcs                 :  No
  Disable Flight Delays                      :  No
  Ignore I/O Paths                           :  No
  Timing Early Launch at Borrowing Latches   :  No
  Borrow Time for Max Delay Exceptions       :  Yes
  Merge Timing Exceptions                    :  Yes
  Inter-SLR Compensation                     :  Conservative

  Corner  Analyze    Analyze    
  Name    Max Paths  Min Paths  
  ------  ---------  ---------  
  Slow    Yes        Yes        
  Fast    Yes        Yes        


------------------------------------------------------------------------------------------------
| Report Methodology
| ------------------
------------------------------------------------------------------------------------------------

Rule       Severity  Description                    Violations  
---------  --------  -----------------------------  ----------  
TIMING-18  Warning   Missing input or output delay  11          

Note: This report is based on the most recent report_methodology run and may not be up-to-date. Run report_methodology on the current design for the latest report.



check_timing report

Table of Contents
-----------------
1. checking no_clock (0)
2. checking constant_clock (0)
3. checking pulse_width_clock (0)
4. checking unconstrained_internal_endpoints (0)
5. checking no_input_delay (2)
6. checking no_output_delay (9)
7. checking multiple_clock (0)
8. checking generated_clocks (0)
9. checking loops (0)
10. checking partial_input_delay (0)
11. checking partial_output_delay (0)
12. checking latch_loops (0)

1. checking no_clock (0)
------------------------
 There are 0 register/latch pins with no clock.


2. checking constant_clock (0)
------------------------------
 There are 0 register/latch pins with constant_clock.


3. checking pulse_width_clock (0)
---------------------------------
 There are 0 register/latch pins which need pulse_width check


4. checking unconstrained_internal_endpoints (0)
------------------------------------------------
 There are 0 pins that are not constrained for maximum delay.

 There are 0 pins that are not constrained for maximum delay due to constant clock.


5. checking no_input_delay (2)
------------------------------
 There are 2 input ports with no input delay specified. (HIGH)

 There are 0 input ports with no input delay but user has a false path constraint.


6. checking no_output_delay (9)
-------------------------------
 There are 9 ports with no output delay specified. (HIGH)

 There are 0 ports with no output delay but user has a false path constraint

 There are 0 ports with no output delay but with a timing clock defined on it or propagating through it


7. checking multiple_clock (0)
------------------------------
 There are 0 register/latch pins with multiple clocks.


8. checking generated_clocks (0)
--------------------------------
 There are 0 generated clocks that are not connected to a clock source.


9. checking loops (0)
---------------------
 There are 0 combinational loops in the design.


10. checking partial_input_delay (0)
------------------------------------
 There are 0 input ports with partial input delay specified.


11. checking partial_output_delay (0)
-------------------------------------
 There are 0 ports with partial output delay specified.


12. checking latch_loops (0)
----------------------------
 There are 0 combinational latch loops in the design through latch input



------------------------------------------------------------------------------------------------
| Design Timing Summary
| ---------------------
------------------------------------------------------------------------------------------------

    WNS(ns)      TNS(ns)  TNS Failing Endpoints  TNS Total Endpoints      WHS(ns)      THS(ns)  THS Failing Endpoints  THS Total Endpoints     WPWS(ns)     TPWS(ns)  TPWS Failing Endpoints  TPWS Total Endpoints  
    -------      -------  ---------------------  -------------------      -------      -------  ---------------------  -------------------     --------     --------  ----------------------  --------------------  
      5.848        0.000                      0                   55        0.230        0.000                      0                   55        4.500        0.000                       0                    42  


All user specified timing constraints are met.


------------------------------------------------------------------------------------------------
| Clock Summary
| -------------
------------------------------------------------------------------------------------------------

Clock        Waveform(ns)       Period(ns)      Frequency(MHz)
-----        ------------       ----------      --------------
sys_clk_pin  {0.000 5.000}      10.000          100.000         


------------------------------------------------------------------------------------------------
| Intra Clock Table
| -----------------
------------------------------------------------------------------------------------------------

Clock             WNS(ns)      TNS(ns)  TNS Failing Endpoints  TNS Total Endpoints      WHS(ns)      THS(ns)  THS Failing Endpoints  THS Total Endpoints     WPWS(ns)     TPWS(ns)  TPWS Failing Endpoints  TPWS Total Endpoints  
-----             -------      -------  ---------------------  -------------------      -------      -------  ---------------------  -------------------     --------     --------  ----------------------  --------------------  
sys_clk_pin         5.848        0.000                      0                   55        0.230        0.000                      0                   55        4.500        0.000                       0                    42  


------------------------------------------------------------------------------------------------
| Inter Clock Table
| -----------------
------------------------------------------------------------------------------------------------

From Clock    To Clock          WNS(ns)      TNS(ns)  TNS Failing Endpoints  TNS Total Endpoints      WHS(ns)      THS(ns)  THS Failing Endpoints  THS Total Endpoints  
----------    --------          -------      -------  ---------------------  -------------------      -------      -------  ---------------------  -------------------  


------------------------------------------------------------------------------------------------
| Other Path Groups Table
| -----------------------
------------------------------------------------------------------------------------------------

Path Group    From Clock    To Clock          WNS(ns)      TNS(ns)  TNS Failing Endpoints  TNS Total Endpoints      WHS(ns)      THS(ns)  THS Failing Endpoints  THS Total Endpoints  
----------    ----------    --------          -------      -------  ---------------------  -------------------      -------      -------  ---------------------  -------------------  


------------------------------------------------------------------------------------------------
| Timing Details
| --------------
------------------------------------------------------------------------------------------------


---------------------------------------------------------------------------------------------------
From Clock:  sys_clk_pin
  To Clock:  sys_clk_pin

Setup :            0  Failing Endpoints,  Worst Slack        5.848ns,  Total Violation        0.000ns
Hold  :            0  Failing Endpoints,  Worst Slack        0.230ns,  Total Violation        0.000ns
PW    :            0  Failing Endpoints,  Worst Slack        4.500ns,  Total Violation        0.000ns
---------------------------------------------------------------------------------------------------


Max Delay Paths
--------------------------------------------------------------------------------------
Slack (MET) :             5.848ns  (required time - arrival time)
  Source:                 U_Uart/U_btn_Debounce/tick_reg_reg/C
                            (rising edge-triggered cell FDCE clocked by sys_clk_pin  {rise@0.000ns fall@5.000ns period=10.000ns})
  Destination:            U_Uart/U_Rx/data_reg[6]/CE
                            (rising edge-triggered cell FDCE clocked by sys_clk_pin  {rise@0.000ns fall@5.000ns period=10.000ns})
  Path Group:             sys_clk_pin
  Path Type:              Setup (Max at Slow Process Corner)
  Requirement:            10.000ns  (sys_clk_pin rise@10.000ns - sys_clk_pin rise@0.000ns)
  Data Path Delay:        3.667ns  (logic 0.916ns (24.977%)  route 2.751ns (75.023%))
  Logic Levels:           3  (LUT3=1 LUT4=1 LUT6=1)
  Clock Path Skew:        -0.042ns (DCD - SCD + CPR)
    Destination Clock Delay (DCD):    4.843ns = ( 14.843 - 10.000 ) 
    Source Clock Delay      (SCD):    5.145ns
    Clock Pessimism Removal (CPR):    0.260ns
  Clock Uncertainty:      0.035ns  ((TSJ^2 + TIJ^2)^1/2 + DJ) / 2 + PE
    Total System Jitter     (TSJ):    0.071ns
    Total Input Jitter      (TIJ):    0.000ns
    Discrete Jitter          (DJ):    0.000ns
    Phase Error              (PE):    0.000ns

    Location             Delay type                Incr(ns)  Path(ns)    Netlist Resource(s)
  -------------------------------------------------------------------    -------------------
                         (clock sys_clk_pin rise edge)
                                                      0.000     0.000 r  
    W5                                                0.000     0.000 r  clk (IN)
                         net (fo=0)                   0.000     0.000    clk
    W5                   IBUF (Prop_ibuf_I_O)         1.458     1.458 r  clk_IBUF_inst/O
                         net (fo=1, routed)           1.967     3.425    clk_IBUF
    BUFGCTRL_X0Y0        BUFG (Prop_bufg_I_O)         0.096     3.521 r  clk_IBUF_BUFG_inst/O
                         net (fo=41, routed)          1.624     5.145    U_Uart/U_btn_Debounce/CLK
    SLICE_X60Y20         FDCE                                         r  U_Uart/U_btn_Debounce/tick_reg_reg/C
  -------------------------------------------------------------------    -------------------
    SLICE_X60Y20         FDCE (Prop_fdce_C_Q)         0.518     5.663 r  U_Uart/U_btn_Debounce/tick_reg_reg/Q
                         net (fo=10, routed)          1.142     6.805    U_Uart/U_Rx/tick
    SLICE_X63Y23         LUT4 (Prop_lut4_I2_O)        0.124     6.929 f  U_Uart/U_Rx/data[6]_i_3/O
                         net (fo=3, routed)           0.440     7.369    U_Uart/U_Rx/data[6]_i_3_n_0
    SLICE_X64Y24         LUT6 (Prop_lut6_I1_O)        0.124     7.493 r  U_Uart/U_Rx/data[6]_i_2/O
                         net (fo=2, routed)           0.493     7.987    U_Uart/U_Rx/data[6]_i_2_n_0
    SLICE_X65Y24         LUT3 (Prop_lut3_I2_O)        0.150     8.137 r  U_Uart/U_Rx/data[6]_i_1/O
                         net (fo=1, routed)           0.676     8.813    U_Uart/U_Rx/data_next[6]
    SLICE_X65Y24         FDCE                                         r  U_Uart/U_Rx/data_reg[6]/CE
  -------------------------------------------------------------------    -------------------

                         (clock sys_clk_pin rise edge)
                                                     10.000    10.000 r  
    W5                                                0.000    10.000 r  clk (IN)
                         net (fo=0)                   0.000    10.000    clk
    W5                   IBUF (Prop_ibuf_I_O)         1.388    11.388 r  clk_IBUF_inst/O
                         net (fo=1, routed)           1.862    13.250    clk_IBUF
    BUFGCTRL_X0Y0        BUFG (Prop_bufg_I_O)         0.091    13.341 r  clk_IBUF_BUFG_inst/O
                         net (fo=41, routed)          1.502    14.843    U_Uart/U_Rx/CLK
    SLICE_X65Y24         FDCE                                         r  U_Uart/U_Rx/data_reg[6]/C
                         clock pessimism              0.260    15.103    
                         clock uncertainty           -0.035    15.068    
    SLICE_X65Y24         FDCE (Setup_fdce_C_CE)      -0.407    14.661    U_Uart/U_Rx/data_reg[6]
  -------------------------------------------------------------------
                         required time                         14.661    
                         arrival time                          -8.813    
  -------------------------------------------------------------------
                         slack                                  5.848    

Slack (MET) :             5.971ns  (required time - arrival time)
  Source:                 U_Uart/U_btn_Debounce/tick_reg_reg/C
                            (rising edge-triggered cell FDCE clocked by sys_clk_pin  {rise@0.000ns fall@5.000ns period=10.000ns})
  Destination:            U_Uart/U_Rx/data_reg[5]/CE
                            (rising edge-triggered cell FDCE clocked by sys_clk_pin  {rise@0.000ns fall@5.000ns period=10.000ns})
  Path Group:             sys_clk_pin
  Path Type:              Setup (Max at Slow Process Corner)
  Requirement:            10.000ns  (sys_clk_pin rise@10.000ns - sys_clk_pin rise@0.000ns)
  Data Path Delay:        3.539ns  (logic 0.885ns (25.010%)  route 2.654ns (74.990%))
  Logic Levels:           3  (LUT3=1 LUT4=1 LUT6=1)
  Clock Path Skew:        -0.042ns (DCD - SCD + CPR)
    Destination Clock Delay (DCD):    4.843ns = ( 14.843 - 10.000 ) 
    Source Clock Delay      (SCD):    5.145ns
    Clock Pessimism Removal (CPR):    0.260ns
  Clock Uncertainty:      0.035ns  ((TSJ^2 + TIJ^2)^1/2 + DJ) / 2 + PE
    Total System Jitter     (TSJ):    0.071ns
    Total Input Jitter      (TIJ):    0.000ns
    Discrete Jitter          (DJ):    0.000ns
    Phase Error              (PE):    0.000ns

    Location             Delay type                Incr(ns)  Path(ns)    Netlist Resource(s)
  -------------------------------------------------------------------    -------------------
                         (clock sys_clk_pin rise edge)
                                                      0.000     0.000 r  
    W5                                                0.000     0.000 r  clk (IN)
                         net (fo=0)                   0.000     0.000    clk
    W5                   IBUF (Prop_ibuf_I_O)         1.458     1.458 r  clk_IBUF_inst/O
                         net (fo=1, routed)           1.967     3.425    clk_IBUF
    BUFGCTRL_X0Y0        BUFG (Prop_bufg_I_O)         0.096     3.521 r  clk_IBUF_BUFG_inst/O
                         net (fo=41, routed)          1.624     5.145    U_Uart/U_btn_Debounce/CLK
    SLICE_X60Y20         FDCE                                         r  U_Uart/U_btn_Debounce/tick_reg_reg/C
  -------------------------------------------------------------------    -------------------
    SLICE_X60Y20         FDCE (Prop_fdce_C_Q)         0.518     5.663 r  U_Uart/U_btn_Debounce/tick_reg_reg/Q
                         net (fo=10, routed)          1.142     6.805    U_Uart/U_Rx/tick
    SLICE_X63Y23         LUT4 (Prop_lut4_I2_O)        0.124     6.929 f  U_Uart/U_Rx/data[6]_i_3/O
                         net (fo=3, routed)           0.495     7.424    U_Uart/U_Rx/data[6]_i_3_n_0
    SLICE_X62Y24         LUT6 (Prop_lut6_I5_O)        0.124     7.548 r  U_Uart/U_Rx/data[5]_i_2/O
                         net (fo=2, routed)           0.488     8.036    U_Uart/U_Rx/data[5]_i_2_n_0
    SLICE_X62Y24         LUT3 (Prop_lut3_I2_O)        0.119     8.155 r  U_Uart/U_Rx/data[5]_i_1/O
                         net (fo=1, routed)           0.529     8.684    U_Uart/U_Rx/data_next[5]
    SLICE_X63Y24         FDCE                                         r  U_Uart/U_Rx/data_reg[5]/CE
  -------------------------------------------------------------------    -------------------

                         (clock sys_clk_pin rise edge)
                                                     10.000    10.000 r  
    W5                                                0.000    10.000 r  clk (IN)
                         net (fo=0)                   0.000    10.000    clk
    W5                   IBUF (Prop_ibuf_I_O)         1.388    11.388 r  clk_IBUF_inst/O
                         net (fo=1, routed)           1.862    13.250    clk_IBUF
    BUFGCTRL_X0Y0        BUFG (Prop_bufg_I_O)         0.091    13.341 r  clk_IBUF_BUFG_inst/O
                         net (fo=41, routed)          1.502    14.843    U_Uart/U_Rx/CLK
    SLICE_X63Y24         FDCE                                         r  U_Uart/U_Rx/data_reg[5]/C
                         clock pessimism              0.260    15.103    
                         clock uncertainty           -0.035    15.068    
    SLICE_X63Y24         FDCE (Setup_fdce_C_CE)      -0.413    14.655    U_Uart/U_Rx/data_reg[5]
  -------------------------------------------------------------------
                         required time                         14.655    
                         arrival time                          -8.684    
  -------------------------------------------------------------------
                         slack                                  5.971    

Slack (MET) :             6.040ns  (required time - arrival time)
  Source:                 U_Uart/U_btn_Debounce/tick_reg_reg/C
                            (rising edge-triggered cell FDCE clocked by sys_clk_pin  {rise@0.000ns fall@5.000ns period=10.000ns})
  Destination:            U_Uart/U_Rx/data_reg[4]/CE
                            (rising edge-triggered cell FDCE clocked by sys_clk_pin  {rise@0.000ns fall@5.000ns period=10.000ns})
  Path Group:             sys_clk_pin
  Path Type:              Setup (Max at Slow Process Corner)
  Requirement:            10.000ns  (sys_clk_pin rise@10.000ns - sys_clk_pin rise@0.000ns)
  Data Path Delay:        3.514ns  (logic 0.916ns (26.067%)  route 2.598ns (73.933%))
  Logic Levels:           3  (LUT3=1 LUT4=1 LUT6=1)
  Clock Path Skew:        -0.040ns (DCD - SCD + CPR)
    Destination Clock Delay (DCD):    4.845ns = ( 14.845 - 10.000 ) 
    Source Clock Delay      (SCD):    5.145ns
    Clock Pessimism Removal (CPR):    0.260ns
  Clock Uncertainty:      0.035ns  ((TSJ^2 + TIJ^2)^1/2 + DJ) / 2 + PE
    Total System Jitter     (TSJ):    0.071ns
    Total Input Jitter      (TIJ):    0.000ns
    Discrete Jitter          (DJ):    0.000ns
    Phase Error              (PE):    0.000ns

    Location             Delay type                Incr(ns)  Path(ns)    Netlist Resource(s)
  -------------------------------------------------------------------    -------------------
                         (clock sys_clk_pin rise edge)
                                                      0.000     0.000 r  
    W5                                                0.000     0.000 r  clk (IN)
                         net (fo=0)                   0.000     0.000    clk
    W5                   IBUF (Prop_ibuf_I_O)         1.458     1.458 r  clk_IBUF_inst/O
                         net (fo=1, routed)           1.967     3.425    clk_IBUF
    BUFGCTRL_X0Y0        BUFG (Prop_bufg_I_O)         0.096     3.521 r  clk_IBUF_BUFG_inst/O
                         net (fo=41, routed)          1.624     5.145    U_Uart/U_btn_Debounce/CLK
    SLICE_X60Y20         FDCE                                         r  U_Uart/U_btn_Debounce/tick_reg_reg/C
  -------------------------------------------------------------------    -------------------
    SLICE_X60Y20         FDCE (Prop_fdce_C_Q)         0.518     5.663 r  U_Uart/U_btn_Debounce/tick_reg_reg/Q
                         net (fo=10, routed)          1.142     6.805    U_Uart/U_Rx/tick
    SLICE_X63Y23         LUT4 (Prop_lut4_I2_O)        0.124     6.929 f  U_Uart/U_Rx/data[6]_i_3/O
                         net (fo=3, routed)           0.580     7.509    U_Uart/U_Rx/data[6]_i_3_n_0
    SLICE_X64Y23         LUT6 (Prop_lut6_I1_O)        0.124     7.633 r  U_Uart/U_Rx/data[4]_i_2/O
                         net (fo=2, routed)           0.493     8.127    U_Uart/U_Rx/data[4]_i_2_n_0
    SLICE_X65Y23         LUT3 (Prop_lut3_I2_O)        0.150     8.277 r  U_Uart/U_Rx/data[4]_i_1/O
                         net (fo=1, routed)           0.382     8.659    U_Uart/U_Rx/data_next[4]
    SLICE_X64Y23         FDCE                                         r  U_Uart/U_Rx/data_reg[4]/CE
  -------------------------------------------------------------------    -------------------

                         (clock sys_clk_pin rise edge)
                                                     10.000    10.000 r  
    W5                                                0.000    10.000 r  clk (IN)
                         net (fo=0)                   0.000    10.000    clk
    W5                   IBUF (Prop_ibuf_I_O)         1.388    11.388 r  clk_IBUF_inst/O
                         net (fo=1, routed)           1.862    13.250    clk_IBUF
    BUFGCTRL_X0Y0        BUFG (Prop_bufg_I_O)         0.091    13.341 r  clk_IBUF_BUFG_inst/O
                         net (fo=41, routed)          1.504    14.845    U_Uart/U_Rx/CLK
    SLICE_X64Y23         FDCE                                         r  U_Uart/U_Rx/data_reg[4]/C
                         clock pessimism              0.260    15.105    
                         clock uncertainty           -0.035    15.070    
    SLICE_X64Y23         FDCE (Setup_fdce_C_CE)      -0.371    14.699    U_Uart/U_Rx/data_reg[4]
  -------------------------------------------------------------------
                         required time                         14.699    
                         arrival time                          -8.659    
  -------------------------------------------------------------------
                         slack                                  6.040    

Slack (MET) :             6.050ns  (required time - arrival time)
  Source:                 U_Uart/U_Tx/FSM_sequential_state_reg[0]/C
                            (rising edge-triggered cell FDCE clocked by sys_clk_pin  {rise@0.000ns fall@5.000ns period=10.000ns})
  Destination:            U_Uart/U_Tx/tx_reg/D
                            (rising edge-triggered cell FDPE clocked by sys_clk_pin  {rise@0.000ns fall@5.000ns period=10.000ns})
  Path Group:             sys_clk_pin
  Path Type:              Setup (Max at Slow Process Corner)
  Requirement:            10.000ns  (sys_clk_pin rise@10.000ns - sys_clk_pin rise@0.000ns)
  Data Path Delay:        3.808ns  (logic 0.704ns (18.489%)  route 3.104ns (81.511%))
  Logic Levels:           2  (LUT5=1 LUT6=1)
  Clock Path Skew:        -0.040ns (DCD - SCD + CPR)
    Destination Clock Delay (DCD):    4.842ns = ( 14.842 - 10.000 ) 
    Source Clock Delay      (SCD):    5.142ns
    Clock Pessimism Removal (CPR):    0.260ns
  Clock Uncertainty:      0.035ns  ((TSJ^2 + TIJ^2)^1/2 + DJ) / 2 + PE
    Total System Jitter     (TSJ):    0.071ns
    Total Input Jitter      (TIJ):    0.000ns
    Discrete Jitter          (DJ):    0.000ns
    Phase Error              (PE):    0.000ns

    Location             Delay type                Incr(ns)  Path(ns)    Netlist Resource(s)
  -------------------------------------------------------------------    -------------------
                         (clock sys_clk_pin rise edge)
                                                      0.000     0.000 r  
    W5                                                0.000     0.000 r  clk (IN)
                         net (fo=0)                   0.000     0.000    clk
    W5                   IBUF (Prop_ibuf_I_O)         1.458     1.458 r  clk_IBUF_inst/O
                         net (fo=1, routed)           1.967     3.425    clk_IBUF
    BUFGCTRL_X0Y0        BUFG (Prop_bufg_I_O)         0.096     3.521 r  clk_IBUF_BUFG_inst/O
                         net (fo=41, routed)          1.621     5.142    U_Uart/U_Tx/CLK
    SLICE_X62Y22         FDCE                                         r  U_Uart/U_Tx/FSM_sequential_state_reg[0]/C
  -------------------------------------------------------------------    -------------------
    SLICE_X62Y22         FDCE (Prop_fdce_C_Q)         0.456     5.598 f  U_Uart/U_Tx/FSM_sequential_state_reg[0]/Q
                         net (fo=14, routed)          1.858     7.456    U_Uart/U_Tx/state[0]
    SLICE_X63Y24         LUT6 (Prop_lut6_I0_O)        0.124     7.580 f  U_Uart/U_Tx/tx_i_3/O
                         net (fo=1, routed)           0.714     8.294    U_Uart/U_Tx/tx_i_3_n_0
    SLICE_X62Y24         LUT5 (Prop_lut5_I0_O)        0.124     8.418 r  U_Uart/U_Tx/tx_i_2/O
                         net (fo=1, routed)           0.532     8.950    U_Uart/U_Tx/tx_i_2_n_0
    SLICE_X59Y24         FDPE                                         r  U_Uart/U_Tx/tx_reg/D
  -------------------------------------------------------------------    -------------------

                         (clock sys_clk_pin rise edge)
                                                     10.000    10.000 r  
    W5                                                0.000    10.000 r  clk (IN)
                         net (fo=0)                   0.000    10.000    clk
    W5                   IBUF (Prop_ibuf_I_O)         1.388    11.388 r  clk_IBUF_inst/O
                         net (fo=1, routed)           1.862    13.250    clk_IBUF
    BUFGCTRL_X0Y0        BUFG (Prop_bufg_I_O)         0.091    13.341 r  clk_IBUF_BUFG_inst/O
                         net (fo=41, routed)          1.501    14.842    U_Uart/U_Tx/CLK
    SLICE_X59Y24         FDPE                                         r  U_Uart/U_Tx/tx_reg/C
                         clock pessimism              0.260    15.102    
                         clock uncertainty           -0.035    15.067    
    SLICE_X59Y24         FDPE (Setup_fdpe_C_D)       -0.067    15.000    U_Uart/U_Tx/tx_reg
  -------------------------------------------------------------------
                         required time                         15.000    
                         arrival time                          -8.950    
  -------------------------------------------------------------------
                         slack                                  6.050    

Slack (MET) :             6.058ns  (required time - arrival time)
  Source:                 U_Uart/U_Rx/tick_count_reg[0]/C
                            (rising edge-triggered cell FDCE clocked by sys_clk_pin  {rise@0.000ns fall@5.000ns period=10.000ns})
  Destination:            U_Uart/U_Rx/data_reg[7]/CE
                            (rising edge-triggered cell FDCE clocked by sys_clk_pin  {rise@0.000ns fall@5.000ns period=10.000ns})
  Path Group:             sys_clk_pin
  Path Type:              Setup (Max at Slow Process Corner)
  Requirement:            10.000ns  (sys_clk_pin rise@10.000ns - sys_clk_pin rise@0.000ns)
  Data Path Delay:        3.714ns  (logic 1.056ns (28.435%)  route 2.658ns (71.565%))
  Logic Levels:           3  (LUT4=2 LUT5=1)
  Clock Path Skew:        -0.024ns (DCD - SCD + CPR)
    Destination Clock Delay (DCD):    4.843ns = ( 14.843 - 10.000 ) 
    Source Clock Delay      (SCD):    5.141ns
    Clock Pessimism Removal (CPR):    0.274ns
  Clock Uncertainty:      0.035ns  ((TSJ^2 + TIJ^2)^1/2 + DJ) / 2 + PE
    Total System Jitter     (TSJ):    0.071ns
    Total Input Jitter      (TIJ):    0.000ns
    Discrete Jitter          (DJ):    0.000ns
    Phase Error              (PE):    0.000ns

    Location             Delay type                Incr(ns)  Path(ns)    Netlist Resource(s)
  -------------------------------------------------------------------    -------------------
                         (clock sys_clk_pin rise edge)
                                                      0.000     0.000 r  
    W5                                                0.000     0.000 r  clk (IN)
                         net (fo=0)                   0.000     0.000    clk
    W5                   IBUF (Prop_ibuf_I_O)         1.458     1.458 r  clk_IBUF_inst/O
                         net (fo=1, routed)           1.967     3.425    clk_IBUF
    BUFGCTRL_X0Y0        BUFG (Prop_bufg_I_O)         0.096     3.521 r  clk_IBUF_BUFG_inst/O
                         net (fo=41, routed)          1.620     5.141    U_Uart/U_Rx/CLK
    SLICE_X62Y23         FDCE                                         r  U_Uart/U_Rx/tick_count_reg[0]/C
  -------------------------------------------------------------------    -------------------
    SLICE_X62Y23         FDCE (Prop_fdce_C_Q)         0.456     5.597 r  U_Uart/U_Rx/tick_count_reg[0]/Q
                         net (fo=13, routed)          0.867     6.464    U_Uart/U_Rx/tick_count[0]
    SLICE_X63Y24         LUT4 (Prop_lut4_I0_O)        0.124     6.588 r  U_Uart/U_Rx/tick_count[4]_i_3/O
                         net (fo=3, routed)           0.652     7.240    U_Uart/U_Rx/tick_count[4]_i_3_n_0
    SLICE_X63Y23         LUT5 (Prop_lut5_I0_O)        0.150     7.390 r  U_Uart/U_Rx/FSM_sequential_state[1]_i_3/O
                         net (fo=6, routed)           0.628     8.018    U_Uart/U_Rx/data_count_next
    SLICE_X63Y24         LUT4 (Prop_lut4_I1_O)        0.326     8.344 r  U_Uart/U_Rx/data[7]_i_1/O
                         net (fo=1, routed)           0.511     8.855    U_Uart/U_Rx/data_next[7]
    SLICE_X64Y24         FDCE                                         r  U_Uart/U_Rx/data_reg[7]/CE
  -------------------------------------------------------------------    -------------------

                         (clock sys_clk_pin rise edge)
                                                     10.000    10.000 r  
    W5                                                0.000    10.000 r  clk (IN)
                         net (fo=0)                   0.000    10.000    clk
    W5                   IBUF (Prop_ibuf_I_O)         1.388    11.388 r  clk_IBUF_inst/O
                         net (fo=1, routed)           1.862    13.250    clk_IBUF
    BUFGCTRL_X0Y0        BUFG (Prop_bufg_I_O)         0.091    13.341 r  clk_IBUF_BUFG_inst/O
                         net (fo=41, routed)          1.502    14.843    U_Uart/U_Rx/CLK
    SLICE_X64Y24         FDCE                                         r  U_Uart/U_Rx/data_reg[7]/C
                         clock pessimism              0.274    15.117    
                         clock uncertainty           -0.035    15.082    
    SLICE_X64Y24         FDCE (Setup_fdce_C_CE)      -0.169    14.913    U_Uart/U_Rx/data_reg[7]
  -------------------------------------------------------------------
                         required time                         14.913    
                         arrival time                          -8.855    
  -------------------------------------------------------------------
                         slack                                  6.058    

Slack (MET) :             6.074ns  (required time - arrival time)
  Source:                 U_Uart/U_Tx/FSM_sequential_state_reg[0]/C
                            (rising edge-triggered cell FDCE clocked by sys_clk_pin  {rise@0.000ns fall@5.000ns period=10.000ns})
  Destination:            U_Uart/U_Tx/FSM_sequential_state_reg[0]/D
                            (rising edge-triggered cell FDCE clocked by sys_clk_pin  {rise@0.000ns fall@5.000ns period=10.000ns})
  Path Group:             sys_clk_pin
  Path Type:              Setup (Max at Slow Process Corner)
  Requirement:            10.000ns  (sys_clk_pin rise@10.000ns - sys_clk_pin rise@0.000ns)
  Data Path Delay:        3.922ns  (logic 1.058ns (26.975%)  route 2.864ns (73.025%))
  Logic Levels:           3  (LUT2=1 LUT6=2)
  Clock Path Skew:        0.000ns (DCD - SCD + CPR)
    Destination Clock Delay (DCD):    4.846ns = ( 14.846 - 10.000 ) 
    Source Clock Delay      (SCD):    5.142ns
    Clock Pessimism Removal (CPR):    0.296ns
  Clock Uncertainty:      0.035ns  ((TSJ^2 + TIJ^2)^1/2 + DJ) / 2 + PE
    Total System Jitter     (TSJ):    0.071ns
    Total Input Jitter      (TIJ):    0.000ns
    Discrete Jitter          (DJ):    0.000ns
    Phase Error              (PE):    0.000ns

    Location             Delay type                Incr(ns)  Path(ns)    Netlist Resource(s)
  -------------------------------------------------------------------    -------------------
                         (clock sys_clk_pin rise edge)
                                                      0.000     0.000 r  
    W5                                                0.000     0.000 r  clk (IN)
                         net (fo=0)                   0.000     0.000    clk
    W5                   IBUF (Prop_ibuf_I_O)         1.458     1.458 r  clk_IBUF_inst/O
                         net (fo=1, routed)           1.967     3.425    clk_IBUF
    BUFGCTRL_X0Y0        BUFG (Prop_bufg_I_O)         0.096     3.521 r  clk_IBUF_BUFG_inst/O
                         net (fo=41, routed)          1.621     5.142    U_Uart/U_Tx/CLK
    SLICE_X62Y22         FDCE                                         r  U_Uart/U_Tx/FSM_sequential_state_reg[0]/C
  -------------------------------------------------------------------    -------------------
    SLICE_X62Y22         FDCE (Prop_fdce_C_Q)         0.456     5.598 r  U_Uart/U_Tx/FSM_sequential_state_reg[0]/Q
                         net (fo=14, routed)          1.434     7.032    U_Uart/U_Tx/state[0]
    SLICE_X62Y24         LUT2 (Prop_lut2_I1_O)        0.152     7.184 f  U_Uart/U_Tx/data_count[3]_i_3/O
                         net (fo=2, routed)           0.319     7.503    U_Uart/U_Tx/data_count[3]_i_3_n_0
    SLICE_X59Y24         LUT6 (Prop_lut6_I5_O)        0.326     7.829 r  U_Uart/U_Tx/data_count[3]_i_1/O
                         net (fo=6, routed)           1.111     8.940    U_Uart/U_Tx/data_count_next
    SLICE_X62Y22         LUT6 (Prop_lut6_I0_O)        0.124     9.064 r  U_Uart/U_Tx/FSM_sequential_state[0]_i_1__0/O
                         net (fo=1, routed)           0.000     9.064    U_Uart/U_Tx/FSM_sequential_state[0]_i_1__0_n_0
    SLICE_X62Y22         FDCE                                         r  U_Uart/U_Tx/FSM_sequential_state_reg[0]/D
  -------------------------------------------------------------------    -------------------

                         (clock sys_clk_pin rise edge)
                                                     10.000    10.000 r  
    W5                                                0.000    10.000 r  clk (IN)
                         net (fo=0)                   0.000    10.000    clk
    W5                   IBUF (Prop_ibuf_I_O)         1.388    11.388 r  clk_IBUF_inst/O
                         net (fo=1, routed)           1.862    13.250    clk_IBUF
    BUFGCTRL_X0Y0        BUFG (Prop_bufg_I_O)         0.091    13.341 r  clk_IBUF_BUFG_inst/O
                         net (fo=41, routed)          1.505    14.846    U_Uart/U_Tx/CLK
    SLICE_X62Y22         FDCE                                         r  U_Uart/U_Tx/FSM_sequential_state_reg[0]/C
                         clock pessimism              0.296    15.142    
                         clock uncertainty           -0.035    15.107    
    SLICE_X62Y22         FDCE (Setup_fdce_C_D)        0.031    15.138    U_Uart/U_Tx/FSM_sequential_state_reg[0]
  -------------------------------------------------------------------
                         required time                         15.138    
                         arrival time                          -9.064    
  -------------------------------------------------------------------
                         slack                                  6.074    

Slack (MET) :             6.134ns  (required time - arrival time)
  Source:                 U_Uart/U_btn_Debounce/tick_reg_reg/C
                            (rising edge-triggered cell FDCE clocked by sys_clk_pin  {rise@0.000ns fall@5.000ns period=10.000ns})
  Destination:            U_Uart/U_Rx/data_reg[1]/CE
                            (rising edge-triggered cell FDCE clocked by sys_clk_pin  {rise@0.000ns fall@5.000ns period=10.000ns})
  Path Group:             sys_clk_pin
  Path Type:              Setup (Max at Slow Process Corner)
  Requirement:            10.000ns  (sys_clk_pin rise@10.000ns - sys_clk_pin rise@0.000ns)
  Data Path Delay:        3.583ns  (logic 0.890ns (24.837%)  route 2.693ns (75.163%))
  Logic Levels:           3  (LUT3=1 LUT4=1 LUT6=1)
  Clock Path Skew:        -0.042ns (DCD - SCD + CPR)
    Destination Clock Delay (DCD):    4.843ns = ( 14.843 - 10.000 ) 
    Source Clock Delay      (SCD):    5.145ns
    Clock Pessimism Removal (CPR):    0.260ns
  Clock Uncertainty:      0.035ns  ((TSJ^2 + TIJ^2)^1/2 + DJ) / 2 + PE
    Total System Jitter     (TSJ):    0.071ns
    Total Input Jitter      (TIJ):    0.000ns
    Discrete Jitter          (DJ):    0.000ns
    Phase Error              (PE):    0.000ns

    Location             Delay type                Incr(ns)  Path(ns)    Netlist Resource(s)
  -------------------------------------------------------------------    -------------------
                         (clock sys_clk_pin rise edge)
                                                      0.000     0.000 r  
    W5                                                0.000     0.000 r  clk (IN)
                         net (fo=0)                   0.000     0.000    clk
    W5                   IBUF (Prop_ibuf_I_O)         1.458     1.458 r  clk_IBUF_inst/O
                         net (fo=1, routed)           1.967     3.425    clk_IBUF
    BUFGCTRL_X0Y0        BUFG (Prop_bufg_I_O)         0.096     3.521 r  clk_IBUF_BUFG_inst/O
                         net (fo=41, routed)          1.624     5.145    U_Uart/U_btn_Debounce/CLK
    SLICE_X60Y20         FDCE                                         r  U_Uart/U_btn_Debounce/tick_reg_reg/C
  -------------------------------------------------------------------    -------------------
    SLICE_X60Y20         FDCE (Prop_fdce_C_Q)         0.518     5.663 r  U_Uart/U_btn_Debounce/tick_reg_reg/Q
                         net (fo=10, routed)          1.142     6.805    U_Uart/U_Rx/tick
    SLICE_X63Y23         LUT4 (Prop_lut4_I2_O)        0.124     6.929 f  U_Uart/U_Rx/data[6]_i_3/O
                         net (fo=3, routed)           0.495     7.424    U_Uart/U_Rx/data[6]_i_3_n_0
    SLICE_X62Y24         LUT6 (Prop_lut6_I5_O)        0.124     7.548 r  U_Uart/U_Rx/data[5]_i_2/O
                         net (fo=2, routed)           0.488     8.036    U_Uart/U_Rx/data[5]_i_2_n_0
    SLICE_X62Y24         LUT3 (Prop_lut3_I0_O)        0.124     8.160 r  U_Uart/U_Rx/data[1]_i_1/O
                         net (fo=1, routed)           0.568     8.729    U_Uart/U_Rx/data_next[1]
    SLICE_X62Y24         FDCE                                         r  U_Uart/U_Rx/data_reg[1]/CE
  -------------------------------------------------------------------    -------------------

                         (clock sys_clk_pin rise edge)
                                                     10.000    10.000 r  
    W5                                                0.000    10.000 r  clk (IN)
                         net (fo=0)                   0.000    10.000    clk
    W5                   IBUF (Prop_ibuf_I_O)         1.388    11.388 r  clk_IBUF_inst/O
                         net (fo=1, routed)           1.862    13.250    clk_IBUF
    BUFGCTRL_X0Y0        BUFG (Prop_bufg_I_O)         0.091    13.341 r  clk_IBUF_BUFG_inst/O
                         net (fo=41, routed)          1.502    14.843    U_Uart/U_Rx/CLK
    SLICE_X62Y24         FDCE                                         r  U_Uart/U_Rx/data_reg[1]/C
                         clock pessimism              0.260    15.103    
                         clock uncertainty           -0.035    15.068    
    SLICE_X62Y24         FDCE (Setup_fdce_C_CE)      -0.205    14.863    U_Uart/U_Rx/data_reg[1]
  -------------------------------------------------------------------
                         required time                         14.863    
                         arrival time                          -8.729    
  -------------------------------------------------------------------
                         slack                                  6.134    

Slack (MET) :             6.230ns  (required time - arrival time)
  Source:                 U_Uart/U_Tx/FSM_sequential_state_reg[0]/C
                            (rising edge-triggered cell FDCE clocked by sys_clk_pin  {rise@0.000ns fall@5.000ns period=10.000ns})
  Destination:            U_Uart/U_Tx/data_count_reg[0]/CE
                            (rising edge-triggered cell FDCE clocked by sys_clk_pin  {rise@0.000ns fall@5.000ns period=10.000ns})
  Path Group:             sys_clk_pin
  Path Type:              Setup (Max at Slow Process Corner)
  Requirement:            10.000ns  (sys_clk_pin rise@10.000ns - sys_clk_pin rise@0.000ns)
  Data Path Delay:        3.508ns  (logic 0.934ns (26.627%)  route 2.574ns (73.373%))
  Logic Levels:           2  (LUT2=1 LUT6=1)
  Clock Path Skew:        -0.022ns (DCD - SCD + CPR)
    Destination Clock Delay (DCD):    4.846ns = ( 14.846 - 10.000 ) 
    Source Clock Delay      (SCD):    5.142ns
    Clock Pessimism Removal (CPR):    0.274ns
  Clock Uncertainty:      0.035ns  ((TSJ^2 + TIJ^2)^1/2 + DJ) / 2 + PE
    Total System Jitter     (TSJ):    0.071ns
    Total Input Jitter      (TIJ):    0.000ns
    Discrete Jitter          (DJ):    0.000ns
    Phase Error              (PE):    0.000ns

    Location             Delay type                Incr(ns)  Path(ns)    Netlist Resource(s)
  -------------------------------------------------------------------    -------------------
                         (clock sys_clk_pin rise edge)
                                                      0.000     0.000 r  
    W5                                                0.000     0.000 r  clk (IN)
                         net (fo=0)                   0.000     0.000    clk
    W5                   IBUF (Prop_ibuf_I_O)         1.458     1.458 r  clk_IBUF_inst/O
                         net (fo=1, routed)           1.967     3.425    clk_IBUF
    BUFGCTRL_X0Y0        BUFG (Prop_bufg_I_O)         0.096     3.521 r  clk_IBUF_BUFG_inst/O
                         net (fo=41, routed)          1.621     5.142    U_Uart/U_Tx/CLK
    SLICE_X62Y22         FDCE                                         r  U_Uart/U_Tx/FSM_sequential_state_reg[0]/C
  -------------------------------------------------------------------    -------------------
    SLICE_X62Y22         FDCE (Prop_fdce_C_Q)         0.456     5.598 r  U_Uart/U_Tx/FSM_sequential_state_reg[0]/Q
                         net (fo=14, routed)          1.434     7.032    U_Uart/U_Tx/state[0]
    SLICE_X62Y24         LUT2 (Prop_lut2_I1_O)        0.152     7.184 f  U_Uart/U_Tx/data_count[3]_i_3/O
                         net (fo=2, routed)           0.319     7.503    U_Uart/U_Tx/data_count[3]_i_3_n_0
    SLICE_X59Y24         LUT6 (Prop_lut6_I5_O)        0.326     7.829 r  U_Uart/U_Tx/data_count[3]_i_1/O
                         net (fo=6, routed)           0.821     8.650    U_Uart/U_Tx/data_count_next
    SLICE_X63Y22         FDCE                                         r  U_Uart/U_Tx/data_count_reg[0]/CE
  -------------------------------------------------------------------    -------------------

                         (clock sys_clk_pin rise edge)
                                                     10.000    10.000 r  
    W5                                                0.000    10.000 r  clk (IN)
                         net (fo=0)                   0.000    10.000    clk
    W5                   IBUF (Prop_ibuf_I_O)         1.388    11.388 r  clk_IBUF_inst/O
                         net (fo=1, routed)           1.862    13.250    clk_IBUF
    BUFGCTRL_X0Y0        BUFG (Prop_bufg_I_O)         0.091    13.341 r  clk_IBUF_BUFG_inst/O
                         net (fo=41, routed)          1.505    14.846    U_Uart/U_Tx/CLK
    SLICE_X63Y22         FDCE                                         r  U_Uart/U_Tx/data_count_reg[0]/C
                         clock pessimism              0.274    15.120    
                         clock uncertainty           -0.035    15.085    
    SLICE_X63Y22         FDCE (Setup_fdce_C_CE)      -0.205    14.880    U_Uart/U_Tx/data_count_reg[0]
  -------------------------------------------------------------------
                         required time                         14.880    
                         arrival time                          -8.650    
  -------------------------------------------------------------------
                         slack                                  6.230    

Slack (MET) :             6.230ns  (required time - arrival time)
  Source:                 U_Uart/U_Tx/FSM_sequential_state_reg[0]/C
                            (rising edge-triggered cell FDCE clocked by sys_clk_pin  {rise@0.000ns fall@5.000ns period=10.000ns})
  Destination:            U_Uart/U_Tx/data_count_reg[1]/CE
                            (rising edge-triggered cell FDCE clocked by sys_clk_pin  {rise@0.000ns fall@5.000ns period=10.000ns})
  Path Group:             sys_clk_pin
  Path Type:              Setup (Max at Slow Process Corner)
  Requirement:            10.000ns  (sys_clk_pin rise@10.000ns - sys_clk_pin rise@0.000ns)
  Data Path Delay:        3.508ns  (logic 0.934ns (26.627%)  route 2.574ns (73.373%))
  Logic Levels:           2  (LUT2=1 LUT6=1)
  Clock Path Skew:        -0.022ns (DCD - SCD + CPR)
    Destination Clock Delay (DCD):    4.846ns = ( 14.846 - 10.000 ) 
    Source Clock Delay      (SCD):    5.142ns
    Clock Pessimism Removal (CPR):    0.274ns
  Clock Uncertainty:      0.035ns  ((TSJ^2 + TIJ^2)^1/2 + DJ) / 2 + PE
    Total System Jitter     (TSJ):    0.071ns
    Total Input Jitter      (TIJ):    0.000ns
    Discrete Jitter          (DJ):    0.000ns
    Phase Error              (PE):    0.000ns

    Location             Delay type                Incr(ns)  Path(ns)    Netlist Resource(s)
  -------------------------------------------------------------------    -------------------
                         (clock sys_clk_pin rise edge)
                                                      0.000     0.000 r  
    W5                                                0.000     0.000 r  clk (IN)
                         net (fo=0)                   0.000     0.000    clk
    W5                   IBUF (Prop_ibuf_I_O)         1.458     1.458 r  clk_IBUF_inst/O
                         net (fo=1, routed)           1.967     3.425    clk_IBUF
    BUFGCTRL_X0Y0        BUFG (Prop_bufg_I_O)         0.096     3.521 r  clk_IBUF_BUFG_inst/O
                         net (fo=41, routed)          1.621     5.142    U_Uart/U_Tx/CLK
    SLICE_X62Y22         FDCE                                         r  U_Uart/U_Tx/FSM_sequential_state_reg[0]/C
  -------------------------------------------------------------------    -------------------
    SLICE_X62Y22         FDCE (Prop_fdce_C_Q)         0.456     5.598 r  U_Uart/U_Tx/FSM_sequential_state_reg[0]/Q
                         net (fo=14, routed)          1.434     7.032    U_Uart/U_Tx/state[0]
    SLICE_X62Y24         LUT2 (Prop_lut2_I1_O)        0.152     7.184 f  U_Uart/U_Tx/data_count[3]_i_3/O
                         net (fo=2, routed)           0.319     7.503    U_Uart/U_Tx/data_count[3]_i_3_n_0
    SLICE_X59Y24         LUT6 (Prop_lut6_I5_O)        0.326     7.829 r  U_Uart/U_Tx/data_count[3]_i_1/O
                         net (fo=6, routed)           0.821     8.650    U_Uart/U_Tx/data_count_next
    SLICE_X63Y22         FDCE                                         r  U_Uart/U_Tx/data_count_reg[1]/CE
  -------------------------------------------------------------------    -------------------

                         (clock sys_clk_pin rise edge)
                                                     10.000    10.000 r  
    W5                                                0.000    10.000 r  clk (IN)
                         net (fo=0)                   0.000    10.000    clk
    W5                   IBUF (Prop_ibuf_I_O)         1.388    11.388 r  clk_IBUF_inst/O
                         net (fo=1, routed)           1.862    13.250    clk_IBUF
    BUFGCTRL_X0Y0        BUFG (Prop_bufg_I_O)         0.091    13.341 r  clk_IBUF_BUFG_inst/O
                         net (fo=41, routed)          1.505    14.846    U_Uart/U_Tx/CLK
    SLICE_X63Y22         FDCE                                         r  U_Uart/U_Tx/data_count_reg[1]/C
                         clock pessimism              0.274    15.120    
                         clock uncertainty           -0.035    15.085    
    SLICE_X63Y22         FDCE (Setup_fdce_C_CE)      -0.205    14.880    U_Uart/U_Tx/data_count_reg[1]
  -------------------------------------------------------------------
                         required time                         14.880    
                         arrival time                          -8.650    
  -------------------------------------------------------------------
                         slack                                  6.230    

Slack (MET) :             6.230ns  (required time - arrival time)
  Source:                 U_Uart/U_Tx/FSM_sequential_state_reg[0]/C
                            (rising edge-triggered cell FDCE clocked by sys_clk_pin  {rise@0.000ns fall@5.000ns period=10.000ns})
  Destination:            U_Uart/U_Tx/data_count_reg[2]/CE
                            (rising edge-triggered cell FDCE clocked by sys_clk_pin  {rise@0.000ns fall@5.000ns period=10.000ns})
  Path Group:             sys_clk_pin
  Path Type:              Setup (Max at Slow Process Corner)
  Requirement:            10.000ns  (sys_clk_pin rise@10.000ns - sys_clk_pin rise@0.000ns)
  Data Path Delay:        3.508ns  (logic 0.934ns (26.627%)  route 2.574ns (73.373%))
  Logic Levels:           2  (LUT2=1 LUT6=1)
  Clock Path Skew:        -0.022ns (DCD - SCD + CPR)
    Destination Clock Delay (DCD):    4.846ns = ( 14.846 - 10.000 ) 
    Source Clock Delay      (SCD):    5.142ns
    Clock Pessimism Removal (CPR):    0.274ns
  Clock Uncertainty:      0.035ns  ((TSJ^2 + TIJ^2)^1/2 + DJ) / 2 + PE
    Total System Jitter     (TSJ):    0.071ns
    Total Input Jitter      (TIJ):    0.000ns
    Discrete Jitter          (DJ):    0.000ns
    Phase Error              (PE):    0.000ns

    Location             Delay type                Incr(ns)  Path(ns)    Netlist Resource(s)
  -------------------------------------------------------------------    -------------------
                         (clock sys_clk_pin rise edge)
                                                      0.000     0.000 r  
    W5                                                0.000     0.000 r  clk (IN)
                         net (fo=0)                   0.000     0.000    clk
    W5                   IBUF (Prop_ibuf_I_O)         1.458     1.458 r  clk_IBUF_inst/O
                         net (fo=1, routed)           1.967     3.425    clk_IBUF
    BUFGCTRL_X0Y0        BUFG (Prop_bufg_I_O)         0.096     3.521 r  clk_IBUF_BUFG_inst/O
                         net (fo=41, routed)          1.621     5.142    U_Uart/U_Tx/CLK
    SLICE_X62Y22         FDCE                                         r  U_Uart/U_Tx/FSM_sequential_state_reg[0]/C
  -------------------------------------------------------------------    -------------------
    SLICE_X62Y22         FDCE (Prop_fdce_C_Q)         0.456     5.598 r  U_Uart/U_Tx/FSM_sequential_state_reg[0]/Q
                         net (fo=14, routed)          1.434     7.032    U_Uart/U_Tx/state[0]
    SLICE_X62Y24         LUT2 (Prop_lut2_I1_O)        0.152     7.184 f  U_Uart/U_Tx/data_count[3]_i_3/O
                         net (fo=2, routed)           0.319     7.503    U_Uart/U_Tx/data_count[3]_i_3_n_0
    SLICE_X59Y24         LUT6 (Prop_lut6_I5_O)        0.326     7.829 r  U_Uart/U_Tx/data_count[3]_i_1/O
                         net (fo=6, routed)           0.821     8.650    U_Uart/U_Tx/data_count_next
    SLICE_X63Y22         FDCE                                         r  U_Uart/U_Tx/data_count_reg[2]/CE
  -------------------------------------------------------------------    -------------------

                         (clock sys_clk_pin rise edge)
                                                     10.000    10.000 r  
    W5                                                0.000    10.000 r  clk (IN)
                         net (fo=0)                   0.000    10.000    clk
    W5                   IBUF (Prop_ibuf_I_O)         1.388    11.388 r  clk_IBUF_inst/O
                         net (fo=1, routed)           1.862    13.250    clk_IBUF
    BUFGCTRL_X0Y0        BUFG (Prop_bufg_I_O)         0.091    13.341 r  clk_IBUF_BUFG_inst/O
                         net (fo=41, routed)          1.505    14.846    U_Uart/U_Tx/CLK
    SLICE_X63Y22         FDCE                                         r  U_Uart/U_Tx/data_count_reg[2]/C
                         clock pessimism              0.274    15.120    
                         clock uncertainty           -0.035    15.085    
    SLICE_X63Y22         FDCE (Setup_fdce_C_CE)      -0.205    14.880    U_Uart/U_Tx/data_count_reg[2]
  -------------------------------------------------------------------
                         required time                         14.880    
                         arrival time                          -8.650    
  -------------------------------------------------------------------
                         slack                                  6.230    





Min Delay Paths
--------------------------------------------------------------------------------------
Slack (MET) :             0.230ns  (arrival time - required time)
  Source:                 U_Uart/U_Rx/data_count_reg[0]/C
                            (rising edge-triggered cell FDCE clocked by sys_clk_pin  {rise@0.000ns fall@5.000ns period=10.000ns})
  Destination:            U_Uart/U_Rx/data_count_reg[2]/D
                            (rising edge-triggered cell FDCE clocked by sys_clk_pin  {rise@0.000ns fall@5.000ns period=10.000ns})
  Path Group:             sys_clk_pin
  Path Type:              Hold (Min at Fast Process Corner)
  Requirement:            0.000ns  (sys_clk_pin rise@0.000ns - sys_clk_pin rise@0.000ns)
  Data Path Delay:        0.367ns  (logic 0.190ns (51.703%)  route 0.177ns (48.297%))
  Logic Levels:           1  (LUT4=1)
  Clock Path Skew:        0.030ns (DCD - SCD - CPR)
    Destination Clock Delay (DCD):    1.976ns
    Source Clock Delay      (SCD):    1.468ns
    Clock Pessimism Removal (CPR):    0.478ns

    Location             Delay type                Incr(ns)  Path(ns)    Netlist Resource(s)
  -------------------------------------------------------------------    -------------------
                         (clock sys_clk_pin rise edge)
                                                      0.000     0.000 r  
    W5                                                0.000     0.000 r  clk (IN)
                         net (fo=0)                   0.000     0.000    clk
    W5                   IBUF (Prop_ibuf_I_O)         0.226     0.226 r  clk_IBUF_inst/O
                         net (fo=1, routed)           0.631     0.858    clk_IBUF
    BUFGCTRL_X0Y0        BUFG (Prop_bufg_I_O)         0.026     0.884 r  clk_IBUF_BUFG_inst/O
                         net (fo=41, routed)          0.585     1.468    U_Uart/U_Rx/CLK
    SLICE_X62Y22         FDCE                                         r  U_Uart/U_Rx/data_count_reg[0]/C
  -------------------------------------------------------------------    -------------------
    SLICE_X62Y22         FDCE (Prop_fdce_C_Q)         0.141     1.609 r  U_Uart/U_Rx/data_count_reg[0]/Q
                         net (fo=10, routed)          0.177     1.787    U_Uart/U_Rx/data_count[0]
    SLICE_X61Y23         LUT4 (Prop_lut4_I1_O)        0.049     1.836 r  U_Uart/U_Rx/data_count[2]_i_1/O
                         net (fo=1, routed)           0.000     1.836    U_Uart/U_Rx/data_count[2]_i_1_n_0
    SLICE_X61Y23         FDCE                                         r  U_Uart/U_Rx/data_count_reg[2]/D
  -------------------------------------------------------------------    -------------------

                         (clock sys_clk_pin rise edge)
                                                      0.000     0.000 r  
    W5                                                0.000     0.000 r  clk (IN)
                         net (fo=0)                   0.000     0.000    clk
    W5                   IBUF (Prop_ibuf_I_O)         0.414     0.414 r  clk_IBUF_inst/O
                         net (fo=1, routed)           0.685     1.099    clk_IBUF
    BUFGCTRL_X0Y0        BUFG (Prop_bufg_I_O)         0.029     1.128 r  clk_IBUF_BUFG_inst/O
                         net (fo=41, routed)          0.849     1.976    U_Uart/U_Rx/CLK
    SLICE_X61Y23         FDCE                                         r  U_Uart/U_Rx/data_count_reg[2]/C
                         clock pessimism             -0.478     1.498    
    SLICE_X61Y23         FDCE (Hold_fdce_C_D)         0.107     1.605    U_Uart/U_Rx/data_count_reg[2]
  -------------------------------------------------------------------
                         required time                         -1.605    
                         arrival time                           1.836    
  -------------------------------------------------------------------
                         slack                                  0.230    

Slack (MET) :             0.241ns  (arrival time - required time)
  Source:                 U_Uart/U_Rx/data_count_reg[0]/C
                            (rising edge-triggered cell FDCE clocked by sys_clk_pin  {rise@0.000ns fall@5.000ns period=10.000ns})
  Destination:            U_Uart/U_Rx/data_count_reg[1]/D
                            (rising edge-triggered cell FDCE clocked by sys_clk_pin  {rise@0.000ns fall@5.000ns period=10.000ns})
  Path Group:             sys_clk_pin
  Path Type:              Hold (Min at Fast Process Corner)
  Requirement:            0.000ns  (sys_clk_pin rise@0.000ns - sys_clk_pin rise@0.000ns)
  Data Path Delay:        0.363ns  (logic 0.186ns (51.172%)  route 0.177ns (48.828%))
  Logic Levels:           1  (LUT3=1)
  Clock Path Skew:        0.030ns (DCD - SCD - CPR)
    Destination Clock Delay (DCD):    1.976ns
    Source Clock Delay      (SCD):    1.468ns
    Clock Pessimism Removal (CPR):    0.478ns

    Location             Delay type                Incr(ns)  Path(ns)    Netlist Resource(s)
  -------------------------------------------------------------------    -------------------
                         (clock sys_clk_pin rise edge)
                                                      0.000     0.000 r  
    W5                                                0.000     0.000 r  clk (IN)
                         net (fo=0)                   0.000     0.000    clk
    W5                   IBUF (Prop_ibuf_I_O)         0.226     0.226 r  clk_IBUF_inst/O
                         net (fo=1, routed)           0.631     0.858    clk_IBUF
    BUFGCTRL_X0Y0        BUFG (Prop_bufg_I_O)         0.026     0.884 r  clk_IBUF_BUFG_inst/O
                         net (fo=41, routed)          0.585     1.468    U_Uart/U_Rx/CLK
    SLICE_X62Y22         FDCE                                         r  U_Uart/U_Rx/data_count_reg[0]/C
  -------------------------------------------------------------------    -------------------
    SLICE_X62Y22         FDCE (Prop_fdce_C_Q)         0.141     1.609 r  U_Uart/U_Rx/data_count_reg[0]/Q
                         net (fo=10, routed)          0.177     1.787    U_Uart/U_Rx/data_count[0]
    SLICE_X61Y23         LUT3 (Prop_lut3_I0_O)        0.045     1.832 r  U_Uart/U_Rx/data_count[1]_i_1/O
                         net (fo=1, routed)           0.000     1.832    U_Uart/U_Rx/data_count[1]_i_1_n_0
    SLICE_X61Y23         FDCE                                         r  U_Uart/U_Rx/data_count_reg[1]/D
  -------------------------------------------------------------------    -------------------

                         (clock sys_clk_pin rise edge)
                                                      0.000     0.000 r  
    W5                                                0.000     0.000 r  clk (IN)
                         net (fo=0)                   0.000     0.000    clk
    W5                   IBUF (Prop_ibuf_I_O)         0.414     0.414 r  clk_IBUF_inst/O
                         net (fo=1, routed)           0.685     1.099    clk_IBUF
    BUFGCTRL_X0Y0        BUFG (Prop_bufg_I_O)         0.029     1.128 r  clk_IBUF_BUFG_inst/O
                         net (fo=41, routed)          0.849     1.976    U_Uart/U_Rx/CLK
    SLICE_X61Y23         FDCE                                         r  U_Uart/U_Rx/data_count_reg[1]/C
                         clock pessimism             -0.478     1.498    
    SLICE_X61Y23         FDCE (Hold_fdce_C_D)         0.092     1.590    U_Uart/U_Rx/data_count_reg[1]
  -------------------------------------------------------------------
                         required time                         -1.590    
                         arrival time                           1.832    
  -------------------------------------------------------------------
                         slack                                  0.241    

Slack (MET) :             0.248ns  (arrival time - required time)
  Source:                 U_Uart/U_btn_Debounce/count_reg_reg[9]/C
                            (rising edge-triggered cell FDCE clocked by sys_clk_pin  {rise@0.000ns fall@5.000ns period=10.000ns})
  Destination:            U_Uart/U_btn_Debounce/count_reg_reg[9]/D
                            (rising edge-triggered cell FDCE clocked by sys_clk_pin  {rise@0.000ns fall@5.000ns period=10.000ns})
  Path Group:             sys_clk_pin
  Path Type:              Hold (Min at Fast Process Corner)
  Requirement:            0.000ns  (sys_clk_pin rise@0.000ns - sys_clk_pin rise@0.000ns)
  Data Path Delay:        0.369ns  (logic 0.209ns (56.587%)  route 0.160ns (43.413%))
  Logic Levels:           1  (LUT6=1)
  Clock Path Skew:        0.000ns (DCD - SCD - CPR)
    Destination Clock Delay (DCD):    1.981ns
    Source Clock Delay      (SCD):    1.469ns
    Clock Pessimism Removal (CPR):    0.512ns

    Location             Delay type                Incr(ns)  Path(ns)    Netlist Resource(s)
  -------------------------------------------------------------------    -------------------
                         (clock sys_clk_pin rise edge)
                                                      0.000     0.000 r  
    W5                                                0.000     0.000 r  clk (IN)
                         net (fo=0)                   0.000     0.000    clk
    W5                   IBUF (Prop_ibuf_I_O)         0.226     0.226 r  clk_IBUF_inst/O
                         net (fo=1, routed)           0.631     0.858    clk_IBUF
    BUFGCTRL_X0Y0        BUFG (Prop_bufg_I_O)         0.026     0.884 r  clk_IBUF_BUFG_inst/O
                         net (fo=41, routed)          0.586     1.469    U_Uart/U_btn_Debounce/CLK
    SLICE_X60Y19         FDCE                                         r  U_Uart/U_btn_Debounce/count_reg_reg[9]/C
  -------------------------------------------------------------------    -------------------
    SLICE_X60Y19         FDCE (Prop_fdce_C_Q)         0.164     1.633 r  U_Uart/U_btn_Debounce/count_reg_reg[9]/Q
                         net (fo=11, routed)          0.160     1.793    U_Uart/U_btn_Debounce/count_reg[9]
    SLICE_X60Y19         LUT6 (Prop_lut6_I1_O)        0.045     1.838 r  U_Uart/U_btn_Debounce/count_reg[9]_i_1/O
                         net (fo=1, routed)           0.000     1.838    U_Uart/U_btn_Debounce/count_next[9]
    SLICE_X60Y19         FDCE                                         r  U_Uart/U_btn_Debounce/count_reg_reg[9]/D
  -------------------------------------------------------------------    -------------------

                         (clock sys_clk_pin rise edge)
                                                      0.000     0.000 r  
    W5                                                0.000     0.000 r  clk (IN)
                         net (fo=0)                   0.000     0.000    clk
    W5                   IBUF (Prop_ibuf_I_O)         0.414     0.414 r  clk_IBUF_inst/O
                         net (fo=1, routed)           0.685     1.099    clk_IBUF
    BUFGCTRL_X0Y0        BUFG (Prop_bufg_I_O)         0.029     1.128 r  clk_IBUF_BUFG_inst/O
                         net (fo=41, routed)          0.854     1.981    U_Uart/U_btn_Debounce/CLK
    SLICE_X60Y19         FDCE                                         r  U_Uart/U_btn_Debounce/count_reg_reg[9]/C
                         clock pessimism             -0.512     1.469    
    SLICE_X60Y19         FDCE (Hold_fdce_C_D)         0.121     1.590    U_Uart/U_btn_Debounce/count_reg_reg[9]
  -------------------------------------------------------------------
                         required time                         -1.590    
                         arrival time                           1.838    
  -------------------------------------------------------------------
                         slack                                  0.248    

Slack (MET) :             0.258ns  (arrival time - required time)
  Source:                 U_Uart/U_Tx/data_count_reg[0]/C
                            (rising edge-triggered cell FDCE clocked by sys_clk_pin  {rise@0.000ns fall@5.000ns period=10.000ns})
  Destination:            U_Uart/U_Tx/data_count_reg[3]/D
                            (rising edge-triggered cell FDCE clocked by sys_clk_pin  {rise@0.000ns fall@5.000ns period=10.000ns})
  Path Group:             sys_clk_pin
  Path Type:              Hold (Min at Fast Process Corner)
  Requirement:            0.000ns  (sys_clk_pin rise@0.000ns - sys_clk_pin rise@0.000ns)
  Data Path Delay:        0.365ns  (logic 0.184ns (50.392%)  route 0.181ns (49.608%))
  Logic Levels:           1  (LUT5=1)
  Clock Path Skew:        0.000ns (DCD - SCD - CPR)
    Destination Clock Delay (DCD):    1.980ns
    Source Clock Delay      (SCD):    1.468ns
    Clock Pessimism Removal (CPR):    0.512ns

    Location             Delay type                Incr(ns)  Path(ns)    Netlist Resource(s)
  -------------------------------------------------------------------    -------------------
                         (clock sys_clk_pin rise edge)
                                                      0.000     0.000 r  
    W5                                                0.000     0.000 r  clk (IN)
                         net (fo=0)                   0.000     0.000    clk
    W5                   IBUF (Prop_ibuf_I_O)         0.226     0.226 r  clk_IBUF_inst/O
                         net (fo=1, routed)           0.631     0.858    clk_IBUF
    BUFGCTRL_X0Y0        BUFG (Prop_bufg_I_O)         0.026     0.884 r  clk_IBUF_BUFG_inst/O
                         net (fo=41, routed)          0.585     1.468    U_Uart/U_Tx/CLK
    SLICE_X63Y22         FDCE                                         r  U_Uart/U_Tx/data_count_reg[0]/C
  -------------------------------------------------------------------    -------------------
    SLICE_X63Y22         FDCE (Prop_fdce_C_Q)         0.141     1.609 r  U_Uart/U_Tx/data_count_reg[0]/Q
                         net (fo=9, routed)           0.181     1.790    U_Uart/U_Tx/data_count_reg_n_0_[0]
    SLICE_X63Y22         LUT5 (Prop_lut5_I2_O)        0.043     1.833 r  U_Uart/U_Tx/data_count[3]_i_2/O
                         net (fo=1, routed)           0.000     1.833    U_Uart/U_Tx/data_count[3]_i_2_n_0
    SLICE_X63Y22         FDCE                                         r  U_Uart/U_Tx/data_count_reg[3]/D
  -------------------------------------------------------------------    -------------------

                         (clock sys_clk_pin rise edge)
                                                      0.000     0.000 r  
    W5                                                0.000     0.000 r  clk (IN)
                         net (fo=0)                   0.000     0.000    clk
    W5                   IBUF (Prop_ibuf_I_O)         0.414     0.414 r  clk_IBUF_inst/O
                         net (fo=1, routed)           0.685     1.099    clk_IBUF
    BUFGCTRL_X0Y0        BUFG (Prop_bufg_I_O)         0.029     1.128 r  clk_IBUF_BUFG_inst/O
                         net (fo=41, routed)          0.853     1.980    U_Uart/U_Tx/CLK
    SLICE_X63Y22         FDCE                                         r  U_Uart/U_Tx/data_count_reg[3]/C
                         clock pessimism             -0.512     1.468    
    SLICE_X63Y22         FDCE (Hold_fdce_C_D)         0.107     1.575    U_Uart/U_Tx/data_count_reg[3]
  -------------------------------------------------------------------
                         required time                         -1.575    
                         arrival time                           1.833    
  -------------------------------------------------------------------
                         slack                                  0.258    

Slack (MET) :             0.258ns  (arrival time - required time)
  Source:                 U_Uart/U_Tx/tick_count_reg[0]/C
                            (rising edge-triggered cell FDCE clocked by sys_clk_pin  {rise@0.000ns fall@5.000ns period=10.000ns})
  Destination:            U_Uart/U_Tx/tick_count_reg[0]/D
                            (rising edge-triggered cell FDCE clocked by sys_clk_pin  {rise@0.000ns fall@5.000ns period=10.000ns})
  Path Group:             sys_clk_pin
  Path Type:              Hold (Min at Fast Process Corner)
  Requirement:            0.000ns  (sys_clk_pin rise@0.000ns - sys_clk_pin rise@0.000ns)
  Data Path Delay:        0.350ns  (logic 0.186ns (53.085%)  route 0.164ns (46.915%))
  Logic Levels:           1  (LUT3=1)
  Clock Path Skew:        0.000ns (DCD - SCD - CPR)
    Destination Clock Delay (DCD):    1.975ns
    Source Clock Delay      (SCD):    1.464ns
    Clock Pessimism Removal (CPR):    0.511ns

    Location             Delay type                Incr(ns)  Path(ns)    Netlist Resource(s)
  -------------------------------------------------------------------    -------------------
                         (clock sys_clk_pin rise edge)
                                                      0.000     0.000 r  
    W5                                                0.000     0.000 r  clk (IN)
                         net (fo=0)                   0.000     0.000    clk
    W5                   IBUF (Prop_ibuf_I_O)         0.226     0.226 r  clk_IBUF_inst/O
                         net (fo=1, routed)           0.631     0.858    clk_IBUF
    BUFGCTRL_X0Y0        BUFG (Prop_bufg_I_O)         0.026     0.884 r  clk_IBUF_BUFG_inst/O
                         net (fo=41, routed)          0.581     1.464    U_Uart/U_Tx/CLK
    SLICE_X58Y24         FDCE                                         r  U_Uart/U_Tx/tick_count_reg[0]/C
  -------------------------------------------------------------------    -------------------
    SLICE_X58Y24         FDCE (Prop_fdce_C_Q)         0.141     1.605 f  U_Uart/U_Tx/tick_count_reg[0]/Q
                         net (fo=6, routed)           0.164     1.770    U_Uart/U_Tx/tick_count_reg_n_0_[0]
    SLICE_X58Y24         LUT3 (Prop_lut3_I0_O)        0.045     1.815 r  U_Uart/U_Tx/tick_count[0]_i_1/O
                         net (fo=1, routed)           0.000     1.815    U_Uart/U_Tx/tick_count[0]_i_1_n_0
    SLICE_X58Y24         FDCE                                         r  U_Uart/U_Tx/tick_count_reg[0]/D
  -------------------------------------------------------------------    -------------------

                         (clock sys_clk_pin rise edge)
                                                      0.000     0.000 r  
    W5                                                0.000     0.000 r  clk (IN)
                         net (fo=0)                   0.000     0.000    clk
    W5                   IBUF (Prop_ibuf_I_O)         0.414     0.414 r  clk_IBUF_inst/O
                         net (fo=1, routed)           0.685     1.099    clk_IBUF
    BUFGCTRL_X0Y0        BUFG (Prop_bufg_I_O)         0.029     1.128 r  clk_IBUF_BUFG_inst/O
                         net (fo=41, routed)          0.848     1.975    U_Uart/U_Tx/CLK
    SLICE_X58Y24         FDCE                                         r  U_Uart/U_Tx/tick_count_reg[0]/C
                         clock pessimism             -0.511     1.464    
    SLICE_X58Y24         FDCE (Hold_fdce_C_D)         0.092     1.556    U_Uart/U_Tx/tick_count_reg[0]
  -------------------------------------------------------------------
                         required time                         -1.556    
                         arrival time                           1.815    
  -------------------------------------------------------------------
                         slack                                  0.258    

Slack (MET) :             0.259ns  (arrival time - required time)
  Source:                 U_Uart/U_Rx/r_rx_done_reg/C
                            (rising edge-triggered cell FDCE clocked by sys_clk_pin  {rise@0.000ns fall@5.000ns period=10.000ns})
  Destination:            U_Uart/U_Tx/FSM_sequential_state_reg[0]/D
                            (rising edge-triggered cell FDCE clocked by sys_clk_pin  {rise@0.000ns fall@5.000ns period=10.000ns})
  Path Group:             sys_clk_pin
  Path Type:              Hold (Min at Fast Process Corner)
  Requirement:            0.000ns  (sys_clk_pin rise@0.000ns - sys_clk_pin rise@0.000ns)
  Data Path Delay:        0.388ns  (logic 0.186ns (47.995%)  route 0.202ns (52.005%))
  Logic Levels:           1  (LUT6=1)
  Clock Path Skew:        0.037ns (DCD - SCD - CPR)
    Destination Clock Delay (DCD):    1.980ns
    Source Clock Delay      (SCD):    1.465ns
    Clock Pessimism Removal (CPR):    0.478ns

    Location             Delay type                Incr(ns)  Path(ns)    Netlist Resource(s)
  -------------------------------------------------------------------    -------------------
                         (clock sys_clk_pin rise edge)
                                                      0.000     0.000 r  
    W5                                                0.000     0.000 r  clk (IN)
                         net (fo=0)                   0.000     0.000    clk
    W5                   IBUF (Prop_ibuf_I_O)         0.226     0.226 r  clk_IBUF_inst/O
                         net (fo=1, routed)           0.631     0.858    clk_IBUF
    BUFGCTRL_X0Y0        BUFG (Prop_bufg_I_O)         0.026     0.884 r  clk_IBUF_BUFG_inst/O
                         net (fo=41, routed)          0.582     1.465    U_Uart/U_Rx/CLK
    SLICE_X61Y23         FDCE                                         r  U_Uart/U_Rx/r_rx_done_reg/C
  -------------------------------------------------------------------    -------------------
    SLICE_X61Y23         FDCE (Prop_fdce_C_Q)         0.141     1.606 r  U_Uart/U_Rx/r_rx_done_reg/Q
                         net (fo=1, routed)           0.202     1.808    U_Uart/U_Tx/w_rx_done
    SLICE_X62Y22         LUT6 (Prop_lut6_I3_O)        0.045     1.853 r  U_Uart/U_Tx/FSM_sequential_state[0]_i_1__0/O
                         net (fo=1, routed)           0.000     1.853    U_Uart/U_Tx/FSM_sequential_state[0]_i_1__0_n_0
    SLICE_X62Y22         FDCE                                         r  U_Uart/U_Tx/FSM_sequential_state_reg[0]/D
  -------------------------------------------------------------------    -------------------

                         (clock sys_clk_pin rise edge)
                                                      0.000     0.000 r  
    W5                                                0.000     0.000 r  clk (IN)
                         net (fo=0)                   0.000     0.000    clk
    W5                   IBUF (Prop_ibuf_I_O)         0.414     0.414 r  clk_IBUF_inst/O
                         net (fo=1, routed)           0.685     1.099    clk_IBUF
    BUFGCTRL_X0Y0        BUFG (Prop_bufg_I_O)         0.029     1.128 r  clk_IBUF_BUFG_inst/O
                         net (fo=41, routed)          0.853     1.980    U_Uart/U_Tx/CLK
    SLICE_X62Y22         FDCE                                         r  U_Uart/U_Tx/FSM_sequential_state_reg[0]/C
                         clock pessimism             -0.478     1.502    
    SLICE_X62Y22         FDCE (Hold_fdce_C_D)         0.092     1.594    U_Uart/U_Tx/FSM_sequential_state_reg[0]
  -------------------------------------------------------------------
                         required time                         -1.594    
                         arrival time                           1.853    
  -------------------------------------------------------------------
                         slack                                  0.259    

Slack (MET) :             0.261ns  (arrival time - required time)
  Source:                 U_Uart/U_Tx/FSM_sequential_state_reg[0]/C
                            (rising edge-triggered cell FDCE clocked by sys_clk_pin  {rise@0.000ns fall@5.000ns period=10.000ns})
  Destination:            U_Uart/U_Tx/data_count_reg[1]/D
                            (rising edge-triggered cell FDCE clocked by sys_clk_pin  {rise@0.000ns fall@5.000ns period=10.000ns})
  Path Group:             sys_clk_pin
  Path Type:              Hold (Min at Fast Process Corner)
  Requirement:            0.000ns  (sys_clk_pin rise@0.000ns - sys_clk_pin rise@0.000ns)
  Data Path Delay:        0.381ns  (logic 0.189ns (49.651%)  route 0.192ns (50.349%))
  Logic Levels:           1  (LUT3=1)
  Clock Path Skew:        0.013ns (DCD - SCD - CPR)
    Destination Clock Delay (DCD):    1.980ns
    Source Clock Delay      (SCD):    1.468ns
    Clock Pessimism Removal (CPR):    0.499ns

    Location             Delay type                Incr(ns)  Path(ns)    Netlist Resource(s)
  -------------------------------------------------------------------    -------------------
                         (clock sys_clk_pin rise edge)
                                                      0.000     0.000 r  
    W5                                                0.000     0.000 r  clk (IN)
                         net (fo=0)                   0.000     0.000    clk
    W5                   IBUF (Prop_ibuf_I_O)         0.226     0.226 r  clk_IBUF_inst/O
                         net (fo=1, routed)           0.631     0.858    clk_IBUF
    BUFGCTRL_X0Y0        BUFG (Prop_bufg_I_O)         0.026     0.884 r  clk_IBUF_BUFG_inst/O
                         net (fo=41, routed)          0.585     1.468    U_Uart/U_Tx/CLK
    SLICE_X62Y22         FDCE                                         r  U_Uart/U_Tx/FSM_sequential_state_reg[0]/C
  -------------------------------------------------------------------    -------------------
    SLICE_X62Y22         FDCE (Prop_fdce_C_Q)         0.141     1.609 f  U_Uart/U_Tx/FSM_sequential_state_reg[0]/Q
                         net (fo=14, routed)          0.192     1.801    U_Uart/U_Tx/state[0]
    SLICE_X63Y22         LUT3 (Prop_lut3_I2_O)        0.048     1.849 r  U_Uart/U_Tx/data_count[1]_i_1/O
                         net (fo=1, routed)           0.000     1.849    U_Uart/U_Tx/data_count[1]_i_1_n_0
    SLICE_X63Y22         FDCE                                         r  U_Uart/U_Tx/data_count_reg[1]/D
  -------------------------------------------------------------------    -------------------

                         (clock sys_clk_pin rise edge)
                                                      0.000     0.000 r  
    W5                                                0.000     0.000 r  clk (IN)
                         net (fo=0)                   0.000     0.000    clk
    W5                   IBUF (Prop_ibuf_I_O)         0.414     0.414 r  clk_IBUF_inst/O
                         net (fo=1, routed)           0.685     1.099    clk_IBUF
    BUFGCTRL_X0Y0        BUFG (Prop_bufg_I_O)         0.029     1.128 r  clk_IBUF_BUFG_inst/O
                         net (fo=41, routed)          0.853     1.980    U_Uart/U_Tx/CLK
    SLICE_X63Y22         FDCE                                         r  U_Uart/U_Tx/data_count_reg[1]/C
                         clock pessimism             -0.499     1.481    
    SLICE_X63Y22         FDCE (Hold_fdce_C_D)         0.107     1.588    U_Uart/U_Tx/data_count_reg[1]
  -------------------------------------------------------------------
                         required time                         -1.588    
                         arrival time                           1.849    
  -------------------------------------------------------------------
                         slack                                  0.261    

Slack (MET) :             0.263ns  (arrival time - required time)
  Source:                 U_Uart/U_btn_Debounce/count_reg_reg[5]/C
                            (rising edge-triggered cell FDCE clocked by sys_clk_pin  {rise@0.000ns fall@5.000ns period=10.000ns})
  Destination:            U_Uart/U_btn_Debounce/count_reg_reg[5]/D
                            (rising edge-triggered cell FDCE clocked by sys_clk_pin  {rise@0.000ns fall@5.000ns period=10.000ns})
  Path Group:             sys_clk_pin
  Path Type:              Hold (Min at Fast Process Corner)
  Requirement:            0.000ns  (sys_clk_pin rise@0.000ns - sys_clk_pin rise@0.000ns)
  Data Path Delay:        0.354ns  (logic 0.186ns (52.507%)  route 0.168ns (47.493%))
  Logic Levels:           1  (LUT4=1)
  Clock Path Skew:        0.000ns (DCD - SCD - CPR)
    Destination Clock Delay (DCD):    1.982ns
    Source Clock Delay      (SCD):    1.470ns
    Clock Pessimism Removal (CPR):    0.512ns

    Location             Delay type                Incr(ns)  Path(ns)    Netlist Resource(s)
  -------------------------------------------------------------------    -------------------
                         (clock sys_clk_pin rise edge)
                                                      0.000     0.000 r  
    W5                                                0.000     0.000 r  clk (IN)
                         net (fo=0)                   0.000     0.000    clk
    W5                   IBUF (Prop_ibuf_I_O)         0.226     0.226 r  clk_IBUF_inst/O
                         net (fo=1, routed)           0.631     0.858    clk_IBUF
    BUFGCTRL_X0Y0        BUFG (Prop_bufg_I_O)         0.026     0.884 r  clk_IBUF_BUFG_inst/O
                         net (fo=41, routed)          0.587     1.470    U_Uart/U_btn_Debounce/CLK
    SLICE_X59Y18         FDCE                                         r  U_Uart/U_btn_Debounce/count_reg_reg[5]/C
  -------------------------------------------------------------------    -------------------
    SLICE_X59Y18         FDCE (Prop_fdce_C_Q)         0.141     1.611 r  U_Uart/U_btn_Debounce/count_reg_reg[5]/Q
                         net (fo=5, routed)           0.168     1.779    U_Uart/U_btn_Debounce/count_reg[5]
    SLICE_X59Y18         LUT4 (Prop_lut4_I2_O)        0.045     1.824 r  U_Uart/U_btn_Debounce/count_reg[5]_i_1/O
                         net (fo=1, routed)           0.000     1.824    U_Uart/U_btn_Debounce/count_next[5]
    SLICE_X59Y18         FDCE                                         r  U_Uart/U_btn_Debounce/count_reg_reg[5]/D
  -------------------------------------------------------------------    -------------------

                         (clock sys_clk_pin rise edge)
                                                      0.000     0.000 r  
    W5                                                0.000     0.000 r  clk (IN)
                         net (fo=0)                   0.000     0.000    clk
    W5                   IBUF (Prop_ibuf_I_O)         0.414     0.414 r  clk_IBUF_inst/O
                         net (fo=1, routed)           0.685     1.099    clk_IBUF
    BUFGCTRL_X0Y0        BUFG (Prop_bufg_I_O)         0.029     1.128 r  clk_IBUF_BUFG_inst/O
                         net (fo=41, routed)          0.855     1.982    U_Uart/U_btn_Debounce/CLK
    SLICE_X59Y18         FDCE                                         r  U_Uart/U_btn_Debounce/count_reg_reg[5]/C
                         clock pessimism             -0.512     1.470    
    SLICE_X59Y18         FDCE (Hold_fdce_C_D)         0.091     1.561    U_Uart/U_btn_Debounce/count_reg_reg[5]
  -------------------------------------------------------------------
                         required time                         -1.561    
                         arrival time                           1.824    
  -------------------------------------------------------------------
                         slack                                  0.263    

Slack (MET) :             0.273ns  (arrival time - required time)
  Source:                 U_Uart/U_btn_Debounce/count_reg_reg[9]/C
                            (rising edge-triggered cell FDCE clocked by sys_clk_pin  {rise@0.000ns fall@5.000ns period=10.000ns})
  Destination:            U_Uart/U_btn_Debounce/count_reg_reg[8]/D
                            (rising edge-triggered cell FDCE clocked by sys_clk_pin  {rise@0.000ns fall@5.000ns period=10.000ns})
  Path Group:             sys_clk_pin
  Path Type:              Hold (Min at Fast Process Corner)
  Requirement:            0.000ns  (sys_clk_pin rise@0.000ns - sys_clk_pin rise@0.000ns)
  Data Path Delay:        0.394ns  (logic 0.209ns (53.000%)  route 0.185ns (47.000%))
  Logic Levels:           1  (LUT6=1)
  Clock Path Skew:        0.000ns (DCD - SCD - CPR)
    Destination Clock Delay (DCD):    1.981ns
    Source Clock Delay      (SCD):    1.469ns
    Clock Pessimism Removal (CPR):    0.512ns

    Location             Delay type                Incr(ns)  Path(ns)    Netlist Resource(s)
  -------------------------------------------------------------------    -------------------
                         (clock sys_clk_pin rise edge)
                                                      0.000     0.000 r  
    W5                                                0.000     0.000 r  clk (IN)
                         net (fo=0)                   0.000     0.000    clk
    W5                   IBUF (Prop_ibuf_I_O)         0.226     0.226 r  clk_IBUF_inst/O
                         net (fo=1, routed)           0.631     0.858    clk_IBUF
    BUFGCTRL_X0Y0        BUFG (Prop_bufg_I_O)         0.026     0.884 r  clk_IBUF_BUFG_inst/O
                         net (fo=41, routed)          0.586     1.469    U_Uart/U_btn_Debounce/CLK
    SLICE_X60Y19         FDCE                                         r  U_Uart/U_btn_Debounce/count_reg_reg[9]/C
  -------------------------------------------------------------------    -------------------
    SLICE_X60Y19         FDCE (Prop_fdce_C_Q)         0.164     1.633 f  U_Uart/U_btn_Debounce/count_reg_reg[9]/Q
                         net (fo=11, routed)          0.185     1.818    U_Uart/U_btn_Debounce/count_reg[9]
    SLICE_X60Y19         LUT6 (Prop_lut6_I1_O)        0.045     1.863 r  U_Uart/U_btn_Debounce/count_reg[8]_i_1/O
                         net (fo=1, routed)           0.000     1.863    U_Uart/U_btn_Debounce/count_next[8]
    SLICE_X60Y19         FDCE                                         r  U_Uart/U_btn_Debounce/count_reg_reg[8]/D
  -------------------------------------------------------------------    -------------------

                         (clock sys_clk_pin rise edge)
                                                      0.000     0.000 r  
    W5                                                0.000     0.000 r  clk (IN)
                         net (fo=0)                   0.000     0.000    clk
    W5                   IBUF (Prop_ibuf_I_O)         0.414     0.414 r  clk_IBUF_inst/O
                         net (fo=1, routed)           0.685     1.099    clk_IBUF
    BUFGCTRL_X0Y0        BUFG (Prop_bufg_I_O)         0.029     1.128 r  clk_IBUF_BUFG_inst/O
                         net (fo=41, routed)          0.854     1.981    U_Uart/U_btn_Debounce/CLK
    SLICE_X60Y19         FDCE                                         r  U_Uart/U_btn_Debounce/count_reg_reg[8]/C
                         clock pessimism             -0.512     1.469    
    SLICE_X60Y19         FDCE (Hold_fdce_C_D)         0.121     1.590    U_Uart/U_btn_Debounce/count_reg_reg[8]
  -------------------------------------------------------------------
                         required time                         -1.590    
                         arrival time                           1.863    
  -------------------------------------------------------------------
                         slack                                  0.273    

Slack (MET) :             0.274ns  (arrival time - required time)
  Source:                 U_Uart/U_Tx/FSM_sequential_state_reg[0]/C
                            (rising edge-triggered cell FDCE clocked by sys_clk_pin  {rise@0.000ns fall@5.000ns period=10.000ns})
  Destination:            U_Uart/U_Tx/data_count_reg[0]/D
                            (rising edge-triggered cell FDCE clocked by sys_clk_pin  {rise@0.000ns fall@5.000ns period=10.000ns})
  Path Group:             sys_clk_pin
  Path Type:              Hold (Min at Fast Process Corner)
  Requirement:            0.000ns  (sys_clk_pin rise@0.000ns - sys_clk_pin rise@0.000ns)
  Data Path Delay:        0.378ns  (logic 0.186ns (49.251%)  route 0.192ns (50.749%))
  Logic Levels:           1  (LUT2=1)
  Clock Path Skew:        0.013ns (DCD - SCD - CPR)
    Destination Clock Delay (DCD):    1.980ns
    Source Clock Delay      (SCD):    1.468ns
    Clock Pessimism Removal (CPR):    0.499ns

    Location             Delay type                Incr(ns)  Path(ns)    Netlist Resource(s)
  -------------------------------------------------------------------    -------------------
                         (clock sys_clk_pin rise edge)
                                                      0.000     0.000 r  
    W5                                                0.000     0.000 r  clk (IN)
                         net (fo=0)                   0.000     0.000    clk
    W5                   IBUF (Prop_ibuf_I_O)         0.226     0.226 r  clk_IBUF_inst/O
                         net (fo=1, routed)           0.631     0.858    clk_IBUF
    BUFGCTRL_X0Y0        BUFG (Prop_bufg_I_O)         0.026     0.884 r  clk_IBUF_BUFG_inst/O
                         net (fo=41, routed)          0.585     1.468    U_Uart/U_Tx/CLK
    SLICE_X62Y22         FDCE                                         r  U_Uart/U_Tx/FSM_sequential_state_reg[0]/C
  -------------------------------------------------------------------    -------------------
    SLICE_X62Y22         FDCE (Prop_fdce_C_Q)         0.141     1.609 f  U_Uart/U_Tx/FSM_sequential_state_reg[0]/Q
                         net (fo=14, routed)          0.192     1.801    U_Uart/U_Tx/state[0]
    SLICE_X63Y22         LUT2 (Prop_lut2_I0_O)        0.045     1.846 r  U_Uart/U_Tx/data_count[0]_i_1/O
                         net (fo=1, routed)           0.000     1.846    U_Uart/U_Tx/data_count[0]_i_1_n_0
    SLICE_X63Y22         FDCE                                         r  U_Uart/U_Tx/data_count_reg[0]/D
  -------------------------------------------------------------------    -------------------

                         (clock sys_clk_pin rise edge)
                                                      0.000     0.000 r  
    W5                                                0.000     0.000 r  clk (IN)
                         net (fo=0)                   0.000     0.000    clk
    W5                   IBUF (Prop_ibuf_I_O)         0.414     0.414 r  clk_IBUF_inst/O
                         net (fo=1, routed)           0.685     1.099    clk_IBUF
    BUFGCTRL_X0Y0        BUFG (Prop_bufg_I_O)         0.029     1.128 r  clk_IBUF_BUFG_inst/O
                         net (fo=41, routed)          0.853     1.980    U_Uart/U_Tx/CLK
    SLICE_X63Y22         FDCE                                         r  U_Uart/U_Tx/data_count_reg[0]/C
                         clock pessimism             -0.499     1.481    
    SLICE_X63Y22         FDCE (Hold_fdce_C_D)         0.091     1.572    U_Uart/U_Tx/data_count_reg[0]
  -------------------------------------------------------------------
                         required time                         -1.572    
                         arrival time                           1.846    
  -------------------------------------------------------------------
                         slack                                  0.274    





Pulse Width Checks
--------------------------------------------------------------------------------------
Clock Name:         sys_clk_pin
Waveform(ns):       { 0.000 5.000 }
Period(ns):         10.000
Sources:            { clk }

Check Type        Corner  Lib Pin  Reference Pin  Required(ns)  Actual(ns)  Slack(ns)  Location       Pin
Min Period        n/a     BUFG/I   n/a            2.155         10.000      7.845      BUFGCTRL_X0Y0  clk_IBUF_BUFG_inst/I
Min Period        n/a     FDCE/C   n/a            1.000         10.000      9.000      SLICE_X61Y23   U_Uart/U_Rx/FSM_sequential_state_reg[0]/C
Min Period        n/a     FDCE/C   n/a            1.000         10.000      9.000      SLICE_X62Y22   U_Uart/U_Rx/FSM_sequential_state_reg[1]/C
Min Period        n/a     FDCE/C   n/a            1.000         10.000      9.000      SLICE_X62Y22   U_Uart/U_Rx/data_count_reg[0]/C
Min Period        n/a     FDCE/C   n/a            1.000         10.000      9.000      SLICE_X61Y23   U_Uart/U_Rx/data_count_reg[1]/C
Min Period        n/a     FDCE/C   n/a            1.000         10.000      9.000      SLICE_X61Y23   U_Uart/U_Rx/data_count_reg[2]/C
Min Period        n/a     FDCE/C   n/a            1.000         10.000      9.000      SLICE_X63Y23   U_Uart/U_Rx/data_reg[0]/C
Min Period        n/a     FDCE/C   n/a            1.000         10.000      9.000      SLICE_X62Y24   U_Uart/U_Rx/data_reg[1]/C
Min Period        n/a     FDCE/C   n/a            1.000         10.000      9.000      SLICE_X65Y23   U_Uart/U_Rx/data_reg[2]/C
Min Period        n/a     FDCE/C   n/a            1.000         10.000      9.000      SLICE_X64Y22   U_Uart/U_Rx/data_reg[3]/C
Low Pulse Width   Slow    FDCE/C   n/a            0.500         5.000       4.500      SLICE_X61Y23   U_Uart/U_Rx/FSM_sequential_state_reg[0]/C
Low Pulse Width   Fast    FDCE/C   n/a            0.500         5.000       4.500      SLICE_X61Y23   U_Uart/U_Rx/FSM_sequential_state_reg[0]/C
Low Pulse Width   Slow    FDCE/C   n/a            0.500         5.000       4.500      SLICE_X62Y22   U_Uart/U_Rx/FSM_sequential_state_reg[1]/C
Low Pulse Width   Fast    FDCE/C   n/a            0.500         5.000       4.500      SLICE_X62Y22   U_Uart/U_Rx/FSM_sequential_state_reg[1]/C
Low Pulse Width   Slow    FDCE/C   n/a            0.500         5.000       4.500      SLICE_X62Y22   U_Uart/U_Rx/data_count_reg[0]/C
Low Pulse Width   Fast    FDCE/C   n/a            0.500         5.000       4.500      SLICE_X62Y22   U_Uart/U_Rx/data_count_reg[0]/C
Low Pulse Width   Slow    FDCE/C   n/a            0.500         5.000       4.500      SLICE_X61Y23   U_Uart/U_Rx/data_count_reg[1]/C
Low Pulse Width   Fast    FDCE/C   n/a            0.500         5.000       4.500      SLICE_X61Y23   U_Uart/U_Rx/data_count_reg[1]/C
Low Pulse Width   Slow    FDCE/C   n/a            0.500         5.000       4.500      SLICE_X61Y23   U_Uart/U_Rx/data_count_reg[2]/C
Low Pulse Width   Fast    FDCE/C   n/a            0.500         5.000       4.500      SLICE_X61Y23   U_Uart/U_Rx/data_count_reg[2]/C
High Pulse Width  Slow    FDCE/C   n/a            0.500         5.000       4.500      SLICE_X61Y23   U_Uart/U_Rx/FSM_sequential_state_reg[0]/C
High Pulse Width  Fast    FDCE/C   n/a            0.500         5.000       4.500      SLICE_X61Y23   U_Uart/U_Rx/FSM_sequential_state_reg[0]/C
High Pulse Width  Slow    FDCE/C   n/a            0.500         5.000       4.500      SLICE_X62Y22   U_Uart/U_Rx/FSM_sequential_state_reg[1]/C
High Pulse Width  Fast    FDCE/C   n/a            0.500         5.000       4.500      SLICE_X62Y22   U_Uart/U_Rx/FSM_sequential_state_reg[1]/C
High Pulse Width  Slow    FDCE/C   n/a            0.500         5.000       4.500      SLICE_X62Y22   U_Uart/U_Rx/data_count_reg[0]/C
High Pulse Width  Fast    FDCE/C   n/a            0.500         5.000       4.500      SLICE_X62Y22   U_Uart/U_Rx/data_count_reg[0]/C
High Pulse Width  Slow    FDCE/C   n/a            0.500         5.000       4.500      SLICE_X61Y23   U_Uart/U_Rx/data_count_reg[1]/C
High Pulse Width  Fast    FDCE/C   n/a            0.500         5.000       4.500      SLICE_X61Y23   U_Uart/U_Rx/data_count_reg[1]/C
High Pulse Width  Slow    FDCE/C   n/a            0.500         5.000       4.500      SLICE_X61Y23   U_Uart/U_Rx/data_count_reg[2]/C
High Pulse Width  Fast    FDCE/C   n/a            0.500         5.000       4.500      SLICE_X61Y23   U_Uart/U_Rx/data_count_reg[2]/C



