Copyright 1986-2020 Xilinx, Inc. All Rights Reserved.
------------------------------------------------------------------------------------
| Tool Version : Vivado v.2020.2 (win64) Build 3064766 Wed Nov 18 09:12:45 MST 2020
| Date         : Thu Apr  3 20:56:46 2025
| Host         : DESKTOP-7CFQ9ND running 64-bit major release  (build 9200)
| Command      : report_control_sets -verbose -file top_control_sets_placed.rpt
| Design       : top
| Device       : xc7a35t
------------------------------------------------------------------------------------

Control Set Information

Table of Contents
-----------------
1. Summary
2. Histogram
3. Flip-Flop Distribution
4. Detailed Control Set Information

1. Summary
----------

+----------------------------------------------------------+-------+
|                          Status                          | Count |
+----------------------------------------------------------+-------+
| Total control sets                                       |    16 |
|    Minimum number of control sets                        |    16 |
|    Addition due to synthesis replication                 |     0 |
|    Addition due to physical synthesis replication        |     0 |
| Unused register locations in slices containing registers |    44 |
+----------------------------------------------------------+-------+
* Control sets can be merged at opt_design using control_set_merge or merge_equivalent_drivers
** Run report_qor_suggestions for automated merging and remapping suggestions


2. Histogram
------------

+--------------------+-------+
|       Fanout       | Count |
+--------------------+-------+
| Total control sets |    16 |
| >= 0 to < 4        |     0 |
| >= 4 to < 6        |     2 |
| >= 6 to < 8        |     0 |
| >= 8 to < 10       |     5 |
| >= 10 to < 12      |     2 |
| >= 12 to < 14      |     0 |
| >= 14 to < 16      |     4 |
| >= 16              |     3 |
+--------------------+-------+
* Control sets can be remapped at either synth_design or opt_design


3. Flip-Flop Distribution
-------------------------

+--------------+-----------------------+------------------------+-----------------+--------------+
| Clock Enable | Synchronous Set/Reset | Asynchronous Set/Reset | Total Registers | Total Slices |
+--------------+-----------------------+------------------------+-----------------+--------------+
| No           | No                    | No                     |               0 |            0 |
| No           | No                    | Yes                    |             149 |           47 |
| No           | Yes                   | No                     |               0 |            0 |
| Yes          | No                    | No                     |               0 |            0 |
| Yes          | No                    | Yes                    |             143 |           37 |
| Yes          | Yes                   | No                     |               0 |            0 |
+--------------+-----------------------+------------------------+-----------------+--------------+


4. Detailed Control Set Information
-----------------------------------

+------------------------------------------+-------------------------------------------------------+------------------+------------------+----------------+--------------+
|               Clock Signal               |                     Enable Signal                     | Set/Reset Signal | Slice Load Count | Bel Load Count | Bels / Slice |
+------------------------------------------+-------------------------------------------------------+------------------+------------------+----------------+--------------+
|  clk_IBUF_BUFG                           | u_uart/U_Receiver/tick_count[3]_i_1__0_n_0            | reset_IBUF       |                1 |              4 |         4.00 |
|  clk_IBUF_BUFG                           | u_uart/U_Transmitter/tick_count_next                  | reset_IBUF       |                1 |              4 |         4.00 |
|  clk_IBUF_BUFG                           | u_uart/U_Transmitter/temp_data_next_0                 | reset_IBUF       |                2 |              8 |         4.00 |
|  u_btn_CU/u_btnD_debounce/r_1khz_reg_n_0 |                                                       | reset_IBUF       |                2 |              8 |         4.00 |
|  u_btn_CU/u_btnL_debounce/r_1khz_reg_n_0 |                                                       | reset_IBUF       |                3 |              8 |         2.67 |
|  u_btn_CU/u_btnR_debounce/r_1khz_reg_n_0 |                                                       | reset_IBUF       |                3 |              8 |         2.67 |
|  u_btn_CU/u_btnU_debounce/r_1khz         |                                                       | reset_IBUF       |                2 |              8 |         4.00 |
|  clk_IBUF_BUFG                           | u_uart/U_Baudrate_Gen/count_0                         | reset_IBUF       |                4 |             10 |         2.50 |
|  clk_IBUF_BUFG                           | u_uart/U_Receiver/bit_count[2]_i_1_n_0                | reset_IBUF       |                4 |             11 |         2.75 |
|  clk_IBUF_BUFG                           | u_control_unit/FSM_onehot_stopwatch_state_reg[2]_2[0] | reset_IBUF       |                3 |             14 |         4.67 |
|  clk_IBUF_BUFG                           | u_control_unit/FSM_onehot_stopwatch_state_reg[2]_1[0] | reset_IBUF       |                3 |             14 |         4.67 |
|  clk_IBUF_BUFG                           | u_control_unit/FSM_onehot_stopwatch_state_reg[2]_3[0] | reset_IBUF       |                2 |             14 |         7.00 |
|  clk_IBUF_BUFG                           | u_control_unit/FSM_onehot_counter_state_reg[2]_0[0]   | reset_IBUF       |                5 |             14 |         2.80 |
|  clk_IBUF_BUFG                           | u_control_unit/E[0]                                   | reset_IBUF       |                6 |             25 |         4.17 |
|  clk_IBUF_BUFG                           | u_control_unit/FSM_onehot_stopwatch_state_reg[1]_0[0] | reset_IBUF       |                6 |             25 |         4.17 |
|  clk_IBUF_BUFG                           |                                                       | reset_IBUF       |               37 |            117 |         3.16 |
+------------------------------------------+-------------------------------------------------------+------------------+------------------+----------------+--------------+


