#-----------------------------------------------------------
# Vivado v2020.2 (64-bit)
# SW Build 3064766 on Wed Nov 18 09:12:45 MST 2020
# IP Build 3064653 on Wed Nov 18 14:17:31 MST 2020
# Start of session at: Thu Jun  5 14:35:52 2025
# Process ID: 37336
# Current directory: C:/harman/FPGA_Harman-1/rand21354125
# Command line: vivado.exe -gui_launcher_event rodinguilauncherevent42180 C:\harman\FPGA_Harman-1\rand21354125\rand21354125.xpr
# Log file: C:/harman/FPGA_Harman-1/rand21354125/vivado.log
# Journal file: C:/harman/FPGA_Harman-1/rand21354125\vivado.jou
#-----------------------------------------------------------
start_gui
open_project C:/harman/FPGA_Harman-1/rand21354125/rand21354125.xpr
update_compile_order -fileset sources_1
# Disabling source management mode.  This is to allow the top design properties to be set without GUI intervention.
set_property source_mgmt_mode None [current_project]
set_property top top_PRNG [current_fileset]
# Re-enabling previously disabled source management mode.
set_property source_mgmt_mode All [current_project]
update_compile_order -fileset sources_1
synth_design -rtl -rtl_skip_mlo -name rtl_1
